Component: ARM Compiler 5.05 update 1 (build 106) Tool: armlink [4d0efa]

==============================================================================

Section Cross References

    rtx_conf_cm.o(i.os_tmr_call) refers to main.o(.data) for timer200msflag
    rtx_conf_cm.o(.data) refers to rtx_conf_cm.o(.bss) for mp_tmr
    main.o(i._Z10DEBUG_DATAv) refers to bsp_usart.o(i.u1_printf) for u1_printf
    main.o(i._Z10DEBUG_DATAv) refers to main.o(.data) for cvstruct
    main.o(i._Z10DEBUG_DATAv) refers to rt_time.o(i.rt_dly_wait) for rt_dly_wait
    main.o(i._Z12AppObjCreatev) refers to bsp_dr16.o(i.DR16_mailbox_init) for DR16_mailbox_init
    main.o(i._Z12AppObjCreatev) refers to bsp_can.o(i.CAN_mailbox_init) for CAN_mailbox_init
    main.o(i._Z12AppObjCreatev) refers to rt_time.o(i.rt_dly_wait) for rt_dly_wait
    main.o(i._Z12DR16_SxValuev) refers to pwm.o(i.ESC_STOP) for ESC_STOP
    main.o(i._Z12DR16_SxValuev) refers to pwm.o(i.ESC_Toggle) for ESC_Toggle
    main.o(i._Z12DR16_SxValuev) refers to pwm.o(i.Get_ESC_Flag) for Get_ESC_Flag
    main.o(i._Z12DR16_SxValuev) refers to os_can1.o(i.Get_cv_flag) for Get_cv_flag
    main.o(i._Z12DR16_SxValuev) refers to os_can1.o(i.Set_cv_flag) for Set_cv_flag
    main.o(i._Z12DR16_SxValuev) refers to rt_event.o(i.rt_evt_wait) for rt_evt_wait
    main.o(i._Z12DR16_SxValuev) refers to rt_event.o(i.rt_evt_get) for rt_evt_get
    main.o(i._Z12DR16_SxValuev) refers to main.o(.data) for shootonce
    main.o(i._Z12DR16_SxValuev) refers to main.o(.bss) for PitchPID
    main.o(i._Z13AppTaskCreatev) refers to main.o(.bss) for DisconnectCheckStk
    main.o(i._Z13AppTaskCreatev) refers to main.o(i._Z15DisconnectCheckv) for DisconnectCheck()
    main.o(i._Z13AppTaskCreatev) refers to rt_task.o(i.rt_tsk_create) for rt_tsk_create
    main.o(i._Z13AppTaskCreatev) refers to main.o(.data) for HandleDisconnectCheck
    main.o(i._Z13AppTaskCreatev) refers to main.o(i._Z8EXTITaskv) for EXTITask()
    main.o(i._Z13AppTaskCreatev) refers to main.o(i._Z10DEBUG_DATAv) for DEBUG_DATA()
    main.o(i._Z13AppTaskCreatev) refers to main.o(i._Z13DR16_DATA_Recv) for DR16_DATA_Rec()
    main.o(i._Z13AppTaskCreatev) refers to main.o(i._Z14CAN2_DATA0_Recv) for CAN2_DATA0_Rec()
    main.o(i._Z13AppTaskCreatev) refers to main.o(i._Z14CAN2_DATA1_Recv) for CAN2_DATA1_Rec()
    main.o(i._Z13AppTaskCreatev) refers to main.o(i._Z14CAN1_DATA0_Recv) for CAN1_DATA0_Rec()
    main.o(i._Z13AppTaskCreatev) refers to main.o(i._Z15PitchYaw_Aguestv) for PitchYaw_Aguest()
    main.o(i._Z13AppTaskCreatev) refers to main.o(i._Z15CarFrame_Aguestv) for CarFrame_Aguest()
    main.o(i._Z13AppTaskCreatev) refers to main.o(i._Z13PCData_Aguestv) for PCData_Aguest()
    main.o(i._Z13AppTaskCreatev) refers to main.o(i._Z16Turnplate_Aguestv) for Turnplate_Aguest()
    main.o(i._Z13AppTaskCreatev) refers to main.o(i._Z12DR16_SxValuev) for DR16_SxValue()
    main.o(i._Z13AppTaskCreatev) refers to main.o(i._Z13Boot_Sequencev) for Boot_Sequence()
    main.o(i._Z13Boot_Sequencev) refers to cpid.o(i._ZN7PIDBase9SetTargetEf) for PIDBase::SetTarget(float)
    main.o(i._Z13Boot_Sequencev) refers to rt_time.o(i.rt_dly_wait) for rt_dly_wait
    main.o(i._Z13Boot_Sequencev) refers to main.o(.bss) for YawPID
    main.o(i._Z13Boot_Sequencev) refers to main.o(.data) for PIDBegin_CAN
    main.o(i._Z13Boot_Sequencev) refers to rt_timer.o(i.rt_tmr_create) for rt_tmr_create
    main.o(i._Z13DR16_DATA_Recv) refers to bsp_dr16.o(i.DR16_receive) for DR16_receive
    main.o(i._Z13DR16_DATA_Recv) refers to os_dr16.o(i.os_dr16) for os_dr16
    main.o(i._Z13DR16_DATA_Recv) refers to main.o(.data) for HandleDisconnectCheck
    main.o(i._Z13DR16_DATA_Recv) refers to rt_event.o(i.rt_evt_set) for rt_evt_set
    main.o(i._Z13PCData_Aguestv) refers to setparameter.o(i.GetParaFlag) for GetParaFlag
    main.o(i._Z13PCData_Aguestv) refers to pwm.o(i.ESC_Toggle) for ESC_Toggle
    main.o(i._Z13PCData_Aguestv) refers to turnplatemotor.o(i.Turnplate_motor_Toggle) for Turnplate_motor_Toggle
    main.o(i._Z13PCData_Aguestv) refers to os_dr16.o(i.Run_Start) for Run_Start
    main.o(i._Z13PCData_Aguestv) refers to rt_time.o(i.rt_itv_set) for rt_itv_set
    main.o(i._Z13PCData_Aguestv) refers to main.o(.bss) for YawPID
    main.o(i._Z13PCData_Aguestv) refers to main.o(.data) for PIDBegin_DR16
    main.o(i._Z13PCData_Aguestv) refers to add_bullet.o(.data) for bumark
    main.o(i._Z13PCData_Aguestv) refers to pwm.o(.data) for STILL_BUTTON
    main.o(i._Z13PCData_Aguestv) refers to os_can1.o(.data) for auto_attack_flag
    main.o(i._Z13PCData_Aguestv) refers to os_dr16.o(.data) for AxicX
    main.o(i._Z13PCData_Aguestv) refers to rt_time.o(i.rt_itv_wait) for rt_itv_wait
    main.o(i._Z14CAN1_DATA0_Recv) refers to bsp_can.o(i.can_filter_Mask_config) for can_filter_Mask_config
    main.o(i._Z14CAN1_DATA0_Recv) refers to bsp_can.o(i.can_nvic_config) for can_nvic_config
    main.o(i._Z14CAN1_DATA0_Recv) refers to bsp_can.o(i.CAN_receive) for CAN_receive
[...]
    IIC_Wait_Ack                             0x0800256d   Thumb Code    82  myiic.o(i.IIC_Wait_Ack)
    InitHardCAN                              0x080025cd   Thumb Code   356  bsp_can.o(i.InitHardCAN)
    InitHardTIM                              0x08002741   Thumb Code    50  bsp_hardtimer.o(i.InitHardTIM)
    InitParameter_Operater                   0x08002811   Thumb Code    62  setparameter.o(i.InitParameter_Operater)
    InitParameter_User                       0x08002869   Thumb Code    84  setparameter.o(i.InitParameter_User)
    Initial_System_Timer                     0x080028c9   Thumb Code    50  systemtimer.o(i.Initial_System_Timer)
    MPU_Get_Gyroscope                        0x08002901   Thumb Code    80  mpu6050.o(i.MPU_Get_Gyroscope)
    MPU_Init                                 0x08002951   Thumb Code   126  mpu6050.o(i.MPU_Init)
    MPU_Read_Byte                            0x080029cf   Thumb Code    58  mpu6050.o(i.MPU_Read_Byte)
    MPU_Read_Len                             0x08002a09   Thumb Code   116  mpu6050.o(i.MPU_Read_Len)
    MPU_Set_Accel_Fsr                        0x08002a7d   Thumb Code    16  mpu6050.o(i.MPU_Set_Accel_Fsr)
    MPU_Set_Gyro_Fsr                         0x08002a8d   Thumb Code    16  mpu6050.o(i.MPU_Set_Gyro_Fsr)
    MPU_Set_LPF                              0x08002a9d   Thumb Code    58  mpu6050.o(i.MPU_Set_LPF)
    MPU_Set_Rate                             0x08002ad7   Thumb Code    58  mpu6050.o(i.MPU_Set_Rate)
    MPU_Write_Byte                           0x08002b11   Thumb Code    68  mpu6050.o(i.MPU_Write_Byte)
    MemManage_Handler                        0x08002b55   Thumb Code     4  stm32f4xx_it.o(i.MemManage_Handler)
    Model_Select_Initial                     0x08002b59   Thumb Code    80  pwm.o(i.Model_Select_Initial)
    Motor                                    0x08002bb1   Thumb Code    12  motor.o(i.Motor)
    Motor_Aguest                             0x08002bbd   Thumb Code   258  motor.o(i.Motor_Aguest)
    Motor_Aguest_Random                      0x08002cc9   Thumb Code    30  os_can1.o(i.Motor_Aguest_Random)
    Motor_CarFrame                           0x08002cf9   Thumb Code    96  motor.o(i.Motor_CarFrame)
    Motor_DataScale                          0x08002d61   Thumb Code   186  motor.o(i.Motor_DataScale)
    Motor_Power                              0x08002e1d   Thumb Code    72  motor.o(i.Motor_Power)
    Motor_YawPitch                           0x08002e6d   Thumb Code    54  motor.o(i.Motor_YawPitch)
    Moving_Gyo                               0x08002ead   Thumb Code   932  os_can1.o(i.Moving_Gyo)
    MyCAN_TransmitStatus                     0x08003275   Thumb Code   176  bsp_can.o(i.MyCAN_TransmitStatus)
    NMI_Handler                              0x0800333d   Thumb Code     2  stm32f4xx_it.o(i.NMI_Handler)
    NVIC_Init                                0x08003341   Thumb Code   106  misc.o(i.NVIC_Init)
    New_Board                                0x080033b9   Thumb Code    84  os_can2.o(i.New_Board)
    POP_CAN_FIFO                             0x0800341d   Thumb Code   114  bsp_can.o(i.POP_CAN_FIFO)
    PUSH_CAN_FIFO                            0x080034a1   Thumb Code   124  bsp_can.o(i.PUSH_CAN_FIFO)
    ParaSetting                              0x08003535   Thumb Code   192  setparameter.o(i.ParaSetting)
    PitchMotor                               0x08003601   Thumb Code   240  os_can2.o(i.PitchMotor)
    RCC_AHB1PeriphClockCmd                   0x08003719   Thumb Code    26  stm32f4xx_rcc.o(i.RCC_AHB1PeriphClockCmd)
    RCC_AHB2PeriphClockCmd                   0x08003739   Thumb Code    26  stm32f4xx_rcc.o(i.RCC_AHB2PeriphClockCmd)
    RCC_APB1PeriphClockCmd                   0x08003759   Thumb Code    26  stm32f4xx_rcc.o(i.RCC_APB1PeriphClockCmd)
    RCC_APB1PeriphResetCmd                   0x08003779   Thumb Code    26  stm32f4xx_rcc.o(i.RCC_APB1PeriphResetCmd)
    RCC_APB2PeriphClockCmd                   0x08003799   Thumb Code    26  stm32f4xx_rcc.o(i.RCC_APB2PeriphClockCmd)
    RCC_APB2PeriphResetCmd                   0x080037b9   Thumb Code    26  stm32f4xx_rcc.o(i.RCC_APB2PeriphResetCmd)
    RCC_GetClocksFreq                        0x080037d9   Thumb Code   214  stm32f4xx_rcc.o(i.RCC_GetClocksFreq)
    RNG_Cmd                                  0x080038c1   Thumb Code    30  stm32f4xx_rng.o(i.RNG_Cmd)
    RNG_GetFlagStatus                        0x080038e5   Thumb Code    20  stm32f4xx_rng.o(i.RNG_GetFlagStatus)
    RNG_GetRandomNumber                      0x080038fd   Thumb Code     6  stm32f4xx_rng.o(i.RNG_GetRandomNumber)
    Run_Spin                                 0x08003909   Thumb Code   276  os_can1.o(i.Run_Spin)
    Run_Start                                0x08003a3d   Thumb Code     6  os_dr16.o(i.Run_Start)
    STMFLASH_GetFlashSector                  0x08003a49   Thumb Code   116  bsp_stmflash.o(i.STMFLASH_GetFlashSector)
    STMFLASH_Read                            0x08003ae9   Thumb Code    32  bsp_stmflash.o(i.STMFLASH_Read)
    STMFLASH_ReadWord                        0x08003b09   Thumb Code     6  bsp_stmflash.o(i.STMFLASH_ReadWord)
    STMFLASH_Write                           0x08003b11   Thumb Code   146  bsp_stmflash.o(i.STMFLASH_Write)
    Send_OverPowerFlag                       0x08003ba9   Thumb Code    38  os_can1.o(i.Send_OverPowerFlag)
    SetParaFlag                              0x08003bd9   Thumb Code     6  setparameter.o(i.SetParaFlag)
    SetPara_DR                               0x08003be5   Thumb Code    46  setparameter.o(i.SetPara_DR)
    SetPara_KM                               0x08003c19   Thumb Code    76  setparameter.o(i.SetPara_KM)
    SetPara_Operater                         0x08003c69   Thumb Code   332  setparameter.o(i.SetPara_Operater)
    SetParameter_Operater                    0x08003dc5   Thumb Code    22  setparameter.o(i.SetParameter_Operater)
    SetParameter_User                        0x08003de5   Thumb Code    24  setparameter.o(i.SetParameter_User)
    Set_ESC_Flag                             0x08003ef1   Thumb Code    10  pwm.o(i.Set_ESC_Flag)
    Set_cv_flag                              0x08003f01   Thumb Code     6  os_can1.o(i.Set_cv_flag)
    SystemInit                               0x08003f0d   Thumb Code    88  system_stm32f4xx.o(i.SystemInit)
    TIM1_UP_TIM10_IRQHandler                 0x08003f75   Thumb Code    30  bsp_hardtimer.o(i.TIM1_UP_TIM10_IRQHandler)
    TIM1_timer                               0x08003f9d   Thumb Code    94  bsp_hardtimer.o(i.TIM1_timer)
    TIM2_PWM_Configuration                   0x08004005   Thumb Code   238  pwm.o(i.TIM2_PWM_Configuration)
    TIM3_IRQHandler                          0x080040fd   Thumb Code   252  bsp_hardtimer.o(i.TIM3_IRQHandler)
    TIM3_PWM_Configuration                   0x08004201   Thumb Code   146  pwm.o(i.TIM3_PWM_Configuration)
    TIMVarInit                               0x0800429d   Thumb Code    48  bsp_hardtimer.o(i.TIMVarInit)
    TIM_ARRPreloadConfig                     0x080042d1   Thumb Code    24  stm32f4xx_tim.o(i.TIM_ARRPreloadConfig)
    TIM_ClearITPendingBit                    0x080042e9   Thumb Code     6  stm32f4xx_tim.o(i.TIM_ClearITPendingBit)
    TIM_Cmd                                  0x080042ef   Thumb Code    24  stm32f4xx_tim.o(i.TIM_Cmd)
    TIM_EncoderInterfaceConfig               0x08004307   Thumb Code    66  stm32f4xx_tim.o(i.TIM_EncoderInterfaceConfig)
    TIM_GetCounter                           0x08004349   Thumb Code     6  stm32f4xx_tim.o(i.TIM_GetCounter)
    TIM_GetITStatus                          0x0800434f   Thumb Code    34  stm32f4xx_tim.o(i.TIM_GetITStatus)
    TIM_ITConfig                             0x08004371   Thumb Code    18  stm32f4xx_tim.o(i.TIM_ITConfig)
    TIM_OC1Init                              0x08004385   Thumb Code   114  stm32f4xx_tim.o(i.TIM_OC1Init)
    TIM_OC1PreloadConfig                     0x08004401   Thumb Code    18  stm32f4xx_tim.o(i.TIM_OC1PreloadConfig)
    TIM_OC2Init                              0x08004415   Thumb Code   154  stm32f4xx_tim.o(i.TIM_OC2Init)
    TIM_OC2PreloadConfig                     0x080044b9   Thumb Code    26  stm32f4xx_tim.o(i.TIM_OC2PreloadConfig)
    TIM_OC3Init                              0x080044d5   Thumb Code   150  stm32f4xx_tim.o(i.TIM_OC3Init)
    TIM_OC3PreloadConfig                     0x08004575   Thumb Code    18  stm32f4xx_tim.o(i.TIM_OC3PreloadConfig)
    TIM_OC4Init                              0x08004589   Thumb Code   112  stm32f4xx_tim.o(i.TIM_OC4Init)
    TIM_OC4PreloadConfig                     0x08004601   Thumb Code    26  stm32f4xx_tim.o(i.TIM_OC4PreloadConfig)
    TIM_SetCompare1                          0x0800461b   Thumb Code     4  stm32f4xx_tim.o(i.TIM_SetCompare1)
    TIM_SetCompare2                          0x0800461f   Thumb Code     4  stm32f4xx_tim.o(i.TIM_SetCompare2)
    TIM_SetCompare3                          0x08004623   Thumb Code     4  stm32f4xx_tim.o(i.TIM_SetCompare3)
    TIM_SetCompare4                          0x08004627   Thumb Code     4  stm32f4xx_tim.o(i.TIM_SetCompare4)
    TIM_TimeBaseInit                         0x0800462d   Thumb Code   104  stm32f4xx_tim.o(i.TIM_TimeBaseInit)
    Turn_PlateMotor_IO_Configuratuion        0x080046b1   Thumb Code    92  turnplatemotor.o(i.Turn_PlateMotor_IO_Configuratuion)
    Turnplate_motor                          0x08004721   Thumb Code    50  turnplatemotor.o(i.Turnplate_motor)
    Turnplate_motor_Toggle                   0x08004761   Thumb Code    42  turnplatemotor.o(i.Turnplate_motor_Toggle)
    Turnplate_motor_cofiguration             0x08004791   Thumb Code    90  turnplatemotor.o(i.Turnplate_motor_cofiguration)
    Turnplate_motor_drive                    0x080047f5   Thumb Code   238  turnplatemotor.o(i.Turnplate_motor_drive)
    USART1_DMA_Send                          0x08004905   Thumb Code    66  bsp_usart.o(i.USART1_DMA_Send)
    USART1_IRQHandler                        0x08004951   Thumb Code    74  bsp_usart.o(i.USART1_IRQHandler)
    USART3_IRQHandler                        0x080049a9   Thumb Code    70  usartframe_stm32.o(i.USART3_IRQHandler)
    USART_Cmd                                0x080049f9   Thumb Code    24  stm32f4xx_usart.o(i.USART_Cmd)
    USART_DMACmd                             0x08004a11   Thumb Code    18  stm32f4xx_usart.o(i.USART_DMACmd)
    USART_DeInit                             0x08004a25   Thumb Code   206  stm32f4xx_usart.o(i.USART_DeInit)
    USART_GetFlagStatus                      0x08004b15   Thumb Code    26  stm32f4xx_usart.o(i.USART_GetFlagStatus)
    USART_GetITStatus                        0x08004b2f   Thumb Code    84  stm32f4xx_usart.o(i.USART_GetITStatus)
    USART_ITConfig                           0x08004b83   Thumb Code    74  stm32f4xx_usart.o(i.USART_ITConfig)
    USART_Init                               0x08004bcd   Thumb Code   204  stm32f4xx_usart.o(i.USART_Init)
    USART_SendData                           0x08004ca1   Thumb Code     8  stm32f4xx_usart.o(i.USART_SendData)
    UsageFault_Handler                       0x08004ca9   Thumb Code     4  stm32f4xx_it.o(i.UsageFault_Handler)
    UsartDMA_Init                            0x08004cad   Thumb Code   260  bsp_usart.o(i.UsartDMA_Init)
    UsasrFrameInit                           0x08004dbd   Thumb Code    12  usartframe_stm32.o(i.UsasrFrameInit)
    X_Axic                                   0x08004dc9   Thumb Code    48  motor.o(i.X_Axic)
    Y_Axic                                   0x08004df9   Thumb Code    48  motor.o(i.Y_Axic)
    YawAngle                                 0x08004e29   Thumb Code   298  os_can2.o(i.YawAngle)
    YawAngle_6050                            0x08004f81   Thumb Code   294  os_can2.o(i.YawAngle_6050)
    YawAngle_ADXRS622                        0x080050d9   Thumb Code   160  os_can2.o(i.YawAngle_ADXRS622)
    YawMotor                                 0x08005199   Thumb Code   386  os_can2.o(i.YawMotor)
    Z_Axic                                   0x0800535d   Thumb Code    48  motor.o(i.Z_Axic)
    DEBUG_DATA()                             0x0800538d   Thumb Code    32  main.o(i._Z10DEBUG_DATAv)
    ESCSetPara(float, float, float, float, float) 0x080053c9   Thumb Code   126  turnplatemotor.o(i._Z10ESCSetParafffff)
    SetIMaxMin(float, float)                 0x0800547d   Thumb Code    34  debugtoolsconfig.o(i._Z10SetIMaxMinff)
    SetPMaxMin(float, float)                 0x080054a5   Thumb Code    34  debugtoolsconfig.o(i._Z10SetPMaxMinff)
    SetPitchPid(float, float, float)         0x080054cd   Thumb Code   100  debugtoolsconfig.o(i._Z11SetPitchPidfff)
    DR16_SxValue()                           0x08005569   Thumb Code   190  main.o(i._Z12DR16_SxValuev)
    Boot_Sequence()                          0x080057ed   Thumb Code   194  main.o(i._Z13Boot_Sequencev)
    DR16_DATA_Rec()                          0x080058ed   Thumb Code    36  main.o(i._Z13DR16_DATA_Recv)
    Middle_filter(short*, unsigned char*, unsigned char, short) 0x08005919   Thumb Code    68  filter.o(i._Z13Middle_filterPsPhhs)
    PCData_Aguest()                          0x0800595d   Thumb Code   176  main.o(i._Z13PCData_Aguestv)
    Slider_Filter(float*, unsigned char*, unsigned char, float) 0x08005a45   Thumb Code    74  filter.o(i._Z13Slider_FilterPfPhhf)
    CAN1_DATA0_Rec()                         0x08005a95   Thumb Code   328  main.o(i._Z14CAN1_DATA0_Recv)
    CAN2_DATA0_Rec()                         0x08005bf5   Thumb Code   116  main.o(i._Z14CAN2_DATA0_Recv)
    CAN2_DATA1_Rec()                         0x08005c71   Thumb Code   162  main.o(i._Z14CAN2_DATA1_Recv)
    CarFrame_Aguest()                        0x08005d1d   Thumb Code   318  main.o(i._Z15CarFrame_Aguestv)
    DisconnectCheck()                        0x08005e9d   Thumb Code   276  main.o(i._Z15DisconnectCheckv)
    PitchYaw_Aguest()                        0x08006059   Thumb Code   136  main.o(i._Z15PitchYaw_Aguestv)
    Turnplate_Aguest()                       0x08006101   Thumb Code   456  main.o(i._Z16Turnplate_Aguestv)
    tips()                                   0x08006339   Thumb Code    42  debugtoolsconfig.o(i._Z4tipsv)
    DR16_KM(RC_Value*, unsigned short, KM_KEY_STRUCT*) 0x080063a9   Thumb Code    66  os_dr16.o(i._Z7DR16_KMP8RC_ValuetP13KM_KEY_STRUCT)
    EXTITask()                               0x080063ed   Thumb Code    40  main.o(i._Z8EXTITaskv)
    SetFuzzy(float, float, float, float)     0x08006459   Thumb Code   408  debugtoolsconfig.o(i._Z8SetFuzzyffff)
    pitchyaw()                               0x08006655   Thumb Code   142  main.o(i._Z8pitchyawv)
    SetTarget(float)                         0x08006709   Thumb Code    26  debugtoolsconfig.o(i._Z9SetTargetf)
    TaskStart()                              0x08006729   Thumb Code    24  main.o(i._Z9TaskStartv)
    PIDBase::SetCurrent(float)               0x08006745   Thumb Code     6  cpid.o(i._ZN7PIDBase10SetCurrentEf)
    PIDBase::SetIMaxMin(float, float)        0x0800674b   Thumb Code    10  cpid.o(i._ZN7PIDBase10SetIMaxMinEff)
    PIDBase::SetPMaxMin(float, float)        0x08006755   Thumb Code    10  cpid.o(i._ZN7PIDBase10SetPMaxMinEff)
    PIDBase::SetTargetMaxMin(float, float)   0x0800675f   Thumb Code    10  cpid.o(i._ZN7PIDBase15SetTargetMaxMinEff)
    PIDBase::SetPID(float, float, float)     0x08006769   Thumb Code    14  cpid.o(i._ZN7PIDBase6SetPIDEfff)
    PIDBase::SetTarget(float)                0x08006777   Thumb Code    46  cpid.o(i._ZN7PIDBase9SetTargetEf)
    PIDBase::PIDBase(float, float, float, float, float, float, float, float, float, float, float, float, float) 0x080067a5   Thumb Code    70  cpid.o(i._ZN7PIDBaseC1Efffffffffffff)
    PIDBase::PIDBase__sub_object(float, float, float, float, float, float, float, float, float, float, float, float, float) 0x080067a5   Thumb Code     0  cpid.o(i._ZN7PIDBaseC1Efffffffffffff)
    FUZZYPID::SetOmegaOffset(float)          0x080067f1   Thumb Code     6  setparameter.o(i._ZN8FUZZYPID14SetOmegaOffsetEf)
    FUZZYPID::FuzzyPID(float, float)         0x080067f7   Thumb Code   300  cpid.o(i._ZN8FUZZYPID8FuzzyPIDEff)
    FUZZYPID::SetFuzzy(float, float, float, float) 0x08006923   Thumb Code    88  debugtoolsconfig.o(i._ZN8FUZZYPID8SetFuzzyEffff)
    FUZZYPID::SetOmega(float, unsigned char) 0x0800697b   Thumb Code    28  main.o(i._ZN8FUZZYPID8SetOmegaEfh)
    FUZZYPID::AdjustPID()                    0x08006999   Thumb Code   436  cpid.o(i._ZN8FUZZYPID9AdjustPIDEv)
    FUZZYPID::FUZZYPID(float, float, float, float, float, float, float, float, float, float, float, float, float, float, float, float, float, float, float, float, float, float, float, float, float) 0x08006b51   Thumb Code   226  cpid.o(i._ZN8FUZZYPIDC1Efffffffffffffffffffffffff)
    FUZZYPID::FUZZYPID__sub_object(float, float, float, float, float, float, float, float, float, float, float, float, float, float, float, float, float, float, float, float, float, float, float, float, float) 0x08006b51   Thumb Code     0  cpid.o(i._ZN8FUZZYPIDC1Efffffffffffffffffffffffff)
    PIDTimer::UpdataTimeStamp()              0x08006c39   Thumb Code    86  cpid.o(i._ZN8PIDTimer15UpdataTimeStampEv)
    FUZZYSPID::AdjustPID()                   0x08006c99   Thumb Code   484  cpid.o(i._ZN9FUZZYSPID9AdjustPIDEv)
    FUZZYSPID::FUZZYSPID(float, float, float, float, float, float, float, float, float, float, float, float, float, float, float, float, float, float, float, float, float, float, float, float, float) 0x08006e81   Thumb Code   230  main.o(i._ZN9FUZZYSPIDC1Efffffffffffffffffffffffff)
    FUZZYSPID::FUZZYSPID__sub_object(float, float, float, float, float, float, float, float, float, float, float, float, float, float, float, float, float, float, float, float, float, float, float, float, float) 0x08006e81   Thumb Code     0  main.o(i._ZN9FUZZYSPIDC1Efffffffffffffffffffffffff)
    __0printf$8                              0x08006f69   Thumb Code    22  printf8.o(i.__0printf$8)
    __1printf$8                              0x08006f69   Thumb Code     0  printf8.o(i.__0printf$8)
    __2printf                                0x08006f69   Thumb Code     0  printf8.o(i.__0printf$8)
    __0vsprintf                              0x08006f89   Thumb Code    30  printfa.o(i.__0vsprintf)
    __1vsprintf                              0x08006f89   Thumb Code     0  printfa.o(i.__0vsprintf)
    __2vsprintf                              0x08006f89   Thumb Code     0  printfa.o(i.__0vsprintf)
    __c89vsprintf                            0x08006f89   Thumb Code     0  printfa.o(i.__0vsprintf)
    vsprintf                                 0x08006f89   Thumb Code     0  printfa.o(i.__0vsprintf)
    __scatterload_copy                       0x08006fad   Thumb Code    14  handlers.o(i.__scatterload_copy)
    __scatterload_null                       0x08006fbb   Thumb Code     2  handlers.o(i.__scatterload_null)
    __scatterload_zeroinit                   0x08006fbd   Thumb Code    14  handlers.o(i.__scatterload_zeroinit)
    _init_box                                0x08007569   Thumb Code    88  rt_membox.o(i._init_box)
    bsp_Init                                 0x0800815d   Thumb Code   136  bsp.o(i.bsp_Init)
    bsp_InitCAN                              0x08008219   Thumb Code    12  bsp_can.o(i.bsp_InitCAN)
    bsp_InitHardTimer                        0x08008225   Thumb Code    16  bsp_hardtimer.o(i.bsp_InitHardTimer)
    bsp_InitLed                              0x08008235   Thumb Code    92  bsp_led.o(i.bsp_InitLed)
    bsp_InitUart                             0x08008299   Thumb Code    16  bsp_usart.o(i.bsp_InitUart)
    bsp_LedOff                               0x080082a9   Thumb Code    60  bsp_led.o(i.bsp_LedOff)
    bsp_LedOn                                0x08008305   Thumb Code    60  bsp_led.o(i.bsp_LedOn)
    bsp_LedToggle                            0x08008361   Thumb Code    74  bsp_led.o(i.bsp_LedToggle)
    bsp_ParaInit                             0x080083cd   Thumb Code   102  setparameter.o(i.bsp_ParaInit)
    bsp_RC_Init                              0x08008445   Thumb Code   256  bsp_dr16.o(i.bsp_RC_Init)
    can_filter_Mask_config                   0x0800855d   Thumb Code   152  bsp_can.o(i.can_filter_Mask_config)
    can_nvic_config                          0x080085f5   Thumb Code   226  bsp_can.o(i.can_nvic_config)
    delay_ms_nos                             0x080086e1   Thumb Code    28  systemtimer.o(i.delay_ms_nos)
    delay_us_nos                             0x08008701   Thumb Code    18  systemtimer.o(i.delay_us_nos)
    fputc                                    0x08008719   Thumb Code    32  bsp_usart.o(i.fputc)
    function                                 0x0800873d   Thumb Code   212  debugtools.o(i.function)
    getnum                                   0x08008815   Thumb Code    78  debugtools.o(i.getnum)
    isr_mbx_send                             0x08008863   Thumb Code    22  rt_mailbox.o(i.isr_mbx_send)
    kalman_filter                            0x08008879   Thumb Code   154  kalman.o(i.kalman_filter)
    kalman_init                              0x08008913   Thumb Code    34  kalman.o(i.kalman_init)
    main                                     0x08008935   Thumb Code    24  main.o(i.main)
    mypow                                    0x0800895d   Thumb Code    22  debugtools.o(i.mypow)
    mystrcmp                                 0x08008973   Thumb Code    34  debugtools.o(i.mystrcmp)
    os_dr16                                  0x08008995   Thumb Code  2602  os_dr16.o(i.os_dr16)
    os_error                                 0x080093f5   Thumb Code     4  rtx_conf_cm.o(i.os_error)
    os_idle_demon                            0x080093f9   Thumb Code     4  rtx_conf_cm.o(i.os_idle_demon)
    os_tick_init                             0x080093fd   Thumb Code    38  rt_system.o(i.os_tick_init)
    os_tick_irqack                           0x0800942d   Thumb Code     2  rt_system.o(i.os_tick_irqack)
    os_tmr_call                              0x08009431   Thumb Code    20  rtx_conf_cm.o(i.os_tmr_call)
    rt_alloc_box                             0x0800944d   Thumb Code    30  rt_membox.o(i.rt_alloc_box)
    rt_block                                 0x0800946d   Thumb Code    48  rt_task.o(i.rt_block)
    rt_chk_robin                             0x080094a5   Thumb Code     2  rtx_conf_cm.o(i.rt_chk_robin)
    rt_dec_dly                               0x080094a9   Thumb Code   134  rt_list.o(i.rt_dec_dly)
    rt_dispatch                              0x0800953d   Thumb Code    72  rt_task.o(i.rt_dispatch)
    rt_dly_wait                              0x0800958d   Thumb Code    14  rt_time.o(i.rt_dly_wait)
    rt_evt_get                               0x0800959d   Thumb Code     8  rt_event.o(i.rt_evt_get)
    rt_evt_psh                               0x080095a9   Thumb Code    84  rt_event.o(i.rt_evt_psh)
    rt_evt_set                               0x08009601   Thumb Code   102  rt_event.o(i.rt_evt_set)
    rt_evt_wait                              0x0800966d   Thumb Code   110  rt_event.o(i.rt_evt_wait)
    rt_free_box                              0x080096e1   Thumb Code    36  rt_membox.o(i.rt_free_box)
    rt_get_first                             0x0800972d   Thumb Code    50  rt_list.o(i.rt_get_first)
    rt_init_robin                            0x080097ad   Thumb Code     2  rtx_conf_cm.o(i.rt_init_robin)
    rt_init_stack                            0x080097b1   Thumb Code    76  hal_cm4.o(i.rt_init_stack)
    rt_itv_set                               0x08009805   Thumb Code    20  rt_time.o(i.rt_itv_set)
    rt_itv_wait                              0x08009821   Thumb Code    52  rt_time.o(i.rt_itv_wait)
    rt_mbx_check                             0x0800985d   Thumb Code    12  rt_mailbox.o(i.rt_mbx_check)
    rt_mbx_init                              0x08009869   Thumb Code    32  rt_mailbox.o(i.rt_mbx_init)
    rt_mbx_psh                               0x08009889   Thumb Code   212  rt_mailbox.o(i.rt_mbx_psh)
    rt_mbx_wait                              0x08009961   Thumb Code   216  rt_mailbox.o(i.rt_mbx_wait)
    rt_pop_req                               0x08009a3d   Thumb Code   154  rt_system.o(i.rt_pop_req)
    rt_psh_req                               0x08009ae5   Thumb Code    24  rt_system.o(i.rt_psh_req)
    rt_psq_enq                               0x08009b09   Thumb Code   120  rt_list.o(i.rt_psq_enq)
    rt_put_dly                               0x08009b85   Thumb Code    88  rt_list.o(i.rt_put_dly)
    rt_put_prio                              0x08009be1   Thumb Code    64  rt_list.o(i.rt_put_prio)
    rt_put_rdy_first                         0x08009c21   Thumb Code    16  rt_list.o(i.rt_put_rdy_first)
    rt_rmv_dly                               0x08009c35   Thumb Code    40  rt_list.o(i.rt_rmv_dly)
    rt_sem_psh                               0x08009c5d   Thumb Code    50  rt_semaphore.o(i.rt_sem_psh)
    rt_stk_check                             0x08009c95   Thumb Code    40  rt_system.o(i.rt_stk_check)
    rt_switch_req                            0x08009cc5   Thumb Code    10  rt_task.o(i.rt_switch_req)
    rt_sys_init                              0x08009cd5   Thumb Code   314  rt_task.o(i.rt_sys_init)
    rt_systick                               0x08009e59   Thumb Code    56  rt_system.o(i.rt_systick)
    rt_tmr_create                            0x08009e9d   Thumb Code    90  rt_timer.o(i.rt_tmr_create)
    rt_tmr_tick                              0x08009f01   Thumb Code    66  rt_timer.o(i.rt_tmr_tick)
    rt_tsk_create                            0x08009f4d   Thumb Code    92  rt_task.o(i.rt_tsk_create)
    run                                      0x08009fb5   Thumb Code   622  debugtools.o(i.run)
    str2num                                  0x0800a229   Thumb Code   344  debugtools.o(i.str2num)
    u1_printf                                0x0800a385   Thumb Code    44  bsp_usart.o(i.u1_printf)
    void bubble_sort<int>(T1*, int)          0x0800a3b5   Thumb Code    66  motor.o(t._Z11bubble_sortIiEvPT_i)
    void bubble_sort<short>(T1*, int)        0x0800a3f7   Thumb Code    66  filter.o(t._Z11bubble_sortIsEvPT_i)
    T1 Constrain<float>(T1, T1, T1)          0x0800a439   Thumb Code    42  cpid.o(t._Z9ConstrainIfET_S0_S0_S0_)
    os_maxtaskrun                            0x0800a464   Data           2  rtx_conf_cm.o(.constdata)
    os_stackinfo                             0x0800a468   Data           4  rtx_conf_cm.o(.constdata)
    os_rrobin                                0x0800a46c   Data           4  rtx_conf_cm.o(.constdata)
    os_trv                                   0x0800a470   Data           4  rtx_conf_cm.o(.constdata)
    os_flags                                 0x0800a474   Data           1  rtx_conf_cm.o(.constdata)
    os_clockrate                             0x0800a478   Data           4  rtx_conf_cm.o(.constdata)
    os_timernum                              0x0800a47c   Data           4  rtx_conf_cm.o(.constdata)
    mp_tcb_size                              0x0800a480   Data           2  rtx_conf_cm.o(.constdata)
    mp_stk_size                              0x0800a484   Data           4  rtx_conf_cm.o(.constdata)
    os_fifo_size                             0x0800a488   Data           1  rtx_conf_cm.o(.constdata)
    mp_tmr_size                              0x0800a48a   Data           2  rtx_conf_cm.o(.constdata)
    RL_RTX_Version                           0x0800a48c   Data           4  rt_system.o(.constdata)
    sinTable_f32                             0x0800a558   Data        2052  arm_common_tables.o(.constdata)
    Region$$Table$$Base                      0x0800b15c   Number         0  anon$$obj.o(Region$$Table)
    Region$$Table$$Limit                     0x0800b17c   Number         0  anon$$obj.o(Region$$Table)
    SHT$$INIT_ARRAY$$Base                    0x0800b17c   Number         0  main.o(.init_array)
    SHT$$INIT_ARRAY$$Limit                   0x0800b184   Number         0  cpp_init.o(.init_array)
    m_tmr                                    0x20000000   Data           4  rtx_conf_cm.o(.data)
    DUOJI_OPEN                               0x20000004   Data           2  main.o(.data)
    DUOJI_CLOSE                              0x20000006   Data           2  main.o(.data)
    HandleDEBUG_DATA                         0x20000014   Data           4  main.o(.data)
    HandleDR16_DATA_Rec                      0x20000018   Data           4  main.o(.data)
    HandleCAN2_DATA0_Rec                     0x2000001c   Data           4  main.o(.data)
    HandleCAN2_DATA1_Rec                     0x20000020   Data           4  main.o(.data)
    HandleCAN1_DATA0_Rec                     0x20000024   Data           4  main.o(.data)
    HandleDisconnectCheck                    0x20000028   Data           4  main.o(.data)
    HandleEXTITask                           0x2000002c   Data           4  main.o(.data)
    HandlePitchYaw_Aguest                    0x20000030   Data           4  main.o(.data)
    HandleCarFrame_Aguest                    0x20000034   Data           4  main.o(.data)
    HandlePCData_Aguest                      0x20000038   Data           4  main.o(.data)
    HandleTurnplate_Aguest                   0x2000003c   Data           4  main.o(.data)
    HandleDR16_SxValue                       0x20000040   Data           4  main.o(.data)
    HandleBoot_Sequence                      0x20000044   Data           4  main.o(.data)
    timer200msflag                           0x20000048   Data           1  main.o(.data)
    positionreachflag                        0x20000049   Data           1  main.o(.data)
    shootedflag                              0x2000004a   Data           1  main.o(.data)
    shootonce                                0x2000004b   Data           1  main.o(.data)
    shootcons                                0x2000004c   Data           1  main.o(.data)
    hurt_id                                  0x2000004d   Data           1  main.o(.data)
    tmee                                     0x20000050   Data           4  main.o(.data)
    tmeee                                    0x20000054   Data           4  main.o(.data)
    PIDBegin_DR16                            0x20000058   Data           1  main.o(.data)
    PIDBegin_CAN                             0x20000059   Data           1  main.o(.data)
    CAN1_Angle                               0x2000005a   Data           1  main.o(.data)
    CAN2_PitchMotor                          0x2000005b   Data           1  main.o(.data)
    CAN2_YawMotor                            0x2000005c   Data           1  main.o(.data)
    ExtiFlag                                 0x2000005d   Data           1  main.o(.data)
    Refree_Message                           0x2000005e   Data           1  main.o(.data)
    CAN1_Ultrasonic                          0x2000005f   Data           1  main.o(.data)
    Can2_NewBoard                            0x20000060   Data           1  main.o(.data)
    dddflag                                  0x20000061   Data           1  main.o(.data)
    tmr1                                     0x20000064   Data           4  main.o(.data)
    _EXTI_MODE                               0x20000070   Data           4  bsp_exti.o(.data)
    s_EXTI_LINE8                             0x20000074   Data           4  bsp_exti.o(.data)
    s_EXTI_LINE9                             0x20000078   Data           4  bsp_exti.o(.data)
    os_tick_irqn                             0x20000090   Data           4  rt_system.o(.data)
    os_tsk                                   0x20000098   Data           8  rt_task.o(.data)
    os_time                                  0x200000a0   Data           4  rt_time.o(.data)
    os_tmr                                   0x200000a4   Data           8  rt_timer.o(.data)
    nametab                                  0x200000ac   Data         132  debugtoolsconfig.o(.data)
    dev                                      0x20000130   Data          88  debugtoolsconfig.o(.data)
    EncoderData                              0x20000188   Data           8  turnplatemotor.o(.data)
    ESC_PWM1                                 0x20000190   Data           1  turnplatemotor.o(.data)
    ESC_PWM2                                 0x20000191   Data           1  turnplatemotor.o(.data)
    ESC_PWM_CONSTANTLY                       0x20000192   Data           1  turnplatemotor.o(.data)
    ONCE_FIRE_TIME                           0x20000194   Data           2  turnplatemotor.o(.data)
    RSF                                      0x20000196   Data           1  turnplatemotor.o(.data)
    Turnplate_flag                           0x20000197   Data           1  turnplatemotor.o(.data)
    Run_Model                                0x20000198   Data           1  pwm.o(.data)
    STILL_BUTTON                             0x20000199   Data           1  pwm.o(.data)
    OVERPOWER_BUTTON                         0x2000019a   Data           1  pwm.o(.data)
    ADDBULLET_BUTTON                         0x2000019b   Data           1  pwm.o(.data)
    STARTBYHURT_BUTTON                       0x2000019c   Data           1  pwm.o(.data)
    ESC_Flag                                 0x2000019d   Data           1  pwm.o(.data)
    YawChangeFlag                            0x200001a0   Data           1  os_can2.o(.data)
    YAW_Angle                                0x200001a4   Data           4  os_can2.o(.data)
    YAW_Angle_Zero                           0x200001a8   Data           4  os_can2.o(.data)
    Infrared_High                            0x200001ac   Data           1  os_can2.o(.data)
    Infrared_Cnt                             0x200001ad   Data           1  os_can2.o(.data)
    Infrared_Message                         0x200001ae   Data           1  os_can2.o(.data)
    runstart_flag                            0x200001af   Data           1  os_can2.o(.data)
    MotorEncoder                             0x200001b0   Data           4  os_can2.o(.data)
    yaw_angle_6050                           0x200001b4   Data           4  os_can2.o(.data)
    tt                                       0x200001b8   Data           4  os_can2.o(.data)
    yaw_angle_ADXRS622                       0x200001bc   Data           4  os_can2.o(.data)
    AxicX                                    0x20000220   Data           2  os_dr16.o(.data)
    AxicY                                    0x20000222   Data           2  os_dr16.o(.data)
    AxicZ                                    0x20000224   Data           2  os_dr16.o(.data)
    run_flag                                 0x20000226   Data           1  os_dr16.o(.data)
    ParaFlag                                 0x20000236   Data           1  setparameter.o(.data)
    TxFlag                                   0x20000238   Data           1  usartframe_stm32.o(.data)
    CVValue                                  0x2000023c   Data           4  usartframe_stm32.o(.data)
    temp                                     0x20000240   Data           8  add_bullet.o(.data)
    i                                        0x20000248   Data           2  add_bullet.o(.data)
    chessbuf                                 0x2000024a   Data           3  add_bullet.o(.data)
    circlebuf                                0x2000024d   Data           3  add_bullet.o(.data)
    lbuf                                     0x20000250   Data           5  add_bullet.o(.data)
    rbuf                                     0x20000255   Data           5  add_bullet.o(.data)
    bumark                                   0x2000025a   Data           1  add_bullet.o(.data)
    timemark                                 0x2000025b   Data           1  add_bullet.o(.data)
    vmark                                    0x2000025c   Data           1  add_bullet.o(.data)
    redmark                                  0x2000025d   Data           1  add_bullet.o(.data)
    lmark                                    0x2000025e   Data           1  add_bullet.o(.data)
    rmark                                    0x2000025f   Data           1  add_bullet.o(.data)
    bu_mark                                  0x20000260   Data           1  add_bullet.o(.data)
    cir_mark                                 0x20000261   Data           1  add_bullet.o(.data)
    rx                                       0x20000262   Data           2  add_bullet.o(.data)
    rrx                                      0x20000264   Data           2  add_bullet.o(.data)
    rry                                      0x20000266   Data           2  add_bullet.o(.data)
    ry                                       0x20000268   Data           2  add_bullet.o(.data)
    rrth                                     0x2000026a   Data           2  add_bullet.o(.data)
    rth                                      0x2000026c   Data           2  add_bullet.o(.data)
    cv_flag                                  0x20000270   Data           1  os_can1.o(.data)
    auto_attack_flag                         0x20000271   Data           1  os_can1.o(.data)
    last_yawangle                            0x20000274   Data           4  os_can1.o(.data)
    distance1                                0x20000278   Data           2  os_can1.o(.data)
    distance2                                0x2000027a   Data           2  os_can1.o(.data)
    distance3                                0x2000027c   Data           2  os_can1.o(.data)
    distance4                                0x2000027e   Data           2  os_can1.o(.data)
    temp_1                                   0x20000280   Data           4  os_can1.o(.data)
    temp_2                                   0x20000284   Data           4  os_can1.o(.data)
    temp_3                                   0x20000288   Data           4  os_can1.o(.data)
    temp_4                                   0x2000028c   Data           4  os_can1.o(.data)
    adcx                                     0x20000290   Data           2  os_can1.o(.data)
    Left_or_Right                            0x20000294   Data           4  os_can1.o(.data)
    Up_or_Down                               0x20000298   Data           4  os_can1.o(.data)
    hide                                     0x2000029c   Data           1  os_can1.o(.data)
    rand_gox                                 0x2000029d   Data           1  os_can1.o(.data)
    rand_goy                                 0x2000029e   Data           1  os_can1.o(.data)
    rand_left_right                          0x2000029f   Data           1  os_can1.o(.data)
    rand_up_down                             0x200002a0   Data           1  os_can1.o(.data)
    direction                                0x200002a1   Data           1  os_can1.o(.data)
    rand_result                              0x200002a2   Data           1  os_can1.o(.data)
    zero_flag                                0x200002a3   Data           1  os_can1.o(.data)
    spin_flag                                0x200002a4   Data           1  os_can1.o(.data)
    rand_flag                                0x200002a5   Data           1  os_can1.o(.data)
    across_times                             0x200002a6   Data           1  os_can1.o(.data)
    direction_select_flag                    0x200002a7   Data           1  os_can1.o(.data)
    ultrasonic_correct_flag                  0x200002a8   Data           1  os_can1.o(.data)
    spin_direction_flag                      0x200002a9   Data           1  os_can1.o(.data)
    Utc_Answer                               0x200002aa   Data           1  os_can1.o(.data)
    Gyo_X                                    0x200002ac   Data           2  os_can1.o(.data)
    Gyo_Y                                    0x200002ae   Data           2  os_can1.o(.data)
    Gyo_Z                                    0x200002b0   Data           4  os_can1.o(.data)
    direction_zero                           0x200002b4   Data           4  os_can1.o(.data)
    ultrasonic_correct_threshold             0x200002b8   Data           2  os_can1.o(.data)
    yaw_angle                                0x200002bc   Data           4  os_can1.o(.data)
    yaw_angle_360                            0x200002c0   Data           4  os_can1.o(.data)
    yaw_angle_180                            0x200002c4   Data           4  os_can1.o(.data)
    distance_error                           0x200002c8   Data           4  os_can1.o(.data)
    add_A1                                   0x200002cc   Data           4  os_can1.o(.data)
    add_A2                                   0x200002d0   Data           4  os_can1.o(.data)
    add_A3                                   0x200002d4   Data           4  os_can1.o(.data)
    add_A4                                   0x200002d8   Data           4  os_can1.o(.data)
    add_B1                                   0x200002dc   Data           4  os_can1.o(.data)
    add_B2                                   0x200002e0   Data           4  os_can1.o(.data)
    add_B3                                   0x200002e4   Data           4  os_can1.o(.data)
    add_B4                                   0x200002e8   Data           4  os_can1.o(.data)
    Yaw                                      0x200002ee   Data           2  os_can1.o(.data)
    RandomMotor1                             0x200002f0   Data           4  os_can1.o(.data)
    RandomMotor2                             0x200002f4   Data           4  os_can1.o(.data)
    RandomMotor3                             0x200002f8   Data           4  os_can1.o(.data)
    RandomMotor4                             0x200002fc   Data           4  os_can1.o(.data)
    speed                                    0x20000300   Data           4  os_can1.o(.data)
    lastspeed                                0x20000304   Data           4  os_can1.o(.data)
    error                                    0x20000308   Data           4  os_can1.o(.data)
    lasterror                                0x2000030c   Data           4  os_can1.o(.data)
    kp                                       0x20000310   Data           4  os_can1.o(.data)
    kd                                       0x20000314   Data           4  os_can1.o(.data)
    speed_y                                  0x20000318   Data           4  os_can1.o(.data)
    lastspeed_y                              0x2000031c   Data           4  os_can1.o(.data)
    error_y                                  0x20000320   Data           4  os_can1.o(.data)
    lasterror_y                              0x20000324   Data           4  os_can1.o(.data)
    y_kp                                     0x20000328   Data           4  os_can1.o(.data)
    y_kd                                     0x2000032c   Data           4  os_can1.o(.data)
    __stdout                                 0x20000338   Data           4  stdout.o(.data)
    mp_tcb                                   0x20000340   Data         852  rtx_conf_cm.o(.bss)
    mp_stk                                   0x20000698   Data         528  rtx_conf_cm.o(.bss)
    os_fifo                                  0x200008a8   Data         132  rtx_conf_cm.o(.bss)
    os_active_TCB                            0x2000092c   Data          60  rtx_conf_cm.o(.bss)
    mp_tmr                                   0x20000968   Data          20  rtx_conf_cm.o(.bss)
    PitchPID                                 0x20000980   Data         228  main.o(.bss)
    YawPID                                   0x20000a64   Data         228  main.o(.bss)
    CarFramePID                              0x20000b48   Data         164  main.o(.bss)
    TurnplatePID                             0x20000bec   Data         292  main.o(.bss)
    GameInfo                                 0x20002910   Data          38  main.o(.bss)
    MBX_rx0_ctrl                             0x20002970   Data         432  bsp_can.o(.bss)
    MBX_rx1_ctrl                             0x20002b20   Data         432  bsp_can.o(.bss)
    CAN1_FIFO                                0x20002cd0   Data       20552  bsp_can.o(.bss)
    CAN2_FIFO                                0x20007d18   Data       20552  bsp_can.o(.bss)
    dr16_mailbox                             0x2000cdb0   Data        4112  bsp_dr16.o(.bss)
    sbus_rx_buffer                           0x2000ddc0   Data          25  bsp_dr16.o(.bss)
    USART1_TX_BUF                            0x2000e1e0   Data        2048  bsp_usart.o(.bss)
    os_rdy                                   0x2000e9e0   Data          24  rt_list.o(.bss)
    os_dly                                   0x2000e9f8   Data          24  rt_list.o(.bss)
    os_idle_TCB                              0x2000ea10   Data          56  rt_task.o(.bss)
    AngleCorrect                             0x2000ea48   Data          24  os_can2.o(.bss)
    Speed6623                                0x2000ea60   Data          16  os_can2.o(.bss)
    Parameter_User                           0x2000ea90   Data          64  setparameter.o(.bss)
    Parameter_Operater                       0x2000ead0   Data          64  setparameter.o(.bss)
    CVPID                                    0x2000eb10   Data         228  os_can1.o(.bss)
    CVPitchPID                               0x2000ebf4   Data         228  os_can1.o(.bss)
    RandomMotor                              0x2000ecd8   Data          16  os_can1.o(.bss)
    __initial_sp                             0x2000f0e8   Data           0  startup_stm32f40_41xxx.o(STACK)



==============================================================================

Memory Map of the image

  Image Entry point : 0x08000189

  Load Region LR_IROM1 (Base: 0x08000000, Size: 0x0000b4c0, Max: 0x00100000, ABSOLUTE, COMPRESSED[0x0000b258])

    Execution Region ER_IROM1 (Base: 0x08000000, Size: 0x0000b184, Max: 0x00100000, ABSOLUTE)

    Base Addr    Size         Type   Attr      Idx    E Section Name        Object

    0x08000000   0x00000188   Data   RO         1301    RESET               startup_stm32f40_41xxx.o
    0x08000188   0x00000000   Code   RO         6107  * .ARM.Collect$$$$00000000  mc_w.l(entry.o)
    0x08000188   0x00000004   Code   RO         6401    .ARM.Collect$$$$00000001  mc_w.l(entry2.o)
    0x0800018c   0x00000004   Code   RO         6404    .ARM.Collect$$$$00000004  mc_w.l(entry5.o)
    0x08000190   0x00000000   Code   RO         6406    .ARM.Collect$$$$00000008  mc_w.l(entry7b.o)
    0x08000190   0x00000004   Code   RO         6407    .ARM.Collect$$$$00000009  mc_w.l(entry8a.o)
    0x08000194   0x00000000   Code   RO         6408    .ARM.Collect$$$$0000000A  mc_w.l(entry8b.o)
    0x08000194   0x00000008   Code   RO         6409    .ARM.Collect$$$$0000000B  mc_w.l(entry9a.o)
    0x0800019c   0x00000000   Code   RO         6411    .ARM.Collect$$$$0000000D  mc_w.l(entry10a.o)
    0x0800019c   0x00000000   Code   RO         6413    .ARM.Collect$$$$0000000F  mc_w.l(entry11a.o)
    0x0800019c   0x00000004   Code   RO         6402    .ARM.Collect$$$$00002712  mc_w.l(entry2.o)
    0x080001a0   0x0000019c   Code   RO         3933    .emb_text           hal_cm4.o
    0x0800033c   0x00000024   Code   RO         1302    .text               startup_stm32f40_41xxx.o
    0x08000360   0x00000078   Code   RO         5807    .text               arm_cortexM4lf_math.lib(arm_cos_f32.o)
    0x080003d8   0x00000074   Code   RO         5860    .text               arm_cortexM4lf_math.lib(arm_sin_f32.o)
    0x0800044c   0x00000090   Code   RO         5884    .text               arm_cortexM4lf_math.lib(arm_mean_f32.o)
    0x080004dc   0x00000098   Code   RO         5980    .text               arm_cortexM4lf_math.lib(arm_copy_q15.o)
    0x08000574   0x00000024   Code   RO         6112    .text               mc_w.l(rand.o)
    0x08000598   0x00000024   Code   RO         6115    .text               mc_w.l(memcpya.o)
    0x080005bc   0x0000000e   Code   RO         6117    .text               mc_w.l(strlen.o)
    0x080005ca   0x00000002   PAD
    0x080005cc   0x00000020   Code   RO         6385    .text               mc_w.l(cpp_init.o)
    0x080005ec   0x0000014e   Code   RO         6387    .text               mf_w.l(dadd.o)
    0x0800073a   0x000000de   Code   RO         6389    .text               mf_w.l(ddiv.o)
    0x08000818   0x0000002c   Code   RO         6391    .text               mf_w.l(ffltl.o)
    0x08000844   0x00000022   Code   RO         6393    .text               mf_w.l(dflti.o)
    0x08000866   0x0000003e   Code   RO         6395    .text               mf_w.l(dfixi.o)
    0x080008a4   0x00000026   Code   RO         6397    .text               mf_w.l(f2d.o)
    0x080008ca   0x0000002c   Code   RO         6416    .text               mc_w.l(uidiv.o)
    0x080008f6   0x00000062   Code   RO         6418    .text               mc_w.l(uldiv.o)
    0x08000958   0x0000001e   Code   RO         6420    .text               mc_w.l(llshl.o)
    0x08000976   0x00000020   Code   RO         6422    .text               mc_w.l(llushr.o)
    0x08000996   0x00000024   Code   RO         6424    .text               mc_w.l(llsshr.o)
    0x080009ba   0x00000000   Code   RO         6426    .text               mc_w.l(iusefp.o)
    0x080009ba   0x0000006e   Code   RO         6427    .text               mf_w.l(fepilogue.o)
    0x08000a28   0x000000ba   Code   RO         6429    .text               mf_w.l(depilogue.o)
    0x08000ae2   0x000000e4   Code   RO         6431    .text               mf_w.l(dmul.o)
    0x08000bc6   0x00000030   Code   RO         6433    .text               mf_w.l(dfixul.o)
    0x08000bf6   0x00000002   PAD
    0x08000bf8   0x00000030   Code   RO         6435    .text               mf_w.l(cdrcmple.o)
    0x08000c28   0x00000024   Code   RO         6437    .text               mc_w.l(init.o)
    0x08000c4c   0x00000056   Code   RO         6447    .text               mc_w.l(__dczerorl2.o)
    0x08000ca2   0x00000002   PAD
    0x08000ca4   0x00000004   Code   RO         3974    SVC_TABLE           svc_table.o
    0x08000ca8   0x000000e0   Code   RO         5571    i.Base_AutoAttack   os_can1.o
    0x08000d88   0x00000004   Code   RO          731    i.BusFault_Handler  stm32f4xx_it.o
    0x08000d8c   0x0000003c   Code   RO          930    i.CAN1_RX0_IRQHandler  bsp_can.o
    0x08000dc8   0x0000003c   Code   RO          931    i.CAN1_RX1_IRQHandler  bsp_can.o
    0x08000e04   0x0000003c   Code   RO          932    i.CAN2_RX0_IRQHandler  bsp_can.o
    0x08000e40   0x0000003c   Code   RO          933    i.CAN2_RX1_IRQHandler  bsp_can.o
    0x08000e7c   0x00000038   Code   RO         2814    i.CAN_ClearFlag     stm32f4xx_can.o
    0x08000eb4   0x000000a8   Code   RO         2815    i.CAN_ClearITPendingBit  stm32f4xx_can.o
    0x08000f5c   0x00000038   Code   RO         2817    i.CAN_DeInit        stm32f4xx_can.o
    0x08000f94   0x00000018   Code   RO          935    i.CAN_FIFO_IRQ      bsp_can.o
    0x08000fac   0x00000194   Code   RO          936    i.CAN_FIFO_ToSend   bsp_can.o
    0x08001140   0x00000108   Code   RO         2819    i.CAN_FilterInit    stm32f4xx_can.o
    0x08001248   0x00000120   Code   RO         2821    i.CAN_GetITStatus   stm32f4xx_can.o
    0x08001368   0x00000012   Code   RO         2825    i.CAN_ITConfig      stm32f4xx_can.o
    0x0800137a   0x00000114   Code   RO         2826    i.CAN_Init          stm32f4xx_can.o
    0x0800148e   0x000000f0   Code   RO         2829    i.CAN_Receive       stm32f4xx_can.o
    0x0800157e   0x00000002   PAD
    0x08001580   0x00000034   Code   RO         2830    i.CAN_SlaveStartBank  stm32f4xx_can.o
    0x080015b4   0x00000126   Code   RO         2834    i.CAN_Transmit      stm32f4xx_can.o
    0x080016da   0x000000ee   Code   RO          937    i.CAN_TransmitForMailbox  bsp_can.o
    0x080017c8   0x00000044   Code   RO          938    i.CAN_mailbox_init  bsp_can.o
    0x0800180c   0x00000058   Code   RO          939    i.CAN_receive       bsp_can.o
    0x08001864   0x00000030   Code   RO          940    i.CanFifoInit       bsp_can.o
    0x08001894   0x00000012   Code   RO         2837    i.CheckITStatus     stm32f4xx_can.o
    0x080018a6   0x00000002   PAD
    0x080018a8   0x000000b0   Code   RO         5043    i.CheckParameter_Operater  setparameter.o
    0x08001958   0x000000cc   Code   RO         5044    i.CheckParameter_User  setparameter.o
    0x08001a24   0x00000022   Code   RO          810    i.ConfigTIMNVIC     bsp_hardtimer.o
    0x08001a46   0x00000020   Code   RO         1209    i.ConfigUartNVIC    bsp_usart.o
    0x08001a66   0x00000002   PAD
    0x08001a68   0x00000028   Code   RO         5195    i.DMA1_Stream3_IRQHandler  usartframe_stm32.o
    0x08001a90   0x00000038   Code   RO         1059    i.DMA1_Stream5_IRQHandler  bsp_dr16.o
    0x08001ac8   0x00000028   Code   RO         1210    i.DMA2_Stream7_IRQHandler  bsp_usart.o
    0x08001af0   0x00000034   Code   RO         2050    i.DMA_ClearITPendingBit  stm32f4xx_dma.o
    0x08001b24   0x00000016   Code   RO         2051    i.DMA_Cmd           stm32f4xx_dma.o
    0x08001b3a   0x00000002   PAD
    0x08001b3c   0x00000158   Code   RO         2052    i.DMA_DeInit        stm32f4xx_dma.o
    0x08001c94   0x00000014   Code   RO         2056    i.DMA_GetCmdStatus  stm32f4xx_dma.o
    0x08001ca8   0x00000064   Code   RO         2061    i.DMA_GetITStatus   stm32f4xx_dma.o
    0x08001d0c   0x0000003a   Code   RO         2062    i.DMA_ITConfig      stm32f4xx_dma.o
    0x08001d46   0x00000002   PAD
    0x08001d48   0x00000058   Code   RO         2063    i.DMA_Init          stm32f4xx_dma.o
    0x08001da0   0x0000000a   Code   RO         2064    i.DMA_MemoryTargetConfig  stm32f4xx_dma.o
    0x08001daa   0x00000004   Code   RO         2066    i.DMA_SetCurrDataCounter  stm32f4xx_dma.o
    0x08001dae   0x00000002   PAD
    0x08001db0   0x00000018   Code   RO         1060    i.DR16_mailbox_init  bsp_dr16.o
    0x08001dc8   0x00000020   Code   RO         1061    i.DR16_receive      bsp_dr16.o
    0x08001de8   0x00000002   Code   RO          732    i.DebugMon_Handler  stm32f4xx_it.o
    0x08001dea   0x00000002   PAD
    0x08001dec   0x00000010   Code   RO         4734    i.Duoji_Open        pwm.o
    0x08001dfc   0x0000001e   Code   RO         4737    i.ESC_RUN           pwm.o
    0x08001e1a   0x0000001a   Code   RO         4738    i.ESC_STOP          pwm.o
    0x08001e34   0x00000048   Code   RO         4739    i.ESC_Toggle        pwm.o
    0x08001e7c   0x00000002   Code   RO         1107    i.EXTI15_10_IRQHandler  bsp_exti.o
    0x08001e7e   0x00000002   PAD
    0x08001e80   0x00000068   Code   RO         1108    i.EXTI9_5_IRQHandler  bsp_exti.o
    0x08001ee8   0x0000000c   Code   RO         2748    i.EXTI_ClearITPendingBit  stm32f4xx_exti.o
    0x08001ef4   0x0000002c   Code   RO         1109    i.EXTI_Cmd          bsp_exti.o
    0x08001f20   0x00000018   Code   RO         2752    i.EXTI_GetITStatus  stm32f4xx_exti.o
    0x08001f38   0x00000038   Code   RO         4627    i.Encoder_Get_CNT   turnplatemotor.o
    0x08001f70   0x00000010   Code   RO         4628    i.Encoder_Start     turnplatemotor.o
    0x08001f80   0x00000024   Code   RO         2981    i.FLASH_DataCacheCmd  stm32f4xx_flash.o
    0x08001fa4   0x00000088   Code   RO         2986    i.FLASH_EraseSector  stm32f4xx_flash.o
    0x0800202c   0x00000054   Code   RO         2988    i.FLASH_GetStatus   stm32f4xx_flash.o
    0x08002080   0x00000014   Code   RO         2992    i.FLASH_Lock        stm32f4xx_flash.o
    0x08002094   0x00000050   Code   RO         3016    i.FLASH_ProgramWord  stm32f4xx_flash.o
    0x080020e4   0x00000024   Code   RO         3018    i.FLASH_Unlock      stm32f4xx_flash.o
    0x08002108   0x00000022   Code   RO         3019    i.FLASH_WaitForLastOperation  stm32f4xx_flash.o
    0x0800212a   0x00000090   Code   RO         1756    i.GPIO_Init         stm32f4xx_gpio.o
    0x080021ba   0x00000046   Code   RO         1757    i.GPIO_PinAFConfig  stm32f4xx_gpio.o
    0x08002200   0x00000010   Code   RO         4842    i.GetMotorEncoder   os_can2.o
    0x08002210   0x0000000c   Code   RO         5045    i.GetParaFlag       setparameter.o
    0x0800221c   0x00000030   Code   RO         5046    i.GetParameter_Operater  setparameter.o
    0x0800224c   0x00000030   Code   RO         5047    i.GetParameter_User  setparameter.o
    0x0800227c   0x0000000c   Code   RO         4931    i.Get_AxicX         os_dr16.o
    0x08002288   0x0000000c   Code   RO         4932    i.Get_AxicY         os_dr16.o
    0x08002294   0x0000000c   Code   RO         4933    i.Get_AxicZ         os_dr16.o
    0x080022a0   0x0000000c   Code   RO         4740    i.Get_ESC_Flag      pwm.o
    0x080022ac   0x0000000c   Code   RO         5578    i.Get_cv_flag       os_can1.o
    0x080022b8   0x00000058   Code   RO          733    i.HardFault_Handler  stm32f4xx_it.o
    0x08002310   0x00000012   Code   RO         5579    i.Hardware_Random_Init  os_can1.o
    0x08002322   0x00000002   PAD
    0x08002324   0x0000004c   Code   RO         5414    i.IIC_Ack           myiic.o
    0x08002370   0x0000004c   Code   RO         5415    i.IIC_Init          myiic.o
    0x080023bc   0x0000004c   Code   RO         5416    i.IIC_NAck          myiic.o
    0x08002408   0x0000006c   Code   RO         5417    i.IIC_Read_Byte     myiic.o
    0x08002474   0x00000064   Code   RO         5418    i.IIC_Send_Byte     myiic.o
    0x080024d8   0x0000004c   Code   RO         5419    i.IIC_Start         myiic.o
    0x08002524   0x00000048   Code   RO         5420    i.IIC_Stop          myiic.o
    0x0800256c   0x00000060   Code   RO         5421    i.IIC_Wait_Ack      myiic.o
    0x080025cc   0x00000174   Code   RO          941    i.InitHardCAN       bsp_can.o
    0x08002740   0x00000038   Code   RO          811    i.InitHardTIM       bsp_hardtimer.o
    0x08002778   0x00000098   Code   RO         1211    i.InitHardUart      bsp_usart.o
    0x08002810   0x00000058   Code   RO         5048    i.InitParameter_Operater  setparameter.o
    0x08002868   0x00000060   Code   RO         5049    i.InitParameter_User  setparameter.o
    0x080028c8   0x00000038   Code   RO         4123    i.Initial_System_Timer  systemtimer.o
    0x08002900   0x00000050   Code   RO         5325    i.MPU_Get_Gyroscope  mpu6050.o
    0x08002950   0x0000007e   Code   RO         5327    i.MPU_Init          mpu6050.o
    0x080029ce   0x0000003a   Code   RO         5328    i.MPU_Read_Byte     mpu6050.o
    0x08002a08   0x00000074   Code   RO         5329    i.MPU_Read_Len      mpu6050.o
    0x08002a7c   0x00000010   Code   RO         5330    i.MPU_Set_Accel_Fsr  mpu6050.o
    0x08002a8c   0x00000010   Code   RO         5331    i.MPU_Set_Gyro_Fsr  mpu6050.o
    0x08002a9c   0x0000003a   Code   RO         5332    i.MPU_Set_LPF       mpu6050.o
    0x08002ad6   0x0000003a   Code   RO         5333    i.MPU_Set_Rate      mpu6050.o
    0x08002b10   0x00000044   Code   RO         5334    i.MPU_Write_Byte    mpu6050.o
    0x08002b54   0x00000004   Code   RO          734    i.MemManage_Handler  stm32f4xx_it.o
    0x08002b58   0x00000058   Code   RO         4741    i.Model_Select_Initial  pwm.o
    0x08002bb0   0x0000000c   Code   RO         3982    i.Motor             motor.o
    0x08002bbc   0x0000010c   Code   RO         3983    i.Motor_Aguest      motor.o
    0x08002cc8   0x00000030   Code   RO         5580    i.Motor_Aguest_Random  os_can1.o
    0x08002cf8   0x00000068   Code   RO         3984    i.Motor_CarFrame    motor.o
    0x08002d60   0x000000ba   Code   RO         3985    i.Motor_DataScale   motor.o
    0x08002e1a   0x00000002   PAD
    0x08002e1c   0x00000050   Code   RO         3987    i.Motor_Power       motor.o
    0x08002e6c   0x00000040   Code   RO         3988    i.Motor_YawPitch    motor.o
    0x08002eac   0x000003c8   Code   RO         5581    i.Moving_Gyo        os_can1.o
    0x08003274   0x000000c8   Code   RO          942    i.MyCAN_TransmitStatus  bsp_can.o
    0x0800333c   0x00000002   Code   RO          735    i.NMI_Handler       stm32f4xx_it.o
    0x0800333e   0x00000002   PAD
    0x08003340   0x00000078   Code   RO         1707    i.NVIC_Init         misc.o
    0x080033b8   0x00000064   Code   RO         4844    i.New_Board         os_can2.o
    0x0800341c   0x00000084   Code   RO          943    i.POP_CAN_FIFO      bsp_can.o
    0x080034a0   0x00000094   Code   RO          944    i.PUSH_CAN_FIFO     bsp_can.o
    0x08003534   0x000000cc   Code   RO         5050    i.ParaSetting       setparameter.o
    0x08003600   0x00000118   Code   RO         4845    i.PitchMotor        os_can2.o
    0x08003718   0x00000020   Code   RO         1309    i.RCC_AHB1PeriphClockCmd  stm32f4xx_rcc.o
    0x08003738   0x00000020   Code   RO         1312    i.RCC_AHB2PeriphClockCmd  stm32f4xx_rcc.o
    0x08003758   0x00000020   Code   RO         1318    i.RCC_APB1PeriphClockCmd  stm32f4xx_rcc.o
    0x08003778   0x00000020   Code   RO         1320    i.RCC_APB1PeriphResetCmd  stm32f4xx_rcc.o
    0x08003798   0x00000020   Code   RO         1321    i.RCC_APB2PeriphClockCmd  stm32f4xx_rcc.o
    0x080037b8   0x00000020   Code   RO         1323    i.RCC_APB2PeriphResetCmd  stm32f4xx_rcc.o
    0x080037d8   0x000000e8   Code   RO         1330    i.RCC_GetClocksFreq  stm32f4xx_rcc.o
    0x080038c0   0x00000024   Code   RO         3294    i.RNG_Cmd           stm32f4xx_rng.o
    0x080038e4   0x00000018   Code   RO         3296    i.RNG_GetFlagStatus  stm32f4xx_rng.o
    0x080038fc   0x0000000c   Code   RO         3298    i.RNG_GetRandomNumber  stm32f4xx_rng.o
    0x08003908   0x00000134   Code   RO         5587    i.Run_Spin          os_can1.o
    0x08003a3c   0x0000000c   Code   RO         4934    i.Run_Start         os_dr16.o
    0x08003a48   0x000000a0   Code   RO         1159    i.STMFLASH_GetFlashSector  bsp_stmflash.o
    0x08003ae8   0x00000020   Code   RO         1160    i.STMFLASH_Read     bsp_stmflash.o
    0x08003b08   0x00000006   Code   RO         1161    i.STMFLASH_ReadWord  bsp_stmflash.o
    0x08003b0e   0x00000002   PAD
    0x08003b10   0x00000098   Code   RO         1162    i.STMFLASH_Write    bsp_stmflash.o
    0x08003ba8   0x00000030   Code   RO         5588    i.Send_OverPowerFlag  os_can1.o
    0x08003bd8   0x0000000c   Code   RO         5051    i.SetParaFlag       setparameter.o
    0x08003be4   0x00000034   Code   RO         5052    i.SetPara_DR        setparameter.o
    0x08003c18   0x00000050   Code   RO         5053    i.SetPara_KM        setparameter.o
    0x08003c68   0x0000015c   Code   RO         5054    i.SetPara_Operater  setparameter.o
    0x08003dc4   0x00000020   Code   RO         5055    i.SetParameter_Operater  setparameter.o
    0x08003de4   0x00000020   Code   RO         5056    i.SetParameter_User  setparameter.o
    0x08003e04   0x000000ec   Code   RO         3358    i.SetSysClock       system_stm32f4xx.o
    0x08003ef0   0x00000010   Code   RO         4742    i.Set_ESC_Flag      pwm.o
    0x08003f00   0x0000000c   Code   RO         5589    i.Set_cv_flag       os_can1.o
    0x08003f0c   0x00000068   Code   RO         3360    i.SystemInit        system_stm32f4xx.o
    0x08003f74   0x00000028   Code   RO          812    i.TIM1_UP_TIM10_IRQHandler  bsp_hardtimer.o
    0x08003f9c   0x00000068   Code   RO          813    i.TIM1_timer        bsp_hardtimer.o
    0x08004004   0x000000f8   Code   RO         4743    i.TIM2_PWM_Configuration  pwm.o
    0x080040fc   0x00000104   Code   RO          814    i.TIM3_IRQHandler   bsp_hardtimer.o
    0x08004200   0x0000009c   Code   RO         4744    i.TIM3_PWM_Configuration  pwm.o
    0x0800429c   0x00000034   Code   RO          815    i.TIMVarInit        bsp_hardtimer.o
    0x080042d0   0x00000018   Code   RO         2185    i.TIM_ARRPreloadConfig  stm32f4xx_tim.o
    0x080042e8   0x00000006   Code   RO         2192    i.TIM_ClearITPendingBit  stm32f4xx_tim.o
    0x080042ee   0x00000018   Code   RO         2197    i.TIM_Cmd           stm32f4xx_tim.o
    0x08004306   0x00000042   Code   RO         2206    i.TIM_EncoderInterfaceConfig  stm32f4xx_tim.o
    0x08004348   0x00000006   Code   RO         2216    i.TIM_GetCounter    stm32f4xx_tim.o
    0x0800434e   0x00000022   Code   RO         2218    i.TIM_GetITStatus   stm32f4xx_tim.o
    0x08004370   0x00000012   Code   RO         2222    i.TIM_ITConfig      stm32f4xx_tim.o
    0x08004382   0x00000002   PAD
    0x08004384   0x0000007c   Code   RO         2226    i.TIM_OC1Init       stm32f4xx_tim.o
    0x08004400   0x00000012   Code   RO         2229    i.TIM_OC1PreloadConfig  stm32f4xx_tim.o
    0x08004412   0x00000002   PAD
    0x08004414   0x000000a4   Code   RO         2231    i.TIM_OC2Init       stm32f4xx_tim.o
    0x080044b8   0x0000001a   Code   RO         2234    i.TIM_OC2PreloadConfig  stm32f4xx_tim.o
    0x080044d2   0x00000002   PAD
    0x080044d4   0x000000a0   Code   RO         2236    i.TIM_OC3Init       stm32f4xx_tim.o
    0x08004574   0x00000012   Code   RO         2239    i.TIM_OC3PreloadConfig  stm32f4xx_tim.o
    0x08004586   0x00000002   PAD
    0x08004588   0x00000078   Code   RO         2241    i.TIM_OC4Init       stm32f4xx_tim.o
    0x08004600   0x0000001a   Code   RO         2243    i.TIM_OC4PreloadConfig  stm32f4xx_tim.o
    0x0800461a   0x00000004   Code   RO         2259    i.TIM_SetCompare1   stm32f4xx_tim.o
    0x0800461e   0x00000004   Code   RO         2260    i.TIM_SetCompare2   stm32f4xx_tim.o
    0x08004622   0x00000004   Code   RO         2261    i.TIM_SetCompare3   stm32f4xx_tim.o
    0x08004626   0x00000004   Code   RO         2262    i.TIM_SetCompare4   stm32f4xx_tim.o
    0x0800462a   0x00000002   PAD
    0x0800462c   0x00000084   Code   RO         2269    i.TIM_TimeBaseInit  stm32f4xx_tim.o
    0x080046b0   0x00000070   Code   RO         4629    i.Turn_PlateMotor_IO_Configuratuion  turnplatemotor.o
    0x08004720   0x00000040   Code   RO         4630    i.Turnplate_motor   turnplatemotor.o
    0x08004760   0x00000030   Code   RO         4635    i.Turnplate_motor_Toggle  turnplatemotor.o
    0x08004790   0x00000064   Code   RO         4636    i.Turnplate_motor_cofiguration  turnplatemotor.o
    0x080047f4   0x00000110   Code   RO         4637    i.Turnplate_motor_drive  turnplatemotor.o
    0x08004904   0x0000004c   Code   RO         1212    i.USART1_DMA_Send   bsp_usart.o
    0x08004950   0x00000058   Code   RO         1213    i.USART1_IRQHandler  bsp_usart.o
    0x080049a8   0x00000050   Code   RO         5196    i.USART3_IRQHandler  usartframe_stm32.o
    0x080049f8   0x00000018   Code   RO         1861    i.USART_Cmd         stm32f4xx_usart.o
    0x08004a10   0x00000012   Code   RO         1862    i.USART_DMACmd      stm32f4xx_usart.o
    0x08004a22   0x00000002   PAD
    0x08004a24   0x000000f0   Code   RO         1863    i.USART_DeInit      stm32f4xx_usart.o
    0x08004b14   0x0000001a   Code   RO         1864    i.USART_GetFlagStatus  stm32f4xx_usart.o
    0x08004b2e   0x00000054   Code   RO         1865    i.USART_GetITStatus  stm32f4xx_usart.o
    0x08004b82   0x0000004a   Code   RO         1867    i.USART_ITConfig    stm32f4xx_usart.o
    0x08004bcc   0x000000d4   Code   RO         1868    i.USART_Init        stm32f4xx_usart.o
    0x08004ca0   0x00000008   Code   RO         1878    i.USART_SendData    stm32f4xx_usart.o
    0x08004ca8   0x00000004   Code   RO          736    i.UsageFault_Handler  stm32f4xx_it.o
    0x08004cac   0x00000110   Code   RO         1215    i.UsartDMA_Init     bsp_usart.o
    0x08004dbc   0x0000000c   Code   RO         5201    i.UsasrFrameInit    usartframe_stm32.o
    0x08004dc8   0x00000030   Code   RO         3989    i.X_Axic            motor.o
    0x08004df8   0x00000030   Code   RO         3990    i.Y_Axic            motor.o
    0x08004e28   0x00000158   Code   RO         4846    i.YawAngle          os_can2.o
    0x08004f80   0x00000158   Code   RO         4847    i.YawAngle_6050     os_can2.o
    0x080050d8   0x000000c0   Code   RO         4848    i.YawAngle_ADXRS622  os_can2.o
    0x08005198   0x000001c4   Code   RO         4849    i.YawMotor          os_can2.o
    0x0800535c   0x00000030   Code   RO         3991    i.Z_Axic            motor.o
    0x0800538c   0x0000003c   Code   RO          269    i._Z10DEBUG_DATAv   main.o
    0x080053c8   0x000000b4   Code   RO         4638    i._Z10ESCSetParafffff  turnplatemotor.o
    0x0800547c   0x00000028   Code   RO         4448    i._Z10SetIMaxMinff  debugtoolsconfig.o
    0x080054a4   0x00000028   Code   RO         4449    i._Z10SetPMaxMinff  debugtoolsconfig.o
    0x080054cc   0x0000007c   Code   RO         4452    i._Z11SetPitchPidfff  debugtoolsconfig.o
    0x08005548   0x00000020   Code   RO          270    i._Z12AppObjCreatev  main.o
    0x08005568   0x000000dc   Code   RO          271    i._Z12DR16_SxValuev  main.o
    0x08005644   0x000001a8   Code   RO          272    i._Z13AppTaskCreatev  main.o
    0x080057ec   0x00000100   Code   RO          273    i._Z13Boot_Sequencev  main.o
    0x080058ec   0x0000002c   Code   RO          274    i._Z13DR16_DATA_Recv  main.o
    0x08005918   0x00000044   Code   RO         4555    i._Z13Middle_filterPsPhhs  filter.o
    0x0800595c   0x000000e8   Code   RO          275    i._Z13PCData_Aguestv  main.o
    0x08005a44   0x00000050   Code   RO         4556    i._Z13Slider_FilterPfPhhf  filter.o
    0x08005a94   0x00000160   Code   RO          276    i._Z14CAN1_DATA0_Recv  main.o
    0x08005bf4   0x0000007c   Code   RO          277    i._Z14CAN2_DATA0_Recv  main.o
    0x08005c70   0x000000ac   Code   RO          278    i._Z14CAN2_DATA1_Recv  main.o
    0x08005d1c   0x00000180   Code   RO          279    i._Z15CarFrame_Aguestv  main.o
    0x08005e9c   0x000001bc   Code   RO          280    i._Z15DisconnectCheckv  main.o
    0x08006058   0x000000a8   Code   RO          281    i._Z15PitchYaw_Aguestv  main.o
    0x08006100   0x000001e8   Code   RO          282    i._Z16Turnplate_Aguestv  main.o
    0x080062e8   0x00000050   Code   RO         4166    i._Z3TRIffff        cpid.o
    0x08006338   0x00000038   Code   RO         4453    i._Z4tipsv          debugtoolsconfig.o
    0x08006370   0x00000038   Code   RO         4167    i._Z6LAD_UPfff      cpid.o
    0x080063a8   0x00000042   Code   RO         4935    i._Z7DR16_KMP8RC_ValuetP13KM_KEY_STRUCT  os_dr16.o
    0x080063ea   0x00000002   PAD
    0x080063ec   0x00000034   Code   RO          284    i._Z8EXTITaskv      main.o
    0x08006420   0x00000038   Code   RO         4168    i._Z8LAD_DOWNfff    cpid.o
    0x08006458   0x000001fc   Code   RO         4454    i._Z8SetFuzzyffff   debugtoolsconfig.o
    0x08006654   0x000000b4   Code   RO          285    i._Z8pitchyawv      main.o
    0x08006708   0x00000020   Code   RO         4455    i._Z9SetTargetf     debugtoolsconfig.o
    0x08006728   0x0000001c   Code   RO          286    i._Z9TaskStartv     main.o
    0x08006744   0x00000006   Code   RO         4171    i._ZN7PIDBase10SetCurrentEf  cpid.o
    0x0800674a   0x0000000a   Code   RO         4173    i._ZN7PIDBase10SetIMaxMinEff  cpid.o
    0x08006754   0x0000000a   Code   RO         4174    i._ZN7PIDBase10SetPMaxMinEff  cpid.o
    0x0800675e   0x0000000a   Code   RO         4176    i._ZN7PIDBase15SetTargetMaxMinEff  cpid.o
    0x08006768   0x0000000e   Code   RO         4177    i._ZN7PIDBase6SetPIDEfff  cpid.o
    0x08006776   0x0000002e   Code   RO         4178    i._ZN7PIDBase9SetTargetEf  cpid.o
    0x080067a4   0x0000004c   Code   RO         4179    i._ZN7PIDBaseC1Efffffffffffff  cpid.o
    0x080067f0   0x00000006   Code   RO         5166    i._ZN8FUZZYPID14SetOmegaOffsetEf  setparameter.o
    0x080067f6   0x0000012c   Code   RO         4180    i._ZN8FUZZYPID8FuzzyPIDEff  cpid.o
    0x08006922   0x00000058   Code   RO         4532    i._ZN8FUZZYPID8SetFuzzyEffff  debugtoolsconfig.o
    0x0800697a   0x0000001c   Code   RO          420    i._ZN8FUZZYPID8SetOmegaEfh  main.o
    0x08006996   0x00000002   PAD
    0x08006998   0x000001b8   Code   RO         4181    i._ZN8FUZZYPID9AdjustPIDEv  cpid.o
    0x08006b50   0x000000e8   Code   RO         4182    i._ZN8FUZZYPIDC1Efffffffffffffffffffffffff  cpid.o
    0x08006c38   0x00000060   Code   RO         4183    i._ZN8PIDTimer15UpdataTimeStampEv  cpid.o
    0x08006c98   0x000001e8   Code   RO         4184    i._ZN9FUZZYSPID9AdjustPIDEv  cpid.o
    0x08006e80   0x000000e6   Code   RO          426    i._ZN9FUZZYSPIDC1Efffffffffffffffffffffffff  main.o
    0x08006f66   0x00000002   PAD
    0x08006f68   0x00000020   Code   RO         6328    i.__0printf$8       mc_w.l(printf8.o)
    0x08006f88   0x00000024   Code   RO         6360    i.__0vsprintf       mc_w.l(printfa.o)
    0x08006fac   0x0000000e   Code   RO         6441    i.__scatterload_copy  mc_w.l(handlers.o)
    0x08006fba   0x00000002   Code   RO         6442    i.__scatterload_null  mc_w.l(handlers.o)
    0x08006fbc   0x0000000e   Code   RO         6443    i.__scatterload_zeroinit  mc_w.l(handlers.o)
    0x08006fca   0x00000002   PAD
    0x08006fcc   0x00000158   Code   RO         5593    i.__sti___11_os_can1_cpp_CVPID  os_can1.o
    0x08007124   0x000002e0   Code   RO          287    i.__sti___8_main_cpp_7d6d8351  main.o
    0x08007404   0x00000164   Code   RO         6361    i._fp_digits        mc_w.l(printfa.o)
    0x08007568   0x00000058   Code   RO         3591    i._init_box         rt_membox.o
    0x080075c0   0x00000410   Code   RO         6335    i._printf_core      mc_w.l(printf8.o)
    0x080079d0   0x000006dc   Code   RO         6362    i._printf_core      mc_w.l(printfa.o)
    0x080080ac   0x00000024   Code   RO         6336    i._printf_post_padding  mc_w.l(printf8.o)
    0x080080d0   0x00000024   Code   RO         6363    i._printf_post_padding  mc_w.l(printfa.o)
    0x080080f4   0x0000002e   Code   RO         6337    i._printf_pre_padding  mc_w.l(printf8.o)
    0x08008122   0x0000002e   Code   RO         6364    i._printf_pre_padding  mc_w.l(printfa.o)
    0x08008150   0x0000000a   Code   RO         6366    i._sputc            mc_w.l(printfa.o)
    0x0800815a   0x00000002   PAD
    0x0800815c   0x000000bc   Code   RO          882    i.bsp_Init          bsp.o
    0x08008218   0x0000000c   Code   RO          945    i.bsp_InitCAN       bsp_can.o
    0x08008224   0x00000010   Code   RO          816    i.bsp_InitHardTimer  bsp_hardtimer.o
    0x08008234   0x00000064   Code   RO          666    i.bsp_InitLed       bsp_led.o
    0x08008298   0x00000010   Code   RO         1216    i.bsp_InitUart      bsp_usart.o
    0x080082a8   0x0000005c   Code   RO          668    i.bsp_LedOff        bsp_led.o
    0x08008304   0x0000005c   Code   RO          669    i.bsp_LedOn         bsp_led.o
    0x08008360   0x0000006c   Code   RO          670    i.bsp_LedToggle     bsp_led.o
    0x080083cc   0x00000078   Code   RO         5057    i.bsp_ParaInit      setparameter.o
    0x08008444   0x00000118   Code   RO         1062    i.bsp_RC_Init       bsp_dr16.o
    0x0800855c   0x00000098   Code   RO          946    i.can_filter_Mask_config  bsp_can.o
    0x080085f4   0x000000ec   Code   RO          947    i.can_nvic_config   bsp_can.o
    0x080086e0   0x00000020   Code   RO         4125    i.delay_ms_nos      systemtimer.o
    0x08008700   0x00000018   Code   RO         4126    i.delay_us_nos      systemtimer.o
    0x08008718   0x00000024   Code   RO         1218    i.fputc             bsp_usart.o
    0x0800873c   0x000000d8   Code   RO         4386    i.function          debugtools.o
    0x08008814   0x0000004e   Code   RO         4387    i.getnum            debugtools.o
    0x08008862   0x00000016   Code   RO         3539    i.isr_mbx_send      rt_mailbox.o
    0x08008878   0x0000009a   Code   RO         5508    i.kalman_filter     kalman.o
    0x08008912   0x00000022   Code   RO         5509    i.kalman_init       kalman.o
    0x08008934   0x00000028   Code   RO          288    i.main              main.o
    0x0800895c   0x00000016   Code   RO         4388    i.mypow             debugtools.o
    0x08008972   0x00000022   Code   RO         4389    i.mystrcmp          debugtools.o
    0x08008994   0x00000a60   Code   RO         4936    i.os_dr16           os_dr16.o
    0x080093f4   0x00000004   Code   RO            4    i.os_error          rtx_conf_cm.o
    0x080093f8   0x00000004   Code   RO            5    i.os_idle_demon     rtx_conf_cm.o
    0x080093fc   0x00000030   Code   RO         3705    i.os_tick_init      rt_system.o
    0x0800942c   0x00000002   Code   RO         3706    i.os_tick_irqack    rt_system.o
    0x0800942e   0x00000002   PAD
    0x08009430   0x0000001c   Code   RO            6    i.os_tmr_call       rtx_conf_cm.o
    0x0800944c   0x0000001e   Code   RO         3592    i.rt_alloc_box      rt_membox.o
    0x0800946a   0x00000002   PAD
    0x0800946c   0x00000038   Code   RO         3789    i.rt_block          rt_task.o
    0x080094a4   0x00000002   Code   RO            7    i.rt_chk_robin      rtx_conf_cm.o
    0x080094a6   0x00000002   PAD
    0x080094a8   0x00000094   Code   RO         3457    i.rt_dec_dly        rt_list.o
    0x0800953c   0x00000050   Code   RO         3790    i.rt_dispatch       rt_task.o
    0x0800958c   0x0000000e   Code   RO         3873    i.rt_dly_wait       rt_time.o
    0x0800959a   0x00000002   PAD
    0x0800959c   0x0000000c   Code   RO         3398    i.rt_evt_get        rt_event.o
    0x080095a8   0x00000058   Code   RO         3399    i.rt_evt_psh        rt_event.o
    0x08009600   0x0000006c   Code   RO         3400    i.rt_evt_set        rt_event.o
    0x0800966c   0x00000074   Code   RO         3401    i.rt_evt_wait       rt_event.o
    0x080096e0   0x00000024   Code   RO         3593    i.rt_free_box       rt_membox.o
    0x08009704   0x00000028   Code   RO         3791    i.rt_get_TID        rt_task.o
    0x0800972c   0x00000032   Code   RO         3458    i.rt_get_first      rt_list.o
    0x0800975e   0x00000002   PAD
    0x08009760   0x0000004c   Code   RO         3792    i.rt_init_context   rt_task.o
    0x080097ac   0x00000002   Code   RO            8    i.rt_init_robin     rtx_conf_cm.o
    0x080097ae   0x00000002   PAD
    0x080097b0   0x00000054   Code   RO         3937    i.rt_init_stack     hal_cm4.o
    0x08009804   0x0000001c   Code   RO         3874    i.rt_itv_set        rt_time.o
    0x08009820   0x0000003c   Code   RO         3875    i.rt_itv_wait       rt_time.o
    0x0800985c   0x0000000c   Code   RO         3540    i.rt_mbx_check      rt_mailbox.o
    0x08009868   0x00000020   Code   RO         3541    i.rt_mbx_init       rt_mailbox.o
    0x08009888   0x000000d8   Code   RO         3542    i.rt_mbx_psh        rt_mailbox.o
    0x08009960   0x000000dc   Code   RO         3544    i.rt_mbx_wait       rt_mailbox.o
    0x08009a3c   0x000000a8   Code   RO         3707    i.rt_pop_req        rt_system.o
    0x08009ae4   0x00000024   Code   RO         3708    i.rt_psh_req        rt_system.o
    0x08009b08   0x0000007c   Code   RO         3460    i.rt_psq_enq        rt_list.o
    0x08009b84   0x0000005c   Code   RO         3461    i.rt_put_dly        rt_list.o
    0x08009be0   0x00000040   Code   RO         3462    i.rt_put_prio       rt_list.o
    0x08009c20   0x00000014   Code   RO         3463    i.rt_put_rdy_first  rt_list.o
    0x08009c34   0x00000028   Code   RO         3465    i.rt_rmv_dly        rt_list.o
    0x08009c5c   0x00000038   Code   RO         3670    i.rt_sem_psh        rt_semaphore.o
    0x08009c94   0x00000030   Code   RO         3710    i.rt_stk_check      rt_system.o
    0x08009cc4   0x00000010   Code   RO         3793    i.rt_switch_req     rt_task.o
    0x08009cd4   0x00000184   Code   RO         3794    i.rt_sys_init       rt_task.o
    0x08009e58   0x00000044   Code   RO         3712    i.rt_systick        rt_system.o
    0x08009e9c   0x00000064   Code   RO         3906    i.rt_tmr_create     rt_timer.o
    0x08009f00   0x0000004c   Code   RO         3908    i.rt_tmr_tick       rt_timer.o
    0x08009f4c   0x00000068   Code   RO         3795    i.rt_tsk_create     rt_task.o
    0x08009fb4   0x00000274   Code   RO         4390    i.run               debugtools.o
    0x0800a228   0x0000015c   Code   RO         4391    i.str2num           debugtools.o
    0x0800a384   0x00000030   Code   RO         1219    i.u1_printf         bsp_usart.o
    0x0800a3b4   0x00000042   Code   RO         4084    t._Z11bubble_sortIiEvPT_i  motor.o
    0x0800a3f6   0x00000042   Code   RO         4607    t._Z11bubble_sortIsEvPT_i  filter.o
    0x0800a438   0x0000002a   Code   RO         4292    t._Z9ConstrainIfET_S0_S0_S0_  cpid.o
    0x0800a462   0x00000002   PAD
    0x0800a464   0x00000028   Data   RO           10    .constdata          rtx_conf_cm.o
    0x0800a48c   0x00000004   Data   RO         3715    .constdata          rt_system.o
    0x0800a490   0x00000078   Data   RO         4006    .constdata          motor.o
    0x0800a508   0x00000014   Data   RO         5074    .constdata          setparameter.o
    0x0800a51c   0x0000003c   Data   RO         5628    .constdata          os_can1.o
    0x0800a558   0x00000804   Data   RO         6084    .constdata          arm_cortexM4lf_math.lib(arm_common_tables.o)
    0x0800ad5c   0x000002c1   Data   RO         4466    .conststring        debugtoolsconfig.o
    0x0800b01d   0x00000003   PAD
    0x0800b020   0x0000013a   Data   RO         5075    .conststring        setparameter.o
    0x0800b15a   0x00000002   PAD
    0x0800b15c   0x00000020   Data   RO         6439    Region$$Table       anon$$obj.o
    0x0800b17c   0x00000004   Data   RO          311    .init_array         main.o
    0x0800b180   0x00000004   Data   RO         5630    .init_array         os_can1.o
    0x0800b184   0x00000000   Data   RO         6383    .init_array         mc_w.l(cpp_init.o)


    Execution Region RW_IRAM1 (Base: 0x20000000, Size: 0x0000f0e8, Max: 0x00020000, ABSOLUTE, COMPRESSED[0x000000d4])

    Base Addr    Size         Type   Attr      Idx    E Section Name        Object

    0x20000000   0x00000004   Data   RW           11    .data               rtx_conf_cm.o
    0x20000004   0x00000065   Data   RW          310    .data               main.o
    0x20000069   0x00000003   PAD
    0x2000006c   0x00000004   Data   RW          819    .data               bsp_hardtimer.o
    0x20000070   0x0000000c   Data   RW         1112    .data               bsp_exti.o
    0x2000007c   0x00000001   Data   RW         1221    .data               bsp_usart.o
    0x2000007d   0x00000010   Data   RW         1362    .data               stm32f4xx_rcc.o
    0x2000008d   0x00000003   PAD
    0x20000090   0x00000007   Data   RW         3716    .data               rt_system.o
    0x20000097   0x00000001   PAD
    0x20000098   0x00000008   Data   RW         3801    .data               rt_task.o
    0x200000a0   0x00000004   Data   RW         3877    .data               rt_time.o
    0x200000a4   0x00000008   Data   RW         3909    .data               rt_timer.o
    0x200000ac   0x000000dc   Data   RW         4467    .data               debugtoolsconfig.o
    0x20000188   0x00000010   Data   RW         4651    .data               turnplatemotor.o
    0x20000198   0x00000007   Data   RW         4757    .data               pwm.o
    0x2000019f   0x00000001   PAD
    0x200001a0   0x00000080   Data   RW         4861    .data               os_can2.o
    0x20000220   0x00000016   Data   RW         4944    .data               os_dr16.o
    0x20000236   0x00000001   Data   RW         5076    .data               setparameter.o
    0x20000237   0x00000001   PAD
    0x20000238   0x00000008   Data   RW         5222    .data               usartframe_stm32.o
    0x20000240   0x0000002e   Data   RW         5534    .data               add_bullet.o
    0x2000026e   0x00000002   PAD
    0x20000270   0x000000c1   Data   RW         5629    .data               os_can1.o
    0x20000331   0x00000003   PAD
    0x20000334   0x00000004   Data   RW         6113    .data               mc_w.l(rand.o)
    0x20000338   0x00000004   Data   RW         6415    .data               mc_w.l(stdout.o)
    0x2000033c   0x00000004   PAD
    0x20000340   0x0000063c   Zero   RW            9    .bss                rtx_conf_cm.o
    0x2000097c   0x00000004   PAD
    0x20000980   0x00001fb6   Zero   RW          309    .bss                main.o
    0x20002936   0x00000002   PAD
    0x20002938   0x00000038   Zero   RW          818    .bss                bsp_hardtimer.o
    0x20002970   0x0000a440   Zero   RW          948    .bss                bsp_can.o
    0x2000cdb0   0x00001029   Zero   RW         1063    .bss                bsp_dr16.o
    0x2000ddd9   0x00000007   PAD
    0x2000dde0   0x00000c00   Zero   RW         1220    .bss                bsp_usart.o
    0x2000e9e0   0x00000030   Zero   RW         3467    .bss                rt_list.o
    0x2000ea10   0x00000038   Zero   RW         3800    .bss                rt_task.o
    0x2000ea48   0x0000003c   Zero   RW         4860    .bss                os_can2.o
    0x2000ea84   0x0000000c   Zero   RW         4943    .bss                os_dr16.o
    0x2000ea90   0x00000080   Zero   RW         5073    .bss                setparameter.o
    0x2000eb10   0x000001d8   Zero   RW         5627    .bss                os_can1.o
    0x2000ece8   0x00000400   Zero   RW         1299    STACK               startup_stm32f40_41xxx.o


==============================================================================

Image component sizes


      Code (inc. data)   RO Data    RW Data    ZI Data      Debug   Object Name

         0          0          0         46          0       1300   add_bullet.o
       188         52          0          0          0        607   bsp.o
      2362        202          0          0      42048      12310   bsp_can.o
       392         62          0          0       4137       5581   bsp_dr16.o
       150         18          0         12          0       2418   bsp_exti.o
       562         38          0          4         56       5761   bsp_hardtimer.o
       392        106          0          0          0       9791   bsp_led.o
       350         50          0          0          0       3319   bsp_stmflash.o
       760         64          0          1       3072       8299   bsp_usart.o
      1962         46          0          0          0      14924   cpid.o
      1326         24          0          0          0       4891   debugtools.o
       888        156        705        220          0       9897   debugtoolsconfig.o
       214          6          0          0          0       2278   filter.o
       496         36          0          0          0       1556   hal_cm4.o
       188          0          0          0          0       1658   kalman.o
      4694        940          4        101       8118     322719   main.o
       120         14          0          0          0       1196   misc.o
       924         36        120          0          0       6870   motor.o
       596          0          0          0          0       6391   mpu6050.o
       680        106          0          0          0       4694   myiic.o
      1982        212         64        193        472      10501   os_can1.o
      1728        256          0        128         60       7961   os_can2.o
      2770        208          0         22         12      15759   os_dr16.o
       664         58          0          7          0       5932   pwm.o
       324         20          0          0          0       4549   rt_event.o
       538         26          0          0         48       7526   rt_list.o
       502          8          0          0          0       3411   rt_mailbox.o
       154          0          0          0          0       2133   rt_membox.o
        56          6          0          0          0        613   rt_semaphore.o
       370         56          4          7          0       4494   rt_system.o
       760        120          0          8         56       5302   rt_task.o
       102         16          0          4          0       1851   rt_time.o
       176         20          0          8          0       1663   rt_timer.o
        40          8         40          4       1596     332326   rtx_conf_cm.o
      1558        176        334          1        128      16757   setparameter.o
        36          8        392          0       1024        956   startup_stm32f40_41xxx.o
      1730         30          0          0          0       9100   stm32f4xx_can.o
       698         58          0          0          0       7768   stm32f4xx_dma.o
        36         10          0          0          0       1288   stm32f4xx_exti.o
       426         40          0          0          0       5140   stm32f4xx_flash.o
       214          0          0          0          0       2031   stm32f4xx_gpio.o
       104         50          0          0          0       3217   stm32f4xx_it.o
       424         54          0         16          0       7102   stm32f4xx_rcc.o
        72         16          0          0          0       1852   stm32f4xx_rng.o
       982         66          0          0          0      14831   stm32f4xx_tim.o
       686         42          0          0          0       6887   stm32f4xx_usart.o
         4          4          0          0          0        228   svc_table.o
       340         32          0          0          0       1717   system_stm32f4xx.o
       112         16          0          0          0       1661   systemtimer.o
       848        152          0         16          0       6017   turnplatemotor.o
       132         22          0          8          0      11989   usartframe_stm32.o

    ----------------------------------------------------------------------
     35868       3746       1700        820      60840     929022   Object Totals
         0          0         32          0          0          0   (incl. Generated)
        56          0          5         14         13          0   (incl. Padding)

    ----------------------------------------------------------------------

      Code (inc. data)   RO Data    RW Data    ZI Data      Debug   Library Member Name

         0          0       2052          0          0       4636   arm_common_tables.o
       152          0          0          0          0        931   arm_copy_q15.o
       120         12          0          0          0      16970   arm_cos_f32.o
       144          6          0          0          0        783   arm_mean_f32.o
       116         12          0          0          0        658   arm_sin_f32.o
        86          0          0          0          0          0   __dczerorl2.o
        32         10          0          0          0         80   cpp_init.o
         0          0          0          0          0          0   entry.o
         0          0          0          0          0          0   entry10a.o
         0          0          0          0          0          0   entry11a.o
         8          4          0          0          0          0   entry2.o
         4          0          0          0          0          0   entry5.o
         0          0          0          0          0          0   entry7b.o
         4          0          0          0          0          0   entry8a.o
         0          0          0          0          0          0   entry8b.o
         8          4          0          0          0          0   entry9a.o
        30          0          0          0          0          0   handlers.o
        36          8          0          0          0         68   init.o
         0          0          0          0          0          0   iusefp.o
        30          0          0          0          0         68   llshl.o
        36          0          0          0          0         68   llsshr.o
        32          0          0          0          0         68   llushr.o
        36          0          0          0          0         68   memcpya.o
      1154         54          0          0          0        352   printf8.o
      2240         86          0          0          0        508   printfa.o
        36         10          0          4          0        136   rand.o
         0          0          0          4          0          0   stdout.o
        14          0          0          0          0         68   strlen.o
        44          0          0          0          0         80   uidiv.o
        98          0          0          0          0         92   uldiv.o
        48          0          0          0          0         68   cdrcmple.o
       334          0          0          0          0        148   dadd.o
       222          0          0          0          0        100   ddiv.o
       186          0          0          0          0        176   depilogue.o
        62          0          0          0          0         80   dfixi.o
        48          0          0          0          0         68   dfixul.o
        34          0          0          0          0         76   dflti.o
       228          0          0          0          0         96   dmul.o
        38          0          0          0          0         68   f2d.o
       110          0          0          0          0        168   fepilogue.o
        44          0          0          0          0         92   ffltl.o

    ----------------------------------------------------------------------
      5824        206       2052          8          4      26774   Library Totals
        10          0          0          0          4          0   (incl. Padding)

    ----------------------------------------------------------------------

      Code (inc. data)   RO Data    RW Data    ZI Data      Debug   Library Name

       532         30       2052          0          0      23978   arm_cortexM4lf_math.lib
      3928        176          0          8          0       1656   mc_w.l
      1354          0          0          0          0       1140   mf_w.l

    ----------------------------------------------------------------------
      5824        206       2052          8          4      26774   Library Totals

    ----------------------------------------------------------------------

==============================================================================


      Code (inc. data)   RO Data    RW Data    ZI Data      Debug   

     41692       3952       3752        828      60844     924572   Grand Totals
     41692       3952       3752        212      60844     924572   ELF Image Totals (compressed)
     41692       3952       3752        212          0          0   ROM Totals

==============================================================================

    Total RO  Size (Code + RO Data)                45444 (  44.38kB)
    Total RW  Size (RW Data + ZI Data)             61672 (  60.23kB)
    Total ROM Size (Code + RO Data + RW Data)      45656 (  44.59kB)

==============================================================================

