<!doctype html public "-//w3c//dtd html 4.0 transitional//en">
<html><head>
<title>Static Call Graph - [.\Flash\Obj\output.axf]</title></head>
<body><HR>
<H1>Static Call Graph for image .\Flash\Obj\output.axf</H1><HR>
<BR><P>#&#060CALLGRAPH&#062# ARM Linker, 5050106: Last Updated: Thu Dec 08 16:53:17 2016
<BR><P>
<H3>Maximum Stack Usage =        496 bytes + Unknown(Cycles, Untraceable Function Pointers)</H3><H3>
Call chain for Maximum Stack Depth:</H3>
USART1_IRQHandler &rArr; run &rArr; function &rArr; str2num &rArr; getnum &rArr; mypow
<P>
<H3>
Mutually Recursive functions
</H3> <LI><a href="#[27]">ADC_IRQHandler</a>&nbsp;&nbsp;&nbsp;&rArr;&nbsp;&nbsp;&nbsp;<a href="#[27]">ADC_IRQHandler</a><BR>
</UL>
<P>
<H3>
Function Pointers
</H3><UL>
 <LI><a href="#[27]">ADC_IRQHandler</a> from startup_stm32f40_41xxx.o(.text) referenced from startup_stm32f40_41xxx.o(RESET)
 <LI><a href="#[f]">BusFault_Handler</a> from stm32f4xx_it.o(i.BusFault_Handler) referenced from startup_stm32f40_41xxx.o(RESET)
 <LI><a href="#[29]">CAN1_RX0_IRQHandler</a> from bsp_can.o(i.CAN1_RX0_IRQHandler) referenced from startup_stm32f40_41xxx.o(RESET)
 <LI><a href="#[2a]">CAN1_RX1_IRQHandler</a> from bsp_can.o(i.CAN1_RX1_IRQHandler) referenced from startup_stm32f40_41xxx.o(RESET)
 <LI><a href="#[2b]">CAN1_SCE_IRQHandler</a> from startup_stm32f40_41xxx.o(.text) referenced from startup_stm32f40_41xxx.o(RESET)
 <LI><a href="#[28]">CAN1_TX_IRQHandler</a> from startup_stm32f40_41xxx.o(.text) referenced from startup_stm32f40_41xxx.o(RESET)
 <LI><a href="#[55]">CAN2_RX0_IRQHandler</a> from bsp_can.o(i.CAN2_RX0_IRQHandler) referenced from startup_stm32f40_41xxx.o(RESET)
 <LI><a href="#[56]">CAN2_RX1_IRQHandler</a> from bsp_can.o(i.CAN2_RX1_IRQHandler) referenced from startup_stm32f40_41xxx.o(RESET)
 <LI><a href="#[57]">CAN2_SCE_IRQHandler</a> from startup_stm32f40_41xxx.o(.text) referenced from startup_stm32f40_41xxx.o(RESET)
 <LI><a href="#[54]">CAN2_TX_IRQHandler</a> from startup_stm32f40_41xxx.o(.text) referenced from startup_stm32f40_41xxx.o(RESET)
 <LI><a href="#[64]">CRYP_IRQHandler</a> from startup_stm32f40_41xxx.o(.text) referenced from startup_stm32f40_41xxx.o(RESET)
 <LI><a href="#[63]">DCMI_IRQHandler</a> from startup_stm32f40_41xxx.o(.text) referenced from startup_stm32f40_41xxx.o(RESET)
 <LI><a href="#[20]">DMA1_Stream0_IRQHandler</a> from startup_stm32f40_41xxx.o(.text) referenced from startup_stm32f40_41xxx.o(RESET)
 <LI><a href="#[21]">DMA1_Stream1_IRQHandler</a> from startup_stm32f40_41xxx.o(.text) referenced from startup_stm32f40_41xxx.o(RESET)
 <LI><a href="#[22]">DMA1_Stream2_IRQHandler</a> from startup_stm32f40_41xxx.o(.text) referenced from startup_stm32f40_41xxx.o(RESET)
 <LI><a href="#[23]">DMA1_Stream3_IRQHandler</a> from usartframe_stm32.o(i.DMA1_Stream3_IRQHandler) referenced from startup_stm32f40_41xxx.o(RESET)
 <LI><a href="#[24]">DMA1_Stream4_IRQHandler</a> from startup_stm32f40_41xxx.o(.text) referenced from startup_stm32f40_41xxx.o(RESET)
 <LI><a href="#[25]">DMA1_Stream5_IRQHandler</a> from bsp_dr16.o(i.DMA1_Stream5_IRQHandler) referenced from startup_stm32f40_41xxx.o(RESET)
 <LI><a href="#[26]">DMA1_Stream6_IRQHandler</a> from startup_stm32f40_41xxx.o(.text) referenced from startup_stm32f40_41xxx.o(RESET)
 <LI><a href="#[44]">DMA1_Stream7_IRQHandler</a> from startup_stm32f40_41xxx.o(.text) referenced from startup_stm32f40_41xxx.o(RESET)
 <LI><a href="#[4d]">DMA2_Stream0_IRQHandler</a> from startup_stm32f40_41xxx.o(.text) referenced from startup_stm32f40_41xxx.o(RESET)
 <LI><a href="#[4e]">DMA2_Stream1_IRQHandler</a> from startup_stm32f40_41xxx.o(.text) referenced from startup_stm32f40_41xxx.o(RESET)
 <LI><a href="#[4f]">DMA2_Stream2_IRQHandler</a> from startup_stm32f40_41xxx.o(.text) referenced from startup_stm32f40_41xxx.o(RESET)
 <LI><a href="#[50]">DMA2_Stream3_IRQHandler</a> from startup_stm32f40_41xxx.o(.text) referenced from startup_stm32f40_41xxx.o(RESET)
 <LI><a href="#[51]">DMA2_Stream4_IRQHandler</a> from startup_stm32f40_41xxx.o(.text) referenced from startup_stm32f40_41xxx.o(RESET)
 <LI><a href="#[59]">DMA2_Stream5_IRQHandler</a> from startup_stm32f40_41xxx.o(.text) referenced from startup_stm32f40_41xxx.o(RESET)
 <LI><a href="#[5a]">DMA2_Stream6_IRQHandler</a> from startup_stm32f40_41xxx.o(.text) referenced from startup_stm32f40_41xxx.o(RESET)
 <LI><a href="#[5b]">DMA2_Stream7_IRQHandler</a> from bsp_usart.o(i.DMA2_Stream7_IRQHandler) referenced from startup_stm32f40_41xxx.o(RESET)
 <LI><a href="#[12]">DebugMon_Handler</a> from stm32f4xx_it.o(i.DebugMon_Handler) referenced from startup_stm32f40_41xxx.o(RESET)
 <LI><a href="#[52]">ETH_IRQHandler</a> from startup_stm32f40_41xxx.o(.text) referenced from startup_stm32f40_41xxx.o(RESET)
 <LI><a href="#[53]">ETH_WKUP_IRQHandler</a> from startup_stm32f40_41xxx.o(.text) referenced from startup_stm32f40_41xxx.o(RESET)
 <LI><a href="#[1b]">EXTI0_IRQHandler</a> from startup_stm32f40_41xxx.o(.text) referenced from startup_stm32f40_41xxx.o(RESET)
 <LI><a href="#[3d]">EXTI15_10_IRQHandler</a> from bsp_exti.o(i.EXTI15_10_IRQHandler) referenced from startup_stm32f40_41xxx.o(RESET)
 <LI><a href="#[1c]">EXTI1_IRQHandler</a> from startup_stm32f40_41xxx.o(.text) referenced from startup_stm32f40_41xxx.o(RESET)
 <LI><a href="#[1d]">EXTI2_IRQHandler</a> from startup_stm32f40_41xxx.o(.text) referenced from startup_stm32f40_41xxx.o(RESET)
 <LI><a href="#[1e]">EXTI3_IRQHandler</a> from startup_stm32f40_41xxx.o(.text) referenced from startup_stm32f40_41xxx.o(RESET)
 <LI><a href="#[1f]">EXTI4_IRQHandler</a> from startup_stm32f40_41xxx.o(.text) referenced from startup_stm32f40_41xxx.o(RESET)
 <LI><a href="#[2c]">EXTI9_5_IRQHandler</a> from bsp_exti.o(i.EXTI9_5_IRQHandler) referenced from startup_stm32f40_41xxx.o(RESET)
 <LI><a href="#[19]">FLASH_IRQHandler</a> from startup_stm32f40_41xxx.o(.text) referenced from startup_stm32f40_41xxx.o(RESET)
 <LI><a href="#[66]">FPU_IRQHandler</a> from startup_stm32f40_41xxx.o(.text) referenced from startup_stm32f40_41xxx.o(RESET)
 <LI><a href="#[45]">FSMC_IRQHandler</a> from startup_stm32f40_41xxx.o(.text) referenced from startup_stm32f40_41xxx.o(RESET)
 <LI><a href="#[65]">HASH_RNG_IRQHandler</a> from startup_stm32f40_41xxx.o(.text) referenced from startup_stm32f40_41xxx.o(RESET)
 <LI><a href="#[d]">HardFault_Handler</a> from stm32f4xx_it.o(i.HardFault_Handler) referenced from startup_stm32f40_41xxx.o(RESET)
 <LI><a href="#[35]">I2C1_ER_IRQHandler</a> from startup_stm32f40_41xxx.o(.text) referenced from startup_stm32f40_41xxx.o(RESET)
 <LI><a href="#[34]">I2C1_EV_IRQHandler</a> from startup_stm32f40_41xxx.o(.text) referenced from startup_stm32f40_41xxx.o(RESET)
 <LI><a href="#[37]">I2C2_ER_IRQHandler</a> from startup_stm32f40_41xxx.o(.text) referenced from startup_stm32f40_41xxx.o(RESET)
 <LI><a href="#[36]">I2C2_EV_IRQHandler</a> from startup_stm32f40_41xxx.o(.text) referenced from startup_stm32f40_41xxx.o(RESET)
 <LI><a href="#[5e]">I2C3_ER_IRQHandler</a> from startup_stm32f40_41xxx.o(.text) referenced from startup_stm32f40_41xxx.o(RESET)
 <LI><a href="#[5d]">I2C3_EV_IRQHandler</a> from startup_stm32f40_41xxx.o(.text) referenced from startup_stm32f40_41xxx.o(RESET)
 <LI><a href="#[e]">MemManage_Handler</a> from stm32f4xx_it.o(i.MemManage_Handler) referenced from startup_stm32f40_41xxx.o(RESET)
 <LI><a href="#[c]">NMI_Handler</a> from stm32f4xx_it.o(i.NMI_Handler) referenced from startup_stm32f40_41xxx.o(RESET)
 <LI><a href="#[58]">OTG_FS_IRQHandler</a> from startup_stm32f40_41xxx.o(.text) referenced from startup_stm32f40_41xxx.o(RESET)
 <LI><a href="#[3f]">OTG_FS_WKUP_IRQHandler</a> from startup_stm32f40_41xxx.o(.text) referenced from startup_stm32f40_41xxx.o(RESET)
 <LI><a href="#[60]">OTG_HS_EP1_IN_IRQHandler</a> from startup_stm32f40_41xxx.o(.text) referenced from startup_stm32f40_41xxx.o(RESET)
 <LI><a href="#[5f]">OTG_HS_EP1_OUT_IRQHandler</a> from startup_stm32f40_41xxx.o(.text) referenced from startup_stm32f40_41xxx.o(RESET)
 <LI><a href="#[62]">OTG_HS_IRQHandler</a> from startup_stm32f40_41xxx.o(.text) referenced from startup_stm32f40_41xxx.o(RESET)
 <LI><a href="#[61]">OTG_HS_WKUP_IRQHandler</a> from startup_stm32f40_41xxx.o(.text) referenced from startup_stm32f40_41xxx.o(RESET)
 <LI><a href="#[16]">PVD_IRQHandler</a> from startup_stm32f40_41xxx.o(.text) referenced from startup_stm32f40_41xxx.o(RESET)
 <LI><a href="#[9]">ParaSetting</a> from setparameter.o(i.ParaSetting) referenced 2 times from debugtoolsconfig.o(.data)
 <LI><a href="#[13]">PendSV_Handler</a> from hal_cm4.o(.emb_text) referenced from startup_stm32f40_41xxx.o(RESET)
 <LI><a href="#[1a]">RCC_IRQHandler</a> from startup_stm32f40_41xxx.o(.text) referenced from startup_stm32f40_41xxx.o(RESET)
 <LI><a href="#[3e]">RTC_Alarm_IRQHandler</a> from startup_stm32f40_41xxx.o(.text) referenced from startup_stm32f40_41xxx.o(RESET)
 <LI><a href="#[18]">RTC_WKUP_IRQHandler</a> from startup_stm32f40_41xxx.o(.text) referenced from startup_stm32f40_41xxx.o(RESET)
 <LI><a href="#[b]">Reset_Handler</a> from startup_stm32f40_41xxx.o(.text) referenced from startup_stm32f40_41xxx.o(RESET)
 <LI><a href="#[46]">SDIO_IRQHandler</a> from startup_stm32f40_41xxx.o(.text) referenced from startup_stm32f40_41xxx.o(RESET)
 <LI><a href="#[38]">SPI1_IRQHandler</a> from startup_stm32f40_41xxx.o(.text) referenced from startup_stm32f40_41xxx.o(RESET)
 <LI><a href="#[39]">SPI2_IRQHandler</a> from startup_stm32f40_41xxx.o(.text) referenced from startup_stm32f40_41xxx.o(RESET)
 <LI><a href="#[48]">SPI3_IRQHandler</a> from startup_stm32f40_41xxx.o(.text) referenced from startup_stm32f40_41xxx.o(RESET)
 <LI><a href="#[11]">SVC_Handler</a> from hal_cm4.o(.emb_text) referenced from startup_stm32f40_41xxx.o(RESET)
 <LI><a href="#[6]">SetPara_DR</a> from setparameter.o(i.SetPara_DR) referenced 2 times from debugtoolsconfig.o(.data)
 <LI><a href="#[7]">SetPara_KM</a> from setparameter.o(i.SetPara_KM) referenced 2 times from debugtoolsconfig.o(.data)
 <LI><a href="#[8]">SetPara_Operater</a> from setparameter.o(i.SetPara_Operater) referenced 2 times from debugtoolsconfig.o(.data)
 <LI><a href="#[14]">SysTick_Handler</a> from hal_cm4.o(.emb_text) referenced from startup_stm32f40_41xxx.o(RESET)
 <LI><a href="#[6a]">SystemInit</a> from system_stm32f4xx.o(i.SystemInit) referenced from startup_stm32f40_41xxx.o(.text)
 <LI><a href="#[17]">TAMP_STAMP_IRQHandler</a> from startup_stm32f40_41xxx.o(.text) referenced from startup_stm32f40_41xxx.o(RESET)
 <LI><a href="#[2d]">TIM1_BRK_TIM9_IRQHandler</a> from startup_stm32f40_41xxx.o(.text) referenced from startup_stm32f40_41xxx.o(RESET)
 <LI><a href="#[30]">TIM1_CC_IRQHandler</a> from startup_stm32f40_41xxx.o(.text) referenced from startup_stm32f40_41xxx.o(RESET)
 <LI><a href="#[2f]">TIM1_TRG_COM_TIM11_IRQHandler</a> from startup_stm32f40_41xxx.o(.text) referenced from startup_stm32f40_41xxx.o(RESET)
 <LI><a href="#[2e]">TIM1_UP_TIM10_IRQHandler</a> from bsp_hardtimer.o(i.TIM1_UP_TIM10_IRQHandler) referenced from startup_stm32f40_41xxx.o(RESET)
 <LI><a href="#[31]">TIM2_IRQHandler</a> from startup_stm32f40_41xxx.o(.text) referenced from startup_stm32f40_41xxx.o(RESET)
 <LI><a href="#[32]">TIM3_IRQHandler</a> from bsp_hardtimer.o(i.TIM3_IRQHandler) referenced from startup_stm32f40_41xxx.o(RESET)
 <LI><a href="#[33]">TIM4_IRQHandler</a> from startup_stm32f40_41xxx.o(.text) referenced from startup_stm32f40_41xxx.o(RESET)
 <LI><a href="#[47]">TIM5_IRQHandler</a> from startup_stm32f40_41xxx.o(.text) referenced from startup_stm32f40_41xxx.o(RESET)
 <LI><a href="#[4b]">TIM6_DAC_IRQHandler</a> from startup_stm32f40_41xxx.o(.text) referenced from startup_stm32f40_41xxx.o(RESET)
 <LI><a href="#[4c]">TIM7_IRQHandler</a> from startup_stm32f40_41xxx.o(.text) referenced from startup_stm32f40_41xxx.o(RESET)
 <LI><a href="#[40]">TIM8_BRK_TIM12_IRQHandler</a> from startup_stm32f40_41xxx.o(.text) referenced from startup_stm32f40_41xxx.o(RESET)
 <LI><a href="#[43]">TIM8_CC_IRQHandler</a> from startup_stm32f40_41xxx.o(.text) referenced from startup_stm32f40_41xxx.o(RESET)
 <LI><a href="#[42]">TIM8_TRG_COM_TIM14_IRQHandler</a> from startup_stm32f40_41xxx.o(.text) referenced from startup_stm32f40_41xxx.o(RESET)
 <LI><a href="#[41]">TIM8_UP_TIM13_IRQHandler</a> from startup_stm32f40_41xxx.o(.text) referenced from startup_stm32f40_41xxx.o(RESET)
 <LI><a href="#[49]">UART4_IRQHandler</a> from startup_stm32f40_41xxx.o(.text) referenced from startup_stm32f40_41xxx.o(RESET)
 <LI><a href="#[4a]">UART5_IRQHandler</a> from startup_stm32f40_41xxx.o(.text) referenced from startup_stm32f40_41xxx.o(RESET)
 <LI><a href="#[3a]">USART1_IRQHandler</a> from bsp_usart.o(i.USART1_IRQHandler) referenced from startup_stm32f40_41xxx.o(RESET)
 <LI><a href="#[3b]">USART2_IRQHandler</a> from startup_stm32f40_41xxx.o(.text) referenced from startup_stm32f40_41xxx.o(RESET)
 <LI><a href="#[3c]">USART3_IRQHandler</a> from usartframe_stm32.o(i.USART3_IRQHandler) referenced from startup_stm32f40_41xxx.o(RESET)
 <LI><a href="#[5c]">USART6_IRQHandler</a> from startup_stm32f40_41xxx.o(.text) referenced from startup_stm32f40_41xxx.o(RESET)
 <LI><a href="#[10]">UsageFault_Handler</a> from stm32f4xx_it.o(i.UsageFault_Handler) referenced from startup_stm32f40_41xxx.o(RESET)
 <LI><a href="#[15]">WWDG_IRQHandler</a> from startup_stm32f40_41xxx.o(.text) referenced from startup_stm32f40_41xxx.o(RESET)
 <LI><a href="#[74]">DEBUG_DATA()</a> from main.o(i._Z10DEBUG_DATAv) referenced from main.o(i._Z13AppTaskCreatev)
 <LI><a href="#[4]">ESCSetPara(float, float, float, float, float)</a> from turnplatemotor.o(i._Z10ESCSetParafffff) referenced 2 times from debugtoolsconfig.o(.data)
 <LI><a href="#[3]">SetIMaxMin(float, float)</a> from debugtoolsconfig.o(i._Z10SetIMaxMinff) referenced 2 times from debugtoolsconfig.o(.data)
 <LI><a href="#[2]">SetPMaxMin(float, float)</a> from debugtoolsconfig.o(i._Z10SetPMaxMinff) referenced 2 times from debugtoolsconfig.o(.data)
 <LI><a href="#[0]">SetPitchPid(float, float, float)</a> from debugtoolsconfig.o(i._Z11SetPitchPidfff) referenced 2 times from debugtoolsconfig.o(.data)
 <LI><a href="#[7d]">DR16_SxValue()</a> from main.o(i._Z12DR16_SxValuev) referenced from main.o(i._Z13AppTaskCreatev)
 <LI><a href="#[7e]">Boot_Sequence()</a> from main.o(i._Z13Boot_Sequencev) referenced from main.o(i._Z13AppTaskCreatev)
 <LI><a href="#[75]">DR16_DATA_Rec()</a> from main.o(i._Z13DR16_DATA_Recv) referenced from main.o(i._Z13AppTaskCreatev)
 <LI><a href="#[7b]">PCData_Aguest()</a> from main.o(i._Z13PCData_Aguestv) referenced from main.o(i._Z13AppTaskCreatev)
 <LI><a href="#[78]">CAN1_DATA0_Rec()</a> from main.o(i._Z14CAN1_DATA0_Recv) referenced from main.o(i._Z13AppTaskCreatev)
 <LI><a href="#[76]">CAN2_DATA0_Rec()</a> from main.o(i._Z14CAN2_DATA0_Recv) referenced from main.o(i._Z13AppTaskCreatev)
 <LI><a href="#[77]">CAN2_DATA1_Rec()</a> from main.o(i._Z14CAN2_DATA1_Recv) referenced from main.o(i._Z13AppTaskCreatev)
 <LI><a href="#[7a]">CarFrame_Aguest()</a> from main.o(i._Z15CarFrame_Aguestv) referenced from main.o(i._Z13AppTaskCreatev)
 <LI><a href="#[71]">DisconnectCheck()</a> from main.o(i._Z15DisconnectCheckv) referenced from main.o(i._Z13AppTaskCreatev)
 <LI><a href="#[79]">PitchYaw_Aguest()</a> from main.o(i._Z15PitchYaw_Aguestv) referenced from main.o(i._Z13AppTaskCreatev)
 <LI><a href="#[7c]">Turnplate_Aguest()</a> from main.o(i._Z16Turnplate_Aguestv) referenced from main.o(i._Z13AppTaskCreatev)
 <LI><a href="#[a]">tips()</a> from debugtoolsconfig.o(i._Z4tipsv) referenced 2 times from debugtoolsconfig.o(.data)
 <LI><a href="#[73]">EXTITask()</a> from main.o(i._Z8EXTITaskv) referenced from main.o(i._Z13AppTaskCreatev)
 <LI><a href="#[5]">SetFuzzy(float, float, float, float)</a> from debugtoolsconfig.o(i._Z8SetFuzzyffff) referenced 2 times from debugtoolsconfig.o(.data)
 <LI><a href="#[83]">pitchyaw()</a> from main.o(i._Z8pitchyawv) referenced from main.o(i._Z15PitchYaw_Aguestv)
 <LI><a href="#[1]">SetTarget(float)</a> from debugtoolsconfig.o(i._Z9SetTargetf) referenced 2 times from debugtoolsconfig.o(.data)
 <LI><a href="#[86]">TaskStart()</a> from main.o(i._Z9TaskStartv) referenced from main.o(i.main)
 <LI><a href="#[6b]">__main</a> from entry.o(.ARM.Collect$$$$00000000) referenced from startup_stm32f40_41xxx.o(.text)
 <LI><a href="#[8a]">__sti___11_os_can1_cpp_CVPID</a> from os_can1.o(i.__sti___11_os_can1_cpp_CVPID) referenced from os_can1.o(.init_array)
 <LI><a href="#[89]">__sti___8_main_cpp_7d6d8351</a> from main.o(i.__sti___8_main_cpp_7d6d8351) referenced from main.o(.init_array)
 <LI><a href="#[85]">_sputc</a> from printfa.o(i._sputc) referenced from printfa.o(i.__0vsprintf)
 <LI><a href="#[84]">fputc</a> from bsp_usart.o(i.fputc) referenced from printf8.o(i.__0printf$8)
 <LI><a href="#[67]">main</a> from main.o(i.main) referenced from entry9a.o(.ARM.Collect$$$$0000000B)
 <LI><a href="#[88]">os_idle_demon</a> from rtx_conf_cm.o(i.os_idle_demon) referenced from rt_task.o(i.rt_sys_init)
 <LI><a href="#[68]">rt_alloc_box</a> from rt_membox.o(i.rt_alloc_box) referenced from hal_cm4.o(.emb_text)
 <LI><a href="#[6e]">rt_dly_wait</a> from rt_time.o(i.rt_dly_wait) referenced from turnplatemotor.o(i.Turnplate_motor_drive)
 <LI><a href="#[6e]">rt_dly_wait</a> from rt_time.o(i.rt_dly_wait) referenced from main.o(i._Z10DEBUG_DATAv)
 <LI><a href="#[6e]">rt_dly_wait</a> from rt_time.o(i.rt_dly_wait) referenced from main.o(i._Z12AppObjCreatev)
 <LI><a href="#[6e]">rt_dly_wait</a> from rt_time.o(i.rt_dly_wait) referenced from main.o(i._Z13Boot_Sequencev)
 <LI><a href="#[6e]">rt_dly_wait</a> from rt_time.o(i.rt_dly_wait) referenced from main.o(i._Z8EXTITaskv)
 <LI><a href="#[6e]">rt_dly_wait</a> from rt_time.o(i.rt_dly_wait) referenced from main.o(i._Z9TaskStartv)
 <LI><a href="#[70]">rt_evt_get</a> from rt_event.o(i.rt_evt_get) referenced from main.o(i._Z12DR16_SxValuev)
 <LI><a href="#[80]">rt_evt_set</a> from rt_event.o(i.rt_evt_set) referenced from main.o(i._Z13DR16_DATA_Recv)
 <LI><a href="#[80]">rt_evt_set</a> from rt_event.o(i.rt_evt_set) referenced from main.o(i._Z14CAN1_DATA0_Recv)
 <LI><a href="#[80]">rt_evt_set</a> from rt_event.o(i.rt_evt_set) referenced from main.o(i._Z14CAN2_DATA0_Recv)
 <LI><a href="#[80]">rt_evt_set</a> from rt_event.o(i.rt_evt_set) referenced from main.o(i._Z14CAN2_DATA1_Recv)
 <LI><a href="#[80]">rt_evt_set</a> from rt_event.o(i.rt_evt_set) referenced from os_dr16.o(i.os_dr16)
 <LI><a href="#[6f]">rt_evt_wait</a> from rt_event.o(i.rt_evt_wait) referenced from main.o(i._Z12DR16_SxValuev)
 <LI><a href="#[6f]">rt_evt_wait</a> from rt_event.o(i.rt_evt_wait) referenced from main.o(i._Z15DisconnectCheckv)
 <LI><a href="#[69]">rt_free_box</a> from rt_membox.o(i.rt_free_box) referenced from hal_cm4.o(.emb_text)
 <LI><a href="#[81]">rt_itv_set</a> from rt_time.o(i.rt_itv_set) referenced from main.o(i._Z13PCData_Aguestv)
 <LI><a href="#[81]">rt_itv_set</a> from rt_time.o(i.rt_itv_set) referenced from main.o(i._Z15CarFrame_Aguestv)
 <LI><a href="#[81]">rt_itv_set</a> from rt_time.o(i.rt_itv_set) referenced from main.o(i._Z15PitchYaw_Aguestv)
 <LI><a href="#[81]">rt_itv_set</a> from rt_time.o(i.rt_itv_set) referenced from main.o(i._Z16Turnplate_Aguestv)
 <LI><a href="#[82]">rt_itv_wait</a> from rt_time.o(i.rt_itv_wait) referenced from main.o(i._Z13PCData_Aguestv)
 <LI><a href="#[82]">rt_itv_wait</a> from rt_time.o(i.rt_itv_wait) referenced from main.o(i._Z15CarFrame_Aguestv)
 <LI><a href="#[82]">rt_itv_wait</a> from rt_time.o(i.rt_itv_wait) referenced from main.o(i._Z15PitchYaw_Aguestv)
 <LI><a href="#[82]">rt_itv_wait</a> from rt_time.o(i.rt_itv_wait) referenced from main.o(i._Z16Turnplate_Aguestv)
 <LI><a href="#[6c]">rt_mbx_init</a> from rt_mailbox.o(i.rt_mbx_init) referenced from bsp_can.o(i.CAN_mailbox_init)
 <LI><a href="#[6c]">rt_mbx_init</a> from rt_mailbox.o(i.rt_mbx_init) referenced from bsp_dr16.o(i.DR16_mailbox_init)
 <LI><a href="#[6d]">rt_mbx_wait</a> from rt_mailbox.o(i.rt_mbx_wait) referenced from bsp_can.o(i.CAN_receive)
 <LI><a href="#[6d]">rt_mbx_wait</a> from rt_mailbox.o(i.rt_mbx_wait) referenced from bsp_dr16.o(i.DR16_receive)
 <LI><a href="#[87]">rt_sys_init</a> from rt_task.o(i.rt_sys_init) referenced from main.o(i.main)
 <LI><a href="#[7f]">rt_tmr_create</a> from rt_timer.o(i.rt_tmr_create) referenced from main.o(i._Z13Boot_Sequencev)
 <LI><a href="#[72]">rt_tsk_create</a> from rt_task.o(i.rt_tsk_create) referenced from main.o(i._Z13AppTaskCreatev)
</UL>
<P>
<H3>
Global Symbols
</H3>
<P><STRONG><a name="[6b]"></a>__main</STRONG> (Thumb, 0 bytes, Stack size unknown bytes, entry.o(.ARM.Collect$$$$00000000))
<BR>[Address Reference Count : 1]<UL><LI> startup_stm32f40_41xxx.o(.text)
</UL>
<P><STRONG><a name="[1b3]"></a>_main_stk</STRONG> (Thumb, 0 bytes, Stack size unknown bytes, entry2.o(.ARM.Collect$$$$00000001))

<P><STRONG><a name="[8c]"></a>_main_scatterload</STRONG> (Thumb, 0 bytes, Stack size unknown bytes, entry5.o(.ARM.Collect$$$$00000004))
<BR><BR>[Calls]<UL><LI><a href="#[8d]">&gt;&gt;</a>&nbsp;&nbsp;&nbsp;__scatterload
</UL>

<P><STRONG><a name="[a4]"></a>__main_after_scatterload</STRONG> (Thumb, 0 bytes, Stack size unknown bytes, entry5.o(.ARM.Collect$$$$00000004))
<BR><BR>[Called By]<UL><LI><a href="#[8d]">&gt;&gt;</a>&nbsp;&nbsp;&nbsp;__scatterload
</UL>

<P><STRONG><a name="[1b4]"></a>_main_clock</STRONG> (Thumb, 0 bytes, Stack size unknown bytes, entry7b.o(.ARM.Collect$$$$00000008))

<P><STRONG><a name="[8e]"></a>_main_cpp_init$empty</STRONG> (Thumb, 0 bytes, Stack size unknown bytes, entry8a.o(.ARM.Collect$$$$00000009))
<BR><BR>[Stack]<UL><LI>Max Depth = 16 + Unknown Stack Size
<LI>Call Chain = _main_cpp_init$empty &rArr; __cpp_initialize__aeabi_
</UL>
<BR>[Calls]<UL><LI><a href="#[8b]">&gt;&gt;</a>&nbsp;&nbsp;&nbsp;__cpp_initialize__aeabi_
</UL>

<P><STRONG><a name="[1b5]"></a>_main_cpp_init</STRONG> (Thumb, 0 bytes, Stack size unknown bytes, entry8b.o(.ARM.Collect$$$$0000000A))

<P><STRONG><a name="[1b6]"></a>_main_init</STRONG> (Thumb, 0 bytes, Stack size unknown bytes, entry9a.o(.ARM.Collect$$$$0000000B))

<P><STRONG><a name="[1b7]"></a>__rt_final_cpp</STRONG> (Thumb, 0 bytes, Stack size unknown bytes, entry10a.o(.ARM.Collect$$$$0000000D))

<P><STRONG><a name="[1b8]"></a>__rt_final_exit</STRONG> (Thumb, 0 bytes, Stack size unknown bytes, entry11a.o(.ARM.Collect$$$$0000000F))

<P><STRONG><a name="[1a9]"></a>rt_set_PSP</STRONG> (Thumb, 6 bytes, Stack size 0 bytes, hal_cm4.o(.emb_text))
<BR><BR>[Called By]<UL><LI><a href="#[87]">&gt;&gt;</a>&nbsp;&nbsp;&nbsp;rt_sys_init
</UL>

<P><STRONG><a name="[1b9]"></a>rt_get_PSP</STRONG> (Thumb, 6 bytes, Stack size 0 bytes, hal_cm4.o(.emb_text), UNUSED)

<P><STRONG><a name="[197]"></a>os_set_env</STRONG> (Thumb, 24 bytes, Stack size 0 bytes, hal_cm4.o(.emb_text))
<BR><BR>[Called By]<UL><LI><a href="#[67]">&gt;&gt;</a>&nbsp;&nbsp;&nbsp;main
</UL>

<P><STRONG><a name="[1ba]"></a>_alloc_box</STRONG> (Thumb, 28 bytes, Stack size 0 bytes, hal_cm4.o(.emb_text), UNUSED)

<P><STRONG><a name="[1bb]"></a>_free_box</STRONG> (Thumb, 28 bytes, Stack size 0 bytes, hal_cm4.o(.emb_text), UNUSED)

<P><STRONG><a name="[11]"></a>SVC_Handler</STRONG> (Thumb, 160 bytes, Stack size 0 bytes, hal_cm4.o(.emb_text))
<BR><BR>[Stack]<UL><LI>Max Depth = 8<LI>Call Chain = SVC_Handler &rArr; rt_stk_check
</UL>
<BR>[Calls]<UL><LI><a href="#[8f]">&gt;&gt;</a>&nbsp;&nbsp;&nbsp;rt_stk_check
</UL>
<BR>[Address Reference Count : 1]<UL><LI> startup_stm32f40_41xxx.o(RESET)
</UL>
<P><STRONG><a name="[13]"></a>PendSV_Handler</STRONG> (Thumb, 112 bytes, Stack size 0 bytes, hal_cm4.o(.emb_text))
<BR><BR>[Stack]<UL><LI>Max Depth = 44<LI>Call Chain = PendSV_Handler &rArr; rt_pop_req &rArr; rt_sem_psh &rArr; rt_put_prio
</UL>
<BR>[Calls]<UL><LI><a href="#[8f]">&gt;&gt;</a>&nbsp;&nbsp;&nbsp;rt_stk_check
<LI><a href="#[90]">&gt;&gt;</a>&nbsp;&nbsp;&nbsp;rt_pop_req
</UL>
<BR>[Address Reference Count : 1]<UL><LI> startup_stm32f40_41xxx.o(RESET)
</UL>
<P><STRONG><a name="[14]"></a>SysTick_Handler</STRONG> (Thumb, 8 bytes, Stack size 0 bytes, hal_cm4.o(.emb_text))
<BR><BR>[Stack]<UL><LI>Max Depth = 28<LI>Call Chain = SysTick_Handler &rArr; rt_systick &rArr; rt_dec_dly &rArr; rt_put_prio
</UL>
<BR>[Calls]<UL><LI><a href="#[91]">&gt;&gt;</a>&nbsp;&nbsp;&nbsp;rt_systick
</UL>
<BR>[Address Reference Count : 1]<UL><LI> startup_stm32f40_41xxx.o(RESET)
</UL>
<P><STRONG><a name="[92]"></a>OS_Tick_Handler</STRONG> (Thumb, 12 bytes, Stack size 0 bytes, hal_cm4.o(.emb_text), UNUSED)
<BR><BR>[Calls]<UL><LI><a href="#[93]">&gt;&gt;</a>&nbsp;&nbsp;&nbsp;os_tick_irqack
<LI><a href="#[91]">&gt;&gt;</a>&nbsp;&nbsp;&nbsp;rt_systick
</UL>

<P><STRONG><a name="[b]"></a>Reset_Handler</STRONG> (Thumb, 8 bytes, Stack size 0 bytes, startup_stm32f40_41xxx.o(.text))
<BR>[Address Reference Count : 1]<UL><LI> startup_stm32f40_41xxx.o(RESET)
</UL>
<P><STRONG><a name="[27]"></a>ADC_IRQHandler</STRONG> (Thumb, 0 bytes, Stack size 0 bytes, startup_stm32f40_41xxx.o(.text))
<BR><BR>[Calls]<UL><LI><a href="#[27]">&gt;&gt;</a>&nbsp;&nbsp;&nbsp;ADC_IRQHandler
</UL>
<BR>[Called By]<UL><LI><a href="#[27]">&gt;&gt;</a>&nbsp;&nbsp;&nbsp;ADC_IRQHandler
</UL>
<BR>[Address Reference Count : 1]<UL><LI> startup_stm32f40_41xxx.o(RESET)
</UL>
<P><STRONG><a name="[2b]"></a>CAN1_SCE_IRQHandler</STRONG> (Thumb, 0 bytes, Stack size 0 bytes, startup_stm32f40_41xxx.o(.text))
<BR>[Address Reference Count : 1]<UL><LI> startup_stm32f40_41xxx.o(RESET)
</UL>
<P><STRONG><a name="[28]"></a>CAN1_TX_IRQHandler</STRONG> (Thumb, 0 bytes, Stack size 0 bytes, startup_stm32f40_41xxx.o(.text))
<BR>[Address Reference Count : 1]<UL><LI> startup_stm32f40_41xxx.o(RESET)
</UL>
<P><STRONG><a name="[57]"></a>CAN2_SCE_IRQHandler</STRONG> (Thumb, 0 bytes, Stack size 0 bytes, startup_stm32f40_41xxx.o(.text))
<BR>[Address Reference Count : 1]<UL><LI> startup_stm32f40_41xxx.o(RESET)
</UL>
<P><STRONG><a name="[54]"></a>CAN2_TX_IRQHandler</STRONG> (Thumb, 0 bytes, Stack size 0 bytes, startup_stm32f40_41xxx.o(.text))
<BR>[Address Reference Count : 1]<UL><LI> startup_stm32f40_41xxx.o(RESET)
</UL>
<P><STRONG><a name="[64]"></a>CRYP_IRQHandler</STRONG> (Thumb, 0 bytes, Stack size 0 bytes, startup_stm32f40_41xxx.o(.text))
<BR>[Address Reference Count : 1]<UL><LI> startup_stm32f40_41xxx.o(RESET)
</UL>
<P><STRONG><a name="[63]"></a>DCMI_IRQHandler</STRONG> (Thumb, 0 bytes, Stack size 0 bytes, startup_stm32f40_41xxx.o(.text))
<BR>[Address Reference Count : 1]<UL><LI> startup_stm32f40_41xxx.o(RESET)
</UL>
<P><STRONG><a name="[20]"></a>DMA1_Stream0_IRQHandler</STRONG> (Thumb, 0 bytes, Stack size 0 bytes, startup_stm32f40_41xxx.o(.text))
<BR>[Address Reference Count : 1]<UL><LI> startup_stm32f40_41xxx.o(RESET)
</UL>
<P><STRONG><a name="[21]"></a>DMA1_Stream1_IRQHandler</STRONG> (Thumb, 0 bytes, Stack size 0 bytes, startup_stm32f40_41xxx.o(.text))
<BR>[Address Reference Count : 1]<UL><LI> startup_stm32f40_41xxx.o(RESET)
</UL>
<P><STRONG><a name="[22]"></a>DMA1_Stream2_IRQHandler</STRONG> (Thumb, 0 bytes, Stack size 0 bytes, startup_stm32f40_41xxx.o(.text))
<BR>[Address Reference Count : 1]<UL><LI> startup_stm32f40_41xxx.o(RESET)
</UL>
<P><STRONG><a name="[24]"></a>DMA1_Stream4_IRQHandler</STRONG> (Thumb, 0 bytes, Stack size 0 bytes, startup_stm32f40_41xxx.o(.text))
<BR>[Address Reference Count : 1]<UL><LI> startup_stm32f40_41xxx.o(RESET)
</UL>
<P><STRONG><a name="[26]"></a>DMA1_Stream6_IRQHandler</STRONG> (Thumb, 0 bytes, Stack size 0 bytes, startup_stm32f40_41xxx.o(.text))
<BR>[Address Reference Count : 1]<UL><LI> startup_stm32f40_41xxx.o(RESET)
</UL>
<P><STRONG><a name="[44]"></a>DMA1_Stream7_IRQHandler</STRONG> (Thumb, 0 bytes, Stack size 0 bytes, startup_stm32f40_41xxx.o(.text))
<BR>[Address Reference Count : 1]<UL><LI> startup_stm32f40_41xxx.o(RESET)
</UL>
<P><STRONG><a name="[4d]"></a>DMA2_Stream0_IRQHandler</STRONG> (Thumb, 0 bytes, Stack size 0 bytes, startup_stm32f40_41xxx.o(.text))
<BR>[Address Reference Count : 1]<UL><LI> startup_stm32f40_41xxx.o(RESET)
</UL>
<P><STRONG><a name="[4e]"></a>DMA2_Stream1_IRQHandler</STRONG> (Thumb, 0 bytes, Stack size 0 bytes, startup_stm32f40_41xxx.o(.text))
<BR>[Address Reference Count : 1]<UL><LI> startup_stm32f40_41xxx.o(RESET)
</UL>
<P><STRONG><a name="[4f]"></a>DMA2_Stream2_IRQHandler</STRONG> (Thumb, 0 bytes, Stack size 0 bytes, startup_stm32f40_41xxx.o(.text))
<BR>[Address Reference Count : 1]<UL><LI> startup_stm32f40_41xxx.o(RESET)
</UL>
<P><STRONG><a name="[50]"></a>DMA2_Stream3_IRQHandler</STRONG> (Thumb, 0 bytes, Stack size 0 bytes, startup_stm32f40_41xxx.o(.text))
<BR>[Address Reference Count : 1]<UL><LI> startup_stm32f40_41xxx.o(RESET)
</UL>
<P><STRONG><a name="[51]"></a>DMA2_Stream4_IRQHandler</STRONG> (Thumb, 0 bytes, Stack size 0 bytes, startup_stm32f40_41xxx.o(.text))
<BR>[Address Reference Count : 1]<UL><LI> startup_stm32f40_41xxx.o(RESET)
</UL>
<P><STRONG><a name="[59]"></a>DMA2_Stream5_IRQHandler</STRONG> (Thumb, 0 bytes, Stack size 0 bytes, startup_stm32f40_41xxx.o(.text))
<BR>[Address Reference Count : 1]<UL><LI> startup_stm32f40_41xxx.o(RESET)
</UL>
<P><STRONG><a name="[5a]"></a>DMA2_Stream6_IRQHandler</STRONG> (Thumb, 0 bytes, Stack size 0 bytes, startup_stm32f40_41xxx.o(.text))
<BR>[Address Reference Count : 1]<UL><LI> startup_stm32f40_41xxx.o(RESET)
</UL>
<P><STRONG><a name="[52]"></a>ETH_IRQHandler</STRONG> (Thumb, 0 bytes, Stack size 0 bytes, startup_stm32f40_41xxx.o(.text))
<BR>[Address Reference Count : 1]<UL><LI> startup_stm32f40_41xxx.o(RESET)
</UL>
<P><STRONG><a name="[53]"></a>ETH_WKUP_IRQHandler</STRONG> (Thumb, 0 bytes, Stack size 0 bytes, startup_stm32f40_41xxx.o(.text))
<BR>[Address Reference Count : 1]<UL><LI> startup_stm32f40_41xxx.o(RESET)
</UL>
<P><STRONG><a name="[1b]"></a>EXTI0_IRQHandler</STRONG> (Thumb, 0 bytes, Stack size 0 bytes, startup_stm32f40_41xxx.o(.text))
<BR>[Address Reference Count : 1]<UL><LI> startup_stm32f40_41xxx.o(RESET)
</UL>
<P><STRONG><a name="[1c]"></a>EXTI1_IRQHandler</STRONG> (Thumb, 0 bytes, Stack size 0 bytes, startup_stm32f40_41xxx.o(.text))
<BR>[Address Reference Count : 1]<UL><LI> startup_stm32f40_41xxx.o(RESET)
</UL>
<P><STRONG><a name="[1d]"></a>EXTI2_IRQHandler</STRONG> (Thumb, 0 bytes, Stack size 0 bytes, startup_stm32f40_41xxx.o(.text))
<BR>[Address Reference Count : 1]<UL><LI> startup_stm32f40_41xxx.o(RESET)
</UL>
<P><STRONG><a name="[1e]"></a>EXTI3_IRQHandler</STRONG> (Thumb, 0 bytes, Stack size 0 bytes, startup_stm32f40_41xxx.o(.text))
<BR>[Address Reference Count : 1]<UL><LI> startup_stm32f40_41xxx.o(RESET)
</UL>
<P><STRONG><a name="[1f]"></a>EXTI4_IRQHandler</STRONG> (Thumb, 0 bytes, Stack size 0 bytes, startup_stm32f40_41xxx.o(.text))
<BR>[Address Reference Count : 1]<UL><LI> startup_stm32f40_41xxx.o(RESET)
</UL>
<P><STRONG><a name="[19]"></a>FLASH_IRQHandler</STRONG> (Thumb, 0 bytes, Stack size 0 bytes, startup_stm32f40_41xxx.o(.text))
<BR>[Address Reference Count : 1]<UL><LI> startup_stm32f40_41xxx.o(RESET)
</UL>
<P><STRONG><a name="[66]"></a>FPU_IRQHandler</STRONG> (Thumb, 0 bytes, Stack size 0 bytes, startup_stm32f40_41xxx.o(.text))
<BR>[Address Reference Count : 1]<UL><LI> startup_stm32f40_41xxx.o(RESET)
</UL>
<P><STRONG><a name="[45]"></a>FSMC_IRQHandler</STRONG> (Thumb, 0 bytes, Stack size 0 bytes, startup_stm32f40_41xxx.o(.text))
<BR>[Address Reference Count : 1]<UL><LI> startup_stm32f40_41xxx.o(RESET)
</UL>
<P><STRONG><a name="[65]"></a>HASH_RNG_IRQHandler</STRONG> (Thumb, 0 bytes, Stack size 0 bytes, startup_stm32f40_41xxx.o(.text))
<BR>[Address Reference Count : 1]<UL><LI> startup_stm32f40_41xxx.o(RESET)
</UL>
<P><STRONG><a name="[35]"></a>I2C1_ER_IRQHandler</STRONG> (Thumb, 0 bytes, Stack size 0 bytes, startup_stm32f40_41xxx.o(.text))
<BR>[Address Reference Count : 1]<UL><LI> startup_stm32f40_41xxx.o(RESET)
</UL>
<P><STRONG><a name="[34]"></a>I2C1_EV_IRQHandler</STRONG> (Thumb, 0 bytes, Stack size 0 bytes, startup_stm32f40_41xxx.o(.text))
<BR>[Address Reference Count : 1]<UL><LI> startup_stm32f40_41xxx.o(RESET)
</UL>
<P><STRONG><a name="[37]"></a>I2C2_ER_IRQHandler</STRONG> (Thumb, 0 bytes, Stack size 0 bytes, startup_stm32f40_41xxx.o(.text))
<BR>[Address Reference Count : 1]<UL><LI> startup_stm32f40_41xxx.o(RESET)
</UL>
<P><STRONG><a name="[36]"></a>I2C2_EV_IRQHandler</STRONG> (Thumb, 0 bytes, Stack size 0 bytes, startup_stm32f40_41xxx.o(.text))
<BR>[Address Reference Count : 1]<UL><LI> startup_stm32f40_41xxx.o(RESET)
</UL>
<P><STRONG><a name="[5e]"></a>I2C3_ER_IRQHandler</STRONG> (Thumb, 0 bytes, Stack size 0 bytes, startup_stm32f40_41xxx.o(.text))
<BR>[Address Reference Count : 1]<UL><LI> startup_stm32f40_41xxx.o(RESET)
</UL>
<P><STRONG><a name="[5d]"></a>I2C3_EV_IRQHandler</STRONG> (Thumb, 0 bytes, Stack size 0 bytes, startup_stm32f40_41xxx.o(.text))
<BR>[Address Reference Count : 1]<UL><LI> startup_stm32f40_41xxx.o(RESET)
</UL>
<P><STRONG><a name="[58]"></a>OTG_FS_IRQHandler</STRONG> (Thumb, 0 bytes, Stack size 0 bytes, startup_stm32f40_41xxx.o(.text))
<BR>[Address Reference Count : 1]<UL><LI> startup_stm32f40_41xxx.o(RESET)
</UL>
<P><STRONG><a name="[3f]"></a>OTG_FS_WKUP_IRQHandler</STRONG> (Thumb, 0 bytes, Stack size 0 bytes, startup_stm32f40_41xxx.o(.text))
<BR>[Address Reference Count : 1]<UL><LI> startup_stm32f40_41xxx.o(RESET)
</UL>
<P><STRONG><a name="[60]"></a>OTG_HS_EP1_IN_IRQHandler</STRONG> (Thumb, 0 bytes, Stack size 0 bytes, startup_stm32f40_41xxx.o(.text))
<BR>[Address Reference Count : 1]<UL><LI> startup_stm32f40_41xxx.o(RESET)
</UL>
<P><STRONG><a name="[5f]"></a>OTG_HS_EP1_OUT_IRQHandler</STRONG> (Thumb, 0 bytes, Stack size 0 bytes, startup_stm32f40_41xxx.o(.text))
<BR>[Address Reference Count : 1]<UL><LI> startup_stm32f40_41xxx.o(RESET)
</UL>
<P><STRONG><a name="[62]"></a>OTG_HS_IRQHandler</STRONG> (Thumb, 0 bytes, Stack size 0 bytes, startup_stm32f40_41xxx.o(.text))
<BR>[Address Reference Count : 1]<UL><LI> startup_stm32f40_41xxx.o(RESET)
</UL>
<P><STRONG><a name="[61]"></a>OTG_HS_WKUP_IRQHandler</STRONG> (Thumb, 0 bytes, Stack size 0 bytes, startup_stm32f40_41xxx.o(.text))
<BR>[Address Reference Count : 1]<UL><LI> startup_stm32f40_41xxx.o(RESET)
</UL>
<P><STRONG><a name="[16]"></a>PVD_IRQHandler</STRONG> (Thumb, 0 bytes, Stack size 0 bytes, startup_stm32f40_41xxx.o(.text))
<BR>[Address Reference Count : 1]<UL><LI> startup_stm32f40_41xxx.o(RESET)
</UL>
<P><STRONG><a name="[1a]"></a>RCC_IRQHandler</STRONG> (Thumb, 0 bytes, Stack size 0 bytes, startup_stm32f40_41xxx.o(.text))
<BR>[Address Reference Count : 1]<UL><LI> startup_stm32f40_41xxx.o(RESET)
</UL>
<P><STRONG><a name="[3e]"></a>RTC_Alarm_IRQHandler</STRONG> (Thumb, 0 bytes, Stack size 0 bytes, startup_stm32f40_41xxx.o(.text))
<BR>[Address Reference Count : 1]<UL><LI> startup_stm32f40_41xxx.o(RESET)
</UL>
<P><STRONG><a name="[18]"></a>RTC_WKUP_IRQHandler</STRONG> (Thumb, 0 bytes, Stack size 0 bytes, startup_stm32f40_41xxx.o(.text))
<BR>[Address Reference Count : 1]<UL><LI> startup_stm32f40_41xxx.o(RESET)
</UL>
<P><STRONG><a name="[46]"></a>SDIO_IRQHandler</STRONG> (Thumb, 0 bytes, Stack size 0 bytes, startup_stm32f40_41xxx.o(.text))
<BR>[Address Reference Count : 1]<UL><LI> startup_stm32f40_41xxx.o(RESET)
</UL>
<P><STRONG><a name="[38]"></a>SPI1_IRQHandler</STRONG> (Thumb, 0 bytes, Stack size 0 bytes, startup_stm32f40_41xxx.o(.text))
<BR>[Address Reference Count : 1]<UL><LI> startup_stm32f40_41xxx.o(RESET)
</UL>
<P><STRONG><a name="[39]"></a>SPI2_IRQHandler</STRONG> (Thumb, 0 bytes, Stack size 0 bytes, startup_stm32f40_41xxx.o(.text))
<BR>[Address Reference Count : 1]<UL><LI> startup_stm32f40_41xxx.o(RESET)
</UL>
<P><STRONG><a name="[48]"></a>SPI3_IRQHandler</STRONG> (Thumb, 0 bytes, Stack size 0 bytes, startup_stm32f40_41xxx.o(.text))
<BR>[Address Reference Count : 1]<UL><LI> startup_stm32f40_41xxx.o(RESET)
</UL>
<P><STRONG><a name="[17]"></a>TAMP_STAMP_IRQHandler</STRONG> (Thumb, 0 bytes, Stack size 0 bytes, startup_stm32f40_41xxx.o(.text))
<BR>[Address Reference Count : 1]<UL><LI> startup_stm32f40_41xxx.o(RESET)
</UL>
<P><STRONG><a name="[2d]"></a>TIM1_BRK_TIM9_IRQHandler</STRONG> (Thumb, 0 bytes, Stack size 0 bytes, startup_stm32f40_41xxx.o(.text))
<BR>[Address Reference Count : 1]<UL><LI> startup_stm32f40_41xxx.o(RESET)
</UL>
<P><STRONG><a name="[30]"></a>TIM1_CC_IRQHandler</STRONG> (Thumb, 0 bytes, Stack size 0 bytes, startup_stm32f40_41xxx.o(.text))
<BR>[Address Reference Count : 1]<UL><LI> startup_stm32f40_41xxx.o(RESET)
</UL>
<P><STRONG><a name="[2f]"></a>TIM1_TRG_COM_TIM11_IRQHandler</STRONG> (Thumb, 0 bytes, Stack size 0 bytes, startup_stm32f40_41xxx.o(.text))
<BR>[Address Reference Count : 1]<UL><LI> startup_stm32f40_41xxx.o(RESET)
</UL>
<P><STRONG><a name="[31]"></a>TIM2_IRQHandler</STRONG> (Thumb, 0 bytes, Stack size 0 bytes, startup_stm32f40_41xxx.o(.text))
<BR>[Address Reference Count : 1]<UL><LI> startup_stm32f40_41xxx.o(RESET)
</UL>
<P><STRONG><a name="[33]"></a>TIM4_IRQHandler</STRONG> (Thumb, 0 bytes, Stack size 0 bytes, startup_stm32f40_41xxx.o(.text))
<BR>[Address Reference Count : 1]<UL><LI> startup_stm32f40_41xxx.o(RESET)
</UL>
<P><STRONG><a name="[47]"></a>TIM5_IRQHandler</STRONG> (Thumb, 0 bytes, Stack size 0 bytes, startup_stm32f40_41xxx.o(.text))
<BR>[Address Reference Count : 1]<UL><LI> startup_stm32f40_41xxx.o(RESET)
</UL>
<P><STRONG><a name="[4b]"></a>TIM6_DAC_IRQHandler</STRONG> (Thumb, 0 bytes, Stack size 0 bytes, startup_stm32f40_41xxx.o(.text))
<BR>[Address Reference Count : 1]<UL><LI> startup_stm32f40_41xxx.o(RESET)
</UL>
<P><STRONG><a name="[4c]"></a>TIM7_IRQHandler</STRONG> (Thumb, 0 bytes, Stack size 0 bytes, startup_stm32f40_41xxx.o(.text))
<BR>[Address Reference Count : 1]<UL><LI> startup_stm32f40_41xxx.o(RESET)
</UL>
<P><STRONG><a name="[40]"></a>TIM8_BRK_TIM12_IRQHandler</STRONG> (Thumb, 0 bytes, Stack size 0 bytes, startup_stm32f40_41xxx.o(.text))
<BR>[Address Reference Count : 1]<UL><LI> startup_stm32f40_41xxx.o(RESET)
</UL>
<P><STRONG><a name="[43]"></a>TIM8_CC_IRQHandler</STRONG> (Thumb, 0 bytes, Stack size 0 bytes, startup_stm32f40_41xxx.o(.text))
<BR>[Address Reference Count : 1]<UL><LI> startup_stm32f40_41xxx.o(RESET)
</UL>
<P><STRONG><a name="[42]"></a>TIM8_TRG_COM_TIM14_IRQHandler</STRONG> (Thumb, 0 bytes, Stack size 0 bytes, startup_stm32f40_41xxx.o(.text))
<BR>[Address Reference Count : 1]<UL><LI> startup_stm32f40_41xxx.o(RESET)
</UL>
<P><STRONG><a name="[41]"></a>TIM8_UP_TIM13_IRQHandler</STRONG> (Thumb, 0 bytes, Stack size 0 bytes, startup_stm32f40_41xxx.o(.text))
<BR>[Address Reference Count : 1]<UL><LI> startup_stm32f40_41xxx.o(RESET)
</UL>
<P><STRONG><a name="[49]"></a>UART4_IRQHandler</STRONG> (Thumb, 0 bytes, Stack size 0 bytes, startup_stm32f40_41xxx.o(.text))
<BR>[Address Reference Count : 1]<UL><LI> startup_stm32f40_41xxx.o(RESET)
</UL>
<P><STRONG><a name="[4a]"></a>UART5_IRQHandler</STRONG> (Thumb, 0 bytes, Stack size 0 bytes, startup_stm32f40_41xxx.o(.text))
<BR>[Address Reference Count : 1]<UL><LI> startup_stm32f40_41xxx.o(RESET)
</UL>
<P><STRONG><a name="[3b]"></a>USART2_IRQHandler</STRONG> (Thumb, 0 bytes, Stack size 0 bytes, startup_stm32f40_41xxx.o(.text))
<BR>[Address Reference Count : 1]<UL><LI> startup_stm32f40_41xxx.o(RESET)
</UL>
<P><STRONG><a name="[5c]"></a>USART6_IRQHandler</STRONG> (Thumb, 0 bytes, Stack size 0 bytes, startup_stm32f40_41xxx.o(.text))
<BR>[Address Reference Count : 1]<UL><LI> startup_stm32f40_41xxx.o(RESET)
</UL>
<P><STRONG><a name="[15]"></a>WWDG_IRQHandler</STRONG> (Thumb, 0 bytes, Stack size 0 bytes, startup_stm32f40_41xxx.o(.text))
<BR>[Address Reference Count : 1]<UL><LI> startup_stm32f40_41xxx.o(RESET)
</UL>
<P><STRONG><a name="[f8]"></a>arm_cos_f32</STRONG> (Thumb, 108 bytes, Stack size 0 bytes, arm_cos_f32.o(.text))
<BR><BR>[Called By]<UL><LI><a href="#[f6]">&gt;&gt;</a>&nbsp;&nbsp;&nbsp;Motor_Aguest
</UL>

<P><STRONG><a name="[f7]"></a>arm_sin_f32</STRONG> (Thumb, 104 bytes, Stack size 0 bytes, arm_sin_f32.o(.text))
<BR><BR>[Called By]<UL><LI><a href="#[f6]">&gt;&gt;</a>&nbsp;&nbsp;&nbsp;Motor_Aguest
</UL>

<P><STRONG><a name="[15c]"></a>arm_mean_f32</STRONG> (Thumb, 138 bytes, Stack size 0 bytes, arm_mean_f32.o(.text))
<BR><BR>[Called By]<UL><LI><a href="#[15b]">&gt;&gt;</a>&nbsp;&nbsp;&nbsp;Slider_Filter(float*, unsigned char*, unsigned char, float)
</UL>

<P><STRONG><a name="[157]"></a>arm_copy_q15</STRONG> (Thumb, 152 bytes, Stack size 4 bytes, arm_copy_q15.o(.text))
<BR><BR>[Stack]<UL><LI>Max Depth = 4<LI>Call Chain = arm_copy_q15
</UL>
<BR>[Called By]<UL><LI><a href="#[10c]">&gt;&gt;</a>&nbsp;&nbsp;&nbsp;Middle_filter(short*, unsigned char*, unsigned char, short)
</UL>

<P><STRONG><a name="[109]"></a>rand</STRONG> (Thumb, 20 bytes, Stack size 0 bytes, rand.o(.text))
<BR><BR>[Called By]<UL><LI><a href="#[105]">&gt;&gt;</a>&nbsp;&nbsp;&nbsp;Moving_Gyo
</UL>

<P><STRONG><a name="[108]"></a>srand</STRONG> (Thumb, 6 bytes, Stack size 0 bytes, rand.o(.text))
<BR><BR>[Called By]<UL><LI><a href="#[105]">&gt;&gt;</a>&nbsp;&nbsp;&nbsp;Moving_Gyo
</UL>

<P><STRONG><a name="[1bc]"></a>__aeabi_memcpy</STRONG> (Thumb, 36 bytes, Stack size 0 bytes, memcpya.o(.text), UNUSED)

<P><STRONG><a name="[ff]"></a>__aeabi_memcpy4</STRONG> (Thumb, 0 bytes, Stack size 0 bytes, memcpya.o(.text))
<BR><BR>[Called By]<UL><LI><a href="#[10f]">&gt;&gt;</a>&nbsp;&nbsp;&nbsp;Send_OverPowerFlag
<LI><a href="#[103]">&gt;&gt;</a>&nbsp;&nbsp;&nbsp;Motor_YawPitch
<LI><a href="#[102]">&gt;&gt;</a>&nbsp;&nbsp;&nbsp;Motor_Power
<LI><a href="#[104]">&gt;&gt;</a>&nbsp;&nbsp;&nbsp;PUSH_CAN_FIFO
<LI><a href="#[ae]">&gt;&gt;</a>&nbsp;&nbsp;&nbsp;POP_CAN_FIFO
<LI><a href="#[9]">&gt;&gt;</a>&nbsp;&nbsp;&nbsp;ParaSetting
<LI><a href="#[fd]">&gt;&gt;</a>&nbsp;&nbsp;&nbsp;Motor_CarFrame
</UL>

<P><STRONG><a name="[1bd]"></a>__aeabi_memcpy8</STRONG> (Thumb, 0 bytes, Stack size 0 bytes, memcpya.o(.text), UNUSED)

<P><STRONG><a name="[1b2]"></a>strlen</STRONG> (Thumb, 14 bytes, Stack size 0 bytes, strlen.o(.text))
<BR><BR>[Called By]<UL><LI><a href="#[b4]">&gt;&gt;</a>&nbsp;&nbsp;&nbsp;u1_printf
</UL>

<P><STRONG><a name="[8b]"></a>__cpp_initialize__aeabi_</STRONG> (Thumb, 22 bytes, Stack size 16 bytes, cpp_init.o(.text))
<BR><BR>[Stack]<UL><LI>Max Depth = 16<LI>Call Chain = __cpp_initialize__aeabi_
</UL>
<BR>[Called By]<UL><LI><a href="#[8e]">&gt;&gt;</a>&nbsp;&nbsp;&nbsp;_main_cpp_init$empty
</UL>

<P><STRONG><a name="[94]"></a>__aeabi_dadd</STRONG> (Thumb, 322 bytes, Stack size 48 bytes, dadd.o(.text))
<BR><BR>[Stack]<UL><LI>Max Depth = 88<LI>Call Chain = __aeabi_dadd &rArr; _double_epilogue &rArr; _double_round
</UL>
<BR>[Calls]<UL><LI><a href="#[96]">&gt;&gt;</a>&nbsp;&nbsp;&nbsp;__aeabi_lasr
<LI><a href="#[95]">&gt;&gt;</a>&nbsp;&nbsp;&nbsp;__aeabi_llsl
<LI><a href="#[98]">&gt;&gt;</a>&nbsp;&nbsp;&nbsp;_double_round
<LI><a href="#[97]">&gt;&gt;</a>&nbsp;&nbsp;&nbsp;_double_epilogue
</UL>
<BR>[Called By]<UL><LI><a href="#[156]">&gt;&gt;</a>&nbsp;&nbsp;&nbsp;os_dr16
<LI><a href="#[9a]">&gt;&gt;</a>&nbsp;&nbsp;&nbsp;__aeabi_drsub
<LI><a href="#[99]">&gt;&gt;</a>&nbsp;&nbsp;&nbsp;__aeabi_dsub
<LI><a href="#[17a]">&gt;&gt;</a>&nbsp;&nbsp;&nbsp;_fp_digits
</UL>

<P><STRONG><a name="[99]"></a>__aeabi_dsub</STRONG> (Thumb, 6 bytes, Stack size 0 bytes, dadd.o(.text), UNUSED)
<BR><BR>[Calls]<UL><LI><a href="#[94]">&gt;&gt;</a>&nbsp;&nbsp;&nbsp;__aeabi_dadd
</UL>

<P><STRONG><a name="[9a]"></a>__aeabi_drsub</STRONG> (Thumb, 6 bytes, Stack size 0 bytes, dadd.o(.text), UNUSED)
<BR><BR>[Calls]<UL><LI><a href="#[94]">&gt;&gt;</a>&nbsp;&nbsp;&nbsp;__aeabi_dadd
</UL>

<P><STRONG><a name="[9b]"></a>__aeabi_ddiv</STRONG> (Thumb, 222 bytes, Stack size 32 bytes, ddiv.o(.text))
<BR><BR>[Stack]<UL><LI>Max Depth = 40<LI>Call Chain = __aeabi_ddiv &rArr; _double_round
</UL>
<BR>[Calls]<UL><LI><a href="#[98]">&gt;&gt;</a>&nbsp;&nbsp;&nbsp;_double_round
</UL>
<BR>[Called By]<UL><LI><a href="#[156]">&gt;&gt;</a>&nbsp;&nbsp;&nbsp;os_dr16
<LI><a href="#[17a]">&gt;&gt;</a>&nbsp;&nbsp;&nbsp;_fp_digits
</UL>

<P><STRONG><a name="[9c]"></a>__aeabi_l2f</STRONG> (Thumb, 44 bytes, Stack size 16 bytes, ffltl.o(.text))
<BR><BR>[Stack]<UL><LI>Max Depth = 20<LI>Call Chain = __aeabi_l2f &rArr; _float_epilogue
</UL>
<BR>[Calls]<UL><LI><a href="#[9d]">&gt;&gt;</a>&nbsp;&nbsp;&nbsp;_float_epilogue
</UL>
<BR>[Called By]<UL><LI><a href="#[156]">&gt;&gt;</a>&nbsp;&nbsp;&nbsp;os_dr16
</UL>

<P><STRONG><a name="[9e]"></a>__aeabi_i2d</STRONG> (Thumb, 34 bytes, Stack size 16 bytes, dflti.o(.text))
<BR><BR>[Stack]<UL><LI>Max Depth = 56<LI>Call Chain = __aeabi_i2d &rArr; _double_epilogue &rArr; _double_round
</UL>
<BR>[Calls]<UL><LI><a href="#[97]">&gt;&gt;</a>&nbsp;&nbsp;&nbsp;_double_epilogue
</UL>
<BR>[Called By]<UL><LI><a href="#[156]">&gt;&gt;</a>&nbsp;&nbsp;&nbsp;os_dr16
</UL>

<P><STRONG><a name="[9f]"></a>__aeabi_d2iz</STRONG> (Thumb, 62 bytes, Stack size 16 bytes, dfixi.o(.text))
<BR><BR>[Stack]<UL><LI>Max Depth = 16<LI>Call Chain = __aeabi_d2iz
</UL>
<BR>[Calls]<UL><LI><a href="#[a0]">&gt;&gt;</a>&nbsp;&nbsp;&nbsp;__aeabi_llsr
</UL>
<BR>[Called By]<UL><LI><a href="#[156]">&gt;&gt;</a>&nbsp;&nbsp;&nbsp;os_dr16
</UL>

<P><STRONG><a name="[b3]"></a>__aeabi_f2d</STRONG> (Thumb, 38 bytes, Stack size 0 bytes, f2d.o(.text))
<BR><BR>[Called By]<UL><LI><a href="#[5]">&gt;&gt;</a>&nbsp;&nbsp;&nbsp;SetFuzzy(float, float, float, float)
<LI><a href="#[0]">&gt;&gt;</a>&nbsp;&nbsp;&nbsp;SetPitchPid(float, float, float)
<LI><a href="#[b5]">&gt;&gt;</a>&nbsp;&nbsp;&nbsp;CheckParameter_User
<LI><a href="#[b2]">&gt;&gt;</a>&nbsp;&nbsp;&nbsp;CheckParameter_Operater
</UL>

<P><STRONG><a name="[1be]"></a>__aeabi_uidiv</STRONG> (Thumb, 0 bytes, Stack size 12 bytes, uidiv.o(.text), UNUSED)

<P><STRONG><a name="[180]"></a>__aeabi_uidivmod</STRONG> (Thumb, 44 bytes, Stack size 12 bytes, uidiv.o(.text), UNUSED)
<BR><BR>[Called By]<UL><LI><a href="#[179]">&gt;&gt;</a>&nbsp;&nbsp;&nbsp;_printf_core
</UL>

<P><STRONG><a name="[a1]"></a>__aeabi_uldivmod</STRONG> (Thumb, 98 bytes, Stack size 40 bytes, uldiv.o(.text), UNUSED)
<BR><BR>[Calls]<UL><LI><a href="#[a0]">&gt;&gt;</a>&nbsp;&nbsp;&nbsp;__aeabi_llsr
<LI><a href="#[95]">&gt;&gt;</a>&nbsp;&nbsp;&nbsp;__aeabi_llsl
</UL>
<BR>[Called By]<UL><LI><a href="#[179]">&gt;&gt;</a>&nbsp;&nbsp;&nbsp;_printf_core
<LI><a href="#[17a]">&gt;&gt;</a>&nbsp;&nbsp;&nbsp;_fp_digits
<LI><a href="#[177]">&gt;&gt;</a>&nbsp;&nbsp;&nbsp;_printf_core
</UL>

<P><STRONG><a name="[95]"></a>__aeabi_llsl</STRONG> (Thumb, 30 bytes, Stack size 0 bytes, llshl.o(.text))
<BR><BR>[Called By]<UL><LI><a href="#[94]">&gt;&gt;</a>&nbsp;&nbsp;&nbsp;__aeabi_dadd
<LI><a href="#[a1]">&gt;&gt;</a>&nbsp;&nbsp;&nbsp;__aeabi_uldivmod
<LI><a href="#[97]">&gt;&gt;</a>&nbsp;&nbsp;&nbsp;_double_epilogue
<LI><a href="#[a3]">&gt;&gt;</a>&nbsp;&nbsp;&nbsp;__aeabi_d2ulz
</UL>

<P><STRONG><a name="[1bf]"></a>_ll_shift_l</STRONG> (Thumb, 0 bytes, Stack size 0 bytes, llshl.o(.text), UNUSED)

<P><STRONG><a name="[a0]"></a>__aeabi_llsr</STRONG> (Thumb, 32 bytes, Stack size 0 bytes, llushr.o(.text))
<BR><BR>[Called By]<UL><LI><a href="#[9f]">&gt;&gt;</a>&nbsp;&nbsp;&nbsp;__aeabi_d2iz
<LI><a href="#[a1]">&gt;&gt;</a>&nbsp;&nbsp;&nbsp;__aeabi_uldivmod
<LI><a href="#[97]">&gt;&gt;</a>&nbsp;&nbsp;&nbsp;_double_epilogue
<LI><a href="#[a3]">&gt;&gt;</a>&nbsp;&nbsp;&nbsp;__aeabi_d2ulz
</UL>

<P><STRONG><a name="[1c0]"></a>_ll_ushift_r</STRONG> (Thumb, 0 bytes, Stack size 0 bytes, llushr.o(.text), UNUSED)

<P><STRONG><a name="[96]"></a>__aeabi_lasr</STRONG> (Thumb, 36 bytes, Stack size 0 bytes, llsshr.o(.text))
<BR><BR>[Called By]<UL><LI><a href="#[94]">&gt;&gt;</a>&nbsp;&nbsp;&nbsp;__aeabi_dadd
</UL>

<P><STRONG><a name="[1c1]"></a>_ll_sshift_r</STRONG> (Thumb, 0 bytes, Stack size 0 bytes, llsshr.o(.text), UNUSED)

<P><STRONG><a name="[1c2]"></a>__I$use$fp</STRONG> (Thumb, 0 bytes, Stack size 0 bytes, iusefp.o(.text), UNUSED)

<P><STRONG><a name="[1c3]"></a>_float_round</STRONG> (Thumb, 18 bytes, Stack size 0 bytes, fepilogue.o(.text), UNUSED)

<P><STRONG><a name="[9d]"></a>_float_epilogue</STRONG> (Thumb, 92 bytes, Stack size 4 bytes, fepilogue.o(.text))
<BR><BR>[Stack]<UL><LI>Max Depth = 4<LI>Call Chain = _float_epilogue
</UL>
<BR>[Called By]<UL><LI><a href="#[9c]">&gt;&gt;</a>&nbsp;&nbsp;&nbsp;__aeabi_l2f
</UL>

<P><STRONG><a name="[98]"></a>_double_round</STRONG> (Thumb, 30 bytes, Stack size 8 bytes, depilogue.o(.text))
<BR><BR>[Stack]<UL><LI>Max Depth = 8<LI>Call Chain = _double_round
</UL>
<BR>[Called By]<UL><LI><a href="#[9b]">&gt;&gt;</a>&nbsp;&nbsp;&nbsp;__aeabi_ddiv
<LI><a href="#[94]">&gt;&gt;</a>&nbsp;&nbsp;&nbsp;__aeabi_dadd
<LI><a href="#[97]">&gt;&gt;</a>&nbsp;&nbsp;&nbsp;_double_epilogue
</UL>

<P><STRONG><a name="[97]"></a>_double_epilogue</STRONG> (Thumb, 156 bytes, Stack size 32 bytes, depilogue.o(.text))
<BR><BR>[Stack]<UL><LI>Max Depth = 40<LI>Call Chain = _double_epilogue &rArr; _double_round
</UL>
<BR>[Calls]<UL><LI><a href="#[a0]">&gt;&gt;</a>&nbsp;&nbsp;&nbsp;__aeabi_llsr
<LI><a href="#[95]">&gt;&gt;</a>&nbsp;&nbsp;&nbsp;__aeabi_llsl
<LI><a href="#[98]">&gt;&gt;</a>&nbsp;&nbsp;&nbsp;_double_round
</UL>
<BR>[Called By]<UL><LI><a href="#[9e]">&gt;&gt;</a>&nbsp;&nbsp;&nbsp;__aeabi_i2d
<LI><a href="#[94]">&gt;&gt;</a>&nbsp;&nbsp;&nbsp;__aeabi_dadd
<LI><a href="#[a2]">&gt;&gt;</a>&nbsp;&nbsp;&nbsp;__aeabi_dmul
</UL>

<P><STRONG><a name="[a2]"></a>__aeabi_dmul</STRONG> (Thumb, 228 bytes, Stack size 48 bytes, dmul.o(.text), UNUSED)
<BR><BR>[Calls]<UL><LI><a href="#[97]">&gt;&gt;</a>&nbsp;&nbsp;&nbsp;_double_epilogue
</UL>
<BR>[Called By]<UL><LI><a href="#[17a]">&gt;&gt;</a>&nbsp;&nbsp;&nbsp;_fp_digits
</UL>

<P><STRONG><a name="[a3]"></a>__aeabi_d2ulz</STRONG> (Thumb, 48 bytes, Stack size 0 bytes, dfixul.o(.text), UNUSED)
<BR><BR>[Calls]<UL><LI><a href="#[a0]">&gt;&gt;</a>&nbsp;&nbsp;&nbsp;__aeabi_llsr
<LI><a href="#[95]">&gt;&gt;</a>&nbsp;&nbsp;&nbsp;__aeabi_llsl
</UL>
<BR>[Called By]<UL><LI><a href="#[17a]">&gt;&gt;</a>&nbsp;&nbsp;&nbsp;_fp_digits
</UL>

<P><STRONG><a name="[17b]"></a>__aeabi_cdrcmple</STRONG> (Thumb, 48 bytes, Stack size 0 bytes, cdrcmple.o(.text), UNUSED)
<BR><BR>[Called By]<UL><LI><a href="#[17a]">&gt;&gt;</a>&nbsp;&nbsp;&nbsp;_fp_digits
</UL>

<P><STRONG><a name="[8d]"></a>__scatterload</STRONG> (Thumb, 28 bytes, Stack size 0 bytes, init.o(.text))
<BR><BR>[Calls]<UL><LI><a href="#[a4]">&gt;&gt;</a>&nbsp;&nbsp;&nbsp;__main_after_scatterload
</UL>
<BR>[Called By]<UL><LI><a href="#[8c]">&gt;&gt;</a>&nbsp;&nbsp;&nbsp;_main_scatterload
</UL>

<P><STRONG><a name="[1c4]"></a>__scatterload_rt2</STRONG> (Thumb, 0 bytes, Stack size 0 bytes, init.o(.text), UNUSED)

<P><STRONG><a name="[1c5]"></a>__decompress</STRONG> (Thumb, 0 bytes, Stack size unknown bytes, __dczerorl2.o(.text), UNUSED)

<P><STRONG><a name="[1c6]"></a>__decompress1</STRONG> (Thumb, 86 bytes, Stack size unknown bytes, __dczerorl2.o(.text), UNUSED)

<P><STRONG><a name="[15f]"></a>Base_AutoAttack</STRONG> (Thumb, 184 bytes, Stack size 0 bytes, os_can1.o(i.Base_AutoAttack))
<BR><BR>[Called By]<UL><LI><a href="#[78]">&gt;&gt;</a>&nbsp;&nbsp;&nbsp;CAN1_DATA0_Rec()
</UL>

<P><STRONG><a name="[f]"></a>BusFault_Handler</STRONG> (Thumb, 4 bytes, Stack size 0 bytes, stm32f4xx_it.o(i.BusFault_Handler))
<BR>[Address Reference Count : 1]<UL><LI> startup_stm32f40_41xxx.o(RESET)
</UL>
<P><STRONG><a name="[29]"></a>CAN1_RX0_IRQHandler</STRONG> (Thumb, 48 bytes, Stack size 8 bytes, bsp_can.o(i.CAN1_RX0_IRQHandler))
<BR><BR>[Stack]<UL><LI>Max Depth = 48<LI>Call Chain = CAN1_RX0_IRQHandler &rArr; isr_mbx_send &rArr; rt_psq_enq
</UL>
<BR>[Calls]<UL><LI><a href="#[a7]">&gt;&gt;</a>&nbsp;&nbsp;&nbsp;rt_mbx_check
<LI><a href="#[a8]">&gt;&gt;</a>&nbsp;&nbsp;&nbsp;isr_mbx_send
<LI><a href="#[a6]">&gt;&gt;</a>&nbsp;&nbsp;&nbsp;CAN_Receive
<LI><a href="#[a5]">&gt;&gt;</a>&nbsp;&nbsp;&nbsp;CAN_GetITStatus
<LI><a href="#[a9]">&gt;&gt;</a>&nbsp;&nbsp;&nbsp;CAN_ClearITPendingBit
</UL>
<BR>[Address Reference Count : 1]<UL><LI> startup_stm32f40_41xxx.o(RESET)
</UL>
<P><STRONG><a name="[2a]"></a>CAN1_RX1_IRQHandler</STRONG> (Thumb, 48 bytes, Stack size 8 bytes, bsp_can.o(i.CAN1_RX1_IRQHandler))
<BR><BR>[Stack]<UL><LI>Max Depth = 48<LI>Call Chain = CAN1_RX1_IRQHandler &rArr; isr_mbx_send &rArr; rt_psq_enq
</UL>
<BR>[Calls]<UL><LI><a href="#[a7]">&gt;&gt;</a>&nbsp;&nbsp;&nbsp;rt_mbx_check
<LI><a href="#[a8]">&gt;&gt;</a>&nbsp;&nbsp;&nbsp;isr_mbx_send
<LI><a href="#[a6]">&gt;&gt;</a>&nbsp;&nbsp;&nbsp;CAN_Receive
<LI><a href="#[a5]">&gt;&gt;</a>&nbsp;&nbsp;&nbsp;CAN_GetITStatus
<LI><a href="#[a9]">&gt;&gt;</a>&nbsp;&nbsp;&nbsp;CAN_ClearITPendingBit
</UL>
<BR>[Address Reference Count : 1]<UL><LI> startup_stm32f40_41xxx.o(RESET)
</UL>
<P><STRONG><a name="[55]"></a>CAN2_RX0_IRQHandler</STRONG> (Thumb, 48 bytes, Stack size 8 bytes, bsp_can.o(i.CAN2_RX0_IRQHandler))
<BR><BR>[Stack]<UL><LI>Max Depth = 48<LI>Call Chain = CAN2_RX0_IRQHandler &rArr; isr_mbx_send &rArr; rt_psq_enq
</UL>
<BR>[Calls]<UL><LI><a href="#[a7]">&gt;&gt;</a>&nbsp;&nbsp;&nbsp;rt_mbx_check
<LI><a href="#[a8]">&gt;&gt;</a>&nbsp;&nbsp;&nbsp;isr_mbx_send
<LI><a href="#[a6]">&gt;&gt;</a>&nbsp;&nbsp;&nbsp;CAN_Receive
<LI><a href="#[a5]">&gt;&gt;</a>&nbsp;&nbsp;&nbsp;CAN_GetITStatus
<LI><a href="#[a9]">&gt;&gt;</a>&nbsp;&nbsp;&nbsp;CAN_ClearITPendingBit
</UL>
<BR>[Address Reference Count : 1]<UL><LI> startup_stm32f40_41xxx.o(RESET)
</UL>
<P><STRONG><a name="[56]"></a>CAN2_RX1_IRQHandler</STRONG> (Thumb, 48 bytes, Stack size 8 bytes, bsp_can.o(i.CAN2_RX1_IRQHandler))
<BR><BR>[Stack]<UL><LI>Max Depth = 48<LI>Call Chain = CAN2_RX1_IRQHandler &rArr; isr_mbx_send &rArr; rt_psq_enq
</UL>
<BR>[Calls]<UL><LI><a href="#[a7]">&gt;&gt;</a>&nbsp;&nbsp;&nbsp;rt_mbx_check
<LI><a href="#[a8]">&gt;&gt;</a>&nbsp;&nbsp;&nbsp;isr_mbx_send
<LI><a href="#[a6]">&gt;&gt;</a>&nbsp;&nbsp;&nbsp;CAN_Receive
<LI><a href="#[a5]">&gt;&gt;</a>&nbsp;&nbsp;&nbsp;CAN_GetITStatus
<LI><a href="#[a9]">&gt;&gt;</a>&nbsp;&nbsp;&nbsp;CAN_ClearITPendingBit
</UL>
<BR>[Address Reference Count : 1]<UL><LI> startup_stm32f40_41xxx.o(RESET)
</UL>
<P><STRONG><a name="[18e]"></a>CAN_ClearFlag</STRONG> (Thumb, 52 bytes, Stack size 0 bytes, stm32f4xx_can.o(i.CAN_ClearFlag))
<BR><BR>[Called By]<UL><LI><a href="#[e1]">&gt;&gt;</a>&nbsp;&nbsp;&nbsp;can_nvic_config
</UL>

<P><STRONG><a name="[a9]"></a>CAN_ClearITPendingBit</STRONG> (Thumb, 162 bytes, Stack size 0 bytes, stm32f4xx_can.o(i.CAN_ClearITPendingBit))
<BR><BR>[Called By]<UL><LI><a href="#[56]">&gt;&gt;</a>&nbsp;&nbsp;&nbsp;CAN2_RX1_IRQHandler
<LI><a href="#[55]">&gt;&gt;</a>&nbsp;&nbsp;&nbsp;CAN2_RX0_IRQHandler
<LI><a href="#[2a]">&gt;&gt;</a>&nbsp;&nbsp;&nbsp;CAN1_RX1_IRQHandler
<LI><a href="#[29]">&gt;&gt;</a>&nbsp;&nbsp;&nbsp;CAN1_RX0_IRQHandler
</UL>

<P><STRONG><a name="[aa]"></a>CAN_DeInit</STRONG> (Thumb, 50 bytes, Stack size 8 bytes, stm32f4xx_can.o(i.CAN_DeInit))
<BR><BR>[Stack]<UL><LI>Max Depth = 8<LI>Call Chain = CAN_DeInit
</UL>
<BR>[Calls]<UL><LI><a href="#[ab]">&gt;&gt;</a>&nbsp;&nbsp;&nbsp;RCC_APB1PeriphResetCmd
</UL>
<BR>[Called By]<UL><LI><a href="#[dd]">&gt;&gt;</a>&nbsp;&nbsp;&nbsp;InitHardCAN
</UL>

<P><STRONG><a name="[ac]"></a>CAN_FIFO_IRQ</STRONG> (Thumb, 16 bytes, Stack size 8 bytes, bsp_can.o(i.CAN_FIFO_IRQ))
<BR><BR>[Stack]<UL><LI>Max Depth = 40<LI>Call Chain = CAN_FIFO_IRQ &rArr; CAN_FIFO_ToSend &rArr; POP_CAN_FIFO
</UL>
<BR>[Calls]<UL><LI><a href="#[ad]">&gt;&gt;</a>&nbsp;&nbsp;&nbsp;CAN_FIFO_ToSend
</UL>
<BR>[Called By]<UL><LI><a href="#[86]">&gt;&gt;</a>&nbsp;&nbsp;&nbsp;TaskStart()
<LI><a href="#[104]">&gt;&gt;</a>&nbsp;&nbsp;&nbsp;PUSH_CAN_FIFO
</UL>

<P><STRONG><a name="[ad]"></a>CAN_FIFO_ToSend</STRONG> (Thumb, 386 bytes, Stack size 16 bytes, bsp_can.o(i.CAN_FIFO_ToSend))
<BR><BR>[Stack]<UL><LI>Max Depth = 32<LI>Call Chain = CAN_FIFO_ToSend &rArr; POP_CAN_FIFO
</UL>
<BR>[Calls]<UL><LI><a href="#[ae]">&gt;&gt;</a>&nbsp;&nbsp;&nbsp;POP_CAN_FIFO
<LI><a href="#[b0]">&gt;&gt;</a>&nbsp;&nbsp;&nbsp;MyCAN_TransmitStatus
<LI><a href="#[af]">&gt;&gt;</a>&nbsp;&nbsp;&nbsp;CAN_TransmitForMailbox
</UL>
<BR>[Called By]<UL><LI><a href="#[ac]">&gt;&gt;</a>&nbsp;&nbsp;&nbsp;CAN_FIFO_IRQ
</UL>

<P><STRONG><a name="[18c]"></a>CAN_FilterInit</STRONG> (Thumb, 258 bytes, Stack size 8 bytes, stm32f4xx_can.o(i.CAN_FilterInit))
<BR><BR>[Stack]<UL><LI>Max Depth = 8<LI>Call Chain = CAN_FilterInit
</UL>
<BR>[Called By]<UL><LI><a href="#[15d]">&gt;&gt;</a>&nbsp;&nbsp;&nbsp;can_filter_Mask_config
</UL>

<P><STRONG><a name="[a5]"></a>CAN_GetITStatus</STRONG> (Thumb, 284 bytes, Stack size 16 bytes, stm32f4xx_can.o(i.CAN_GetITStatus))
<BR><BR>[Stack]<UL><LI>Max Depth = 16<LI>Call Chain = CAN_GetITStatus
</UL>
<BR>[Calls]<UL><LI><a href="#[b1]">&gt;&gt;</a>&nbsp;&nbsp;&nbsp;CheckITStatus
</UL>
<BR>[Called By]<UL><LI><a href="#[56]">&gt;&gt;</a>&nbsp;&nbsp;&nbsp;CAN2_RX1_IRQHandler
<LI><a href="#[55]">&gt;&gt;</a>&nbsp;&nbsp;&nbsp;CAN2_RX0_IRQHandler
<LI><a href="#[2a]">&gt;&gt;</a>&nbsp;&nbsp;&nbsp;CAN1_RX1_IRQHandler
<LI><a href="#[29]">&gt;&gt;</a>&nbsp;&nbsp;&nbsp;CAN1_RX0_IRQHandler
</UL>

<P><STRONG><a name="[18d]"></a>CAN_ITConfig</STRONG> (Thumb, 18 bytes, Stack size 0 bytes, stm32f4xx_can.o(i.CAN_ITConfig))
<BR><BR>[Called By]<UL><LI><a href="#[e1]">&gt;&gt;</a>&nbsp;&nbsp;&nbsp;can_nvic_config
</UL>

<P><STRONG><a name="[e0]"></a>CAN_Init</STRONG> (Thumb, 276 bytes, Stack size 12 bytes, stm32f4xx_can.o(i.CAN_Init))
<BR><BR>[Stack]<UL><LI>Max Depth = 12<LI>Call Chain = CAN_Init
</UL>
<BR>[Called By]<UL><LI><a href="#[dd]">&gt;&gt;</a>&nbsp;&nbsp;&nbsp;InitHardCAN
</UL>

<P><STRONG><a name="[a6]"></a>CAN_Receive</STRONG> (Thumb, 240 bytes, Stack size 8 bytes, stm32f4xx_can.o(i.CAN_Receive))
<BR><BR>[Stack]<UL><LI>Max Depth = 8<LI>Call Chain = CAN_Receive
</UL>
<BR>[Called By]<UL><LI><a href="#[56]">&gt;&gt;</a>&nbsp;&nbsp;&nbsp;CAN2_RX1_IRQHandler
<LI><a href="#[55]">&gt;&gt;</a>&nbsp;&nbsp;&nbsp;CAN2_RX0_IRQHandler
<LI><a href="#[2a]">&gt;&gt;</a>&nbsp;&nbsp;&nbsp;CAN1_RX1_IRQHandler
<LI><a href="#[29]">&gt;&gt;</a>&nbsp;&nbsp;&nbsp;CAN1_RX0_IRQHandler
</UL>

<P><STRONG><a name="[e2]"></a>CAN_SlaveStartBank</STRONG> (Thumb, 48 bytes, Stack size 0 bytes, stm32f4xx_can.o(i.CAN_SlaveStartBank))
<BR><BR>[Called By]<UL><LI><a href="#[dd]">&gt;&gt;</a>&nbsp;&nbsp;&nbsp;InitHardCAN
</UL>

<P><STRONG><a name="[100]"></a>CAN_Transmit</STRONG> (Thumb, 294 bytes, Stack size 8 bytes, stm32f4xx_can.o(i.CAN_Transmit))
<BR><BR>[Stack]<UL><LI>Max Depth = 8<LI>Call Chain = CAN_Transmit
</UL>
<BR>[Called By]<UL><LI><a href="#[10f]">&gt;&gt;</a>&nbsp;&nbsp;&nbsp;Send_OverPowerFlag
<LI><a href="#[102]">&gt;&gt;</a>&nbsp;&nbsp;&nbsp;Motor_Power
<LI><a href="#[9]">&gt;&gt;</a>&nbsp;&nbsp;&nbsp;ParaSetting
<LI><a href="#[fd]">&gt;&gt;</a>&nbsp;&nbsp;&nbsp;Motor_CarFrame
</UL>

<P><STRONG><a name="[af]"></a>CAN_TransmitForMailbox</STRONG> (Thumb, 238 bytes, Stack size 8 bytes, bsp_can.o(i.CAN_TransmitForMailbox))
<BR><BR>[Stack]<UL><LI>Max Depth = 8<LI>Call Chain = CAN_TransmitForMailbox
</UL>
<BR>[Called By]<UL><LI><a href="#[ad]">&gt;&gt;</a>&nbsp;&nbsp;&nbsp;CAN_FIFO_ToSend
</UL>

<P><STRONG><a name="[151]"></a>CAN_mailbox_init</STRONG> (Thumb, 56 bytes, Stack size 8 bytes, bsp_can.o(i.CAN_mailbox_init))
<BR><BR>[Stack]<UL><LI>Max Depth = 8<LI>Call Chain = CAN_mailbox_init
</UL>
<BR>[Called By]<UL><LI><a href="#[14f]">&gt;&gt;</a>&nbsp;&nbsp;&nbsp;AppObjCreate()
</UL>

<P><STRONG><a name="[15e]"></a>CAN_receive</STRONG> (Thumb, 74 bytes, Stack size 24 bytes, bsp_can.o(i.CAN_receive))
<BR><BR>[Stack]<UL><LI>Max Depth = 24<LI>Call Chain = CAN_receive
</UL>
<BR>[Called By]<UL><LI><a href="#[77]">&gt;&gt;</a>&nbsp;&nbsp;&nbsp;CAN2_DATA1_Rec()
<LI><a href="#[76]">&gt;&gt;</a>&nbsp;&nbsp;&nbsp;CAN2_DATA0_Rec()
<LI><a href="#[78]">&gt;&gt;</a>&nbsp;&nbsp;&nbsp;CAN1_DATA0_Rec()
</UL>

<P><STRONG><a name="[188]"></a>CanFifoInit</STRONG> (Thumb, 38 bytes, Stack size 0 bytes, bsp_can.o(i.CanFifoInit))
<BR><BR>[Called By]<UL><LI><a href="#[187]">&gt;&gt;</a>&nbsp;&nbsp;&nbsp;bsp_InitCAN
</UL>

<P><STRONG><a name="[b2]"></a>CheckParameter_Operater</STRONG> (Thumb, 166 bytes, Stack size 96 bytes, setparameter.o(i.CheckParameter_Operater))
<BR><BR>[Stack]<UL><LI>Max Depth = 152<LI>Call Chain = CheckParameter_Operater &rArr; u1_printf &rArr; __c89vsprintf
</UL>
<BR>[Calls]<UL><LI><a href="#[b4]">&gt;&gt;</a>&nbsp;&nbsp;&nbsp;u1_printf
<LI><a href="#[b3]">&gt;&gt;</a>&nbsp;&nbsp;&nbsp;__aeabi_f2d
</UL>
<BR>[Called By]<UL><LI><a href="#[8]">&gt;&gt;</a>&nbsp;&nbsp;&nbsp;SetPara_Operater
<LI><a href="#[9]">&gt;&gt;</a>&nbsp;&nbsp;&nbsp;ParaSetting
</UL>

<P><STRONG><a name="[b5]"></a>CheckParameter_User</STRONG> (Thumb, 196 bytes, Stack size 120 bytes, setparameter.o(i.CheckParameter_User))
<BR><BR>[Stack]<UL><LI>Max Depth = 176<LI>Call Chain = CheckParameter_User &rArr; u1_printf &rArr; __c89vsprintf
</UL>
<BR>[Calls]<UL><LI><a href="#[b4]">&gt;&gt;</a>&nbsp;&nbsp;&nbsp;u1_printf
<LI><a href="#[b3]">&gt;&gt;</a>&nbsp;&nbsp;&nbsp;__aeabi_f2d
</UL>
<BR>[Called By]<UL><LI><a href="#[7]">&gt;&gt;</a>&nbsp;&nbsp;&nbsp;SetPara_KM
<LI><a href="#[6]">&gt;&gt;</a>&nbsp;&nbsp;&nbsp;SetPara_DR
<LI><a href="#[9]">&gt;&gt;</a>&nbsp;&nbsp;&nbsp;ParaSetting
</UL>

<P><STRONG><a name="[23]"></a>DMA1_Stream3_IRQHandler</STRONG> (Thumb, 28 bytes, Stack size 8 bytes, usartframe_stm32.o(i.DMA1_Stream3_IRQHandler))
<BR><BR>[Stack]<UL><LI>Max Depth = 24<LI>Call Chain = DMA1_Stream3_IRQHandler &rArr; DMA_GetITStatus
</UL>
<BR>[Calls]<UL><LI><a href="#[b9]">&gt;&gt;</a>&nbsp;&nbsp;&nbsp;DMA_GetITStatus
<LI><a href="#[ba]">&gt;&gt;</a>&nbsp;&nbsp;&nbsp;DMA_ClearITPendingBit
</UL>
<BR>[Address Reference Count : 1]<UL><LI> startup_stm32f40_41xxx.o(RESET)
</UL>
<P><STRONG><a name="[25]"></a>DMA1_Stream5_IRQHandler</STRONG> (Thumb, 38 bytes, Stack size 8 bytes, bsp_dr16.o(i.DMA1_Stream5_IRQHandler))
<BR><BR>[Stack]<UL><LI>Max Depth = 48<LI>Call Chain = DMA1_Stream5_IRQHandler &rArr; isr_mbx_send &rArr; rt_psq_enq
</UL>
<BR>[Calls]<UL><LI><a href="#[b9]">&gt;&gt;</a>&nbsp;&nbsp;&nbsp;DMA_GetITStatus
<LI><a href="#[ba]">&gt;&gt;</a>&nbsp;&nbsp;&nbsp;DMA_ClearITPendingBit
<LI><a href="#[a7]">&gt;&gt;</a>&nbsp;&nbsp;&nbsp;rt_mbx_check
<LI><a href="#[a8]">&gt;&gt;</a>&nbsp;&nbsp;&nbsp;isr_mbx_send
</UL>
<BR>[Address Reference Count : 1]<UL><LI> startup_stm32f40_41xxx.o(RESET)
</UL>
<P><STRONG><a name="[5b]"></a>DMA2_Stream7_IRQHandler</STRONG> (Thumb, 28 bytes, Stack size 8 bytes, bsp_usart.o(i.DMA2_Stream7_IRQHandler))
<BR><BR>[Stack]<UL><LI>Max Depth = 24<LI>Call Chain = DMA2_Stream7_IRQHandler &rArr; DMA_GetITStatus
</UL>
<BR>[Calls]<UL><LI><a href="#[b9]">&gt;&gt;</a>&nbsp;&nbsp;&nbsp;DMA_GetITStatus
<LI><a href="#[ba]">&gt;&gt;</a>&nbsp;&nbsp;&nbsp;DMA_ClearITPendingBit
</UL>
<BR>[Address Reference Count : 1]<UL><LI> startup_stm32f40_41xxx.o(RESET)
</UL>
<P><STRONG><a name="[ba]"></a>DMA_ClearITPendingBit</STRONG> (Thumb, 38 bytes, Stack size 0 bytes, stm32f4xx_dma.o(i.DMA_ClearITPendingBit))
<BR><BR>[Called By]<UL><LI><a href="#[5b]">&gt;&gt;</a>&nbsp;&nbsp;&nbsp;DMA2_Stream7_IRQHandler
<LI><a href="#[25]">&gt;&gt;</a>&nbsp;&nbsp;&nbsp;DMA1_Stream5_IRQHandler
<LI><a href="#[23]">&gt;&gt;</a>&nbsp;&nbsp;&nbsp;DMA1_Stream3_IRQHandler
</UL>

<P><STRONG><a name="[137]"></a>DMA_Cmd</STRONG> (Thumb, 22 bytes, Stack size 0 bytes, stm32f4xx_dma.o(i.DMA_Cmd))
<BR><BR>[Called By]<UL><LI><a href="#[140]">&gt;&gt;</a>&nbsp;&nbsp;&nbsp;UsartDMA_Init
<LI><a href="#[3a]">&gt;&gt;</a>&nbsp;&nbsp;&nbsp;USART1_IRQHandler
<LI><a href="#[136]">&gt;&gt;</a>&nbsp;&nbsp;&nbsp;USART1_DMA_Send
<LI><a href="#[186]">&gt;&gt;</a>&nbsp;&nbsp;&nbsp;bsp_RC_Init
<LI><a href="#[3c]">&gt;&gt;</a>&nbsp;&nbsp;&nbsp;USART3_IRQHandler
</UL>

<P><STRONG><a name="[142]"></a>DMA_DeInit</STRONG> (Thumb, 324 bytes, Stack size 0 bytes, stm32f4xx_dma.o(i.DMA_DeInit))
<BR><BR>[Called By]<UL><LI><a href="#[140]">&gt;&gt;</a>&nbsp;&nbsp;&nbsp;UsartDMA_Init
<LI><a href="#[186]">&gt;&gt;</a>&nbsp;&nbsp;&nbsp;bsp_RC_Init
</UL>

<P><STRONG><a name="[138]"></a>DMA_GetCmdStatus</STRONG> (Thumb, 20 bytes, Stack size 0 bytes, stm32f4xx_dma.o(i.DMA_GetCmdStatus))
<BR><BR>[Called By]<UL><LI><a href="#[3a]">&gt;&gt;</a>&nbsp;&nbsp;&nbsp;USART1_IRQHandler
<LI><a href="#[136]">&gt;&gt;</a>&nbsp;&nbsp;&nbsp;USART1_DMA_Send
<LI><a href="#[3c]">&gt;&gt;</a>&nbsp;&nbsp;&nbsp;USART3_IRQHandler
</UL>

<P><STRONG><a name="[b9]"></a>DMA_GetITStatus</STRONG> (Thumb, 82 bytes, Stack size 16 bytes, stm32f4xx_dma.o(i.DMA_GetITStatus))
<BR><BR>[Stack]<UL><LI>Max Depth = 16<LI>Call Chain = DMA_GetITStatus
</UL>
<BR>[Called By]<UL><LI><a href="#[5b]">&gt;&gt;</a>&nbsp;&nbsp;&nbsp;DMA2_Stream7_IRQHandler
<LI><a href="#[25]">&gt;&gt;</a>&nbsp;&nbsp;&nbsp;DMA1_Stream5_IRQHandler
<LI><a href="#[23]">&gt;&gt;</a>&nbsp;&nbsp;&nbsp;DMA1_Stream3_IRQHandler
</UL>

<P><STRONG><a name="[144]"></a>DMA_ITConfig</STRONG> (Thumb, 58 bytes, Stack size 8 bytes, stm32f4xx_dma.o(i.DMA_ITConfig))
<BR><BR>[Stack]<UL><LI>Max Depth = 8<LI>Call Chain = DMA_ITConfig
</UL>
<BR>[Called By]<UL><LI><a href="#[140]">&gt;&gt;</a>&nbsp;&nbsp;&nbsp;UsartDMA_Init
<LI><a href="#[186]">&gt;&gt;</a>&nbsp;&nbsp;&nbsp;bsp_RC_Init
</UL>

<P><STRONG><a name="[143]"></a>DMA_Init</STRONG> (Thumb, 82 bytes, Stack size 8 bytes, stm32f4xx_dma.o(i.DMA_Init))
<BR><BR>[Stack]<UL><LI>Max Depth = 8<LI>Call Chain = DMA_Init
</UL>
<BR>[Called By]<UL><LI><a href="#[140]">&gt;&gt;</a>&nbsp;&nbsp;&nbsp;UsartDMA_Init
<LI><a href="#[186]">&gt;&gt;</a>&nbsp;&nbsp;&nbsp;bsp_RC_Init
</UL>

<P><STRONG><a name="[139]"></a>DMA_MemoryTargetConfig</STRONG> (Thumb, 10 bytes, Stack size 0 bytes, stm32f4xx_dma.o(i.DMA_MemoryTargetConfig))
<BR><BR>[Called By]<UL><LI><a href="#[136]">&gt;&gt;</a>&nbsp;&nbsp;&nbsp;USART1_DMA_Send
</UL>

<P><STRONG><a name="[13a]"></a>DMA_SetCurrDataCounter</STRONG> (Thumb, 4 bytes, Stack size 0 bytes, stm32f4xx_dma.o(i.DMA_SetCurrDataCounter))
<BR><BR>[Called By]<UL><LI><a href="#[3a]">&gt;&gt;</a>&nbsp;&nbsp;&nbsp;USART1_IRQHandler
<LI><a href="#[136]">&gt;&gt;</a>&nbsp;&nbsp;&nbsp;USART1_DMA_Send
<LI><a href="#[3c]">&gt;&gt;</a>&nbsp;&nbsp;&nbsp;USART3_IRQHandler
</UL>

<P><STRONG><a name="[150]"></a>DR16_mailbox_init</STRONG> (Thumb, 14 bytes, Stack size 0 bytes, bsp_dr16.o(i.DR16_mailbox_init))
<BR><BR>[Called By]<UL><LI><a href="#[14f]">&gt;&gt;</a>&nbsp;&nbsp;&nbsp;AppObjCreate()
</UL>

<P><STRONG><a name="[155]"></a>DR16_receive</STRONG> (Thumb, 22 bytes, Stack size 16 bytes, bsp_dr16.o(i.DR16_receive))
<BR><BR>[Stack]<UL><LI>Max Depth = 16<LI>Call Chain = DR16_receive
</UL>
<BR>[Called By]<UL><LI><a href="#[75]">&gt;&gt;</a>&nbsp;&nbsp;&nbsp;DR16_DATA_Rec()
</UL>

<P><STRONG><a name="[12]"></a>DebugMon_Handler</STRONG> (Thumb, 2 bytes, Stack size 0 bytes, stm32f4xx_it.o(i.DebugMon_Handler))
<BR>[Address Reference Count : 1]<UL><LI> startup_stm32f40_41xxx.o(RESET)
</UL>
<P><STRONG><a name="[127]"></a>Duoji_Open</STRONG> (Thumb, 12 bytes, Stack size 0 bytes, pwm.o(i.Duoji_Open))
<BR><BR>[Called By]<UL><LI><a href="#[11f]">&gt;&gt;</a>&nbsp;&nbsp;&nbsp;TIM2_PWM_Configuration
</UL>

<P><STRONG><a name="[bf]"></a>ESC_RUN</STRONG> (Thumb, 30 bytes, Stack size 0 bytes, pwm.o(i.ESC_RUN))
<BR><BR>[Called By]<UL><LI><a href="#[be]">&gt;&gt;</a>&nbsp;&nbsp;&nbsp;ESC_Toggle
<LI><a href="#[132]">&gt;&gt;</a>&nbsp;&nbsp;&nbsp;Turnplate_motor_drive
</UL>

<P><STRONG><a name="[bb]"></a>ESC_STOP</STRONG> (Thumb, 26 bytes, Stack size 8 bytes, pwm.o(i.ESC_STOP))
<BR><BR>[Stack]<UL><LI>Max Depth = 40<LI>Call Chain = ESC_STOP &rArr; bsp_LedOn &rArr; __2printf
</UL>
<BR>[Calls]<UL><LI><a href="#[bd]">&gt;&gt;</a>&nbsp;&nbsp;&nbsp;bsp_LedOn
<LI><a href="#[bc]">&gt;&gt;</a>&nbsp;&nbsp;&nbsp;Set_ESC_Flag
</UL>
<BR>[Called By]<UL><LI><a href="#[be]">&gt;&gt;</a>&nbsp;&nbsp;&nbsp;ESC_Toggle
<LI><a href="#[71]">&gt;&gt;</a>&nbsp;&nbsp;&nbsp;DisconnectCheck()
<LI><a href="#[7d]">&gt;&gt;</a>&nbsp;&nbsp;&nbsp;DR16_SxValue()
</UL>

<P><STRONG><a name="[be]"></a>ESC_Toggle</STRONG> (Thumb, 58 bytes, Stack size 8 bytes, pwm.o(i.ESC_Toggle))
<BR><BR>[Stack]<UL><LI>Max Depth = 48<LI>Call Chain = ESC_Toggle &rArr; ESC_STOP &rArr; bsp_LedOn &rArr; __2printf
</UL>
<BR>[Calls]<UL><LI><a href="#[bb]">&gt;&gt;</a>&nbsp;&nbsp;&nbsp;ESC_STOP
<LI><a href="#[bd]">&gt;&gt;</a>&nbsp;&nbsp;&nbsp;bsp_LedOn
<LI><a href="#[c0]">&gt;&gt;</a>&nbsp;&nbsp;&nbsp;bsp_LedOff
<LI><a href="#[bf]">&gt;&gt;</a>&nbsp;&nbsp;&nbsp;ESC_RUN
</UL>
<BR>[Called By]<UL><LI><a href="#[7b]">&gt;&gt;</a>&nbsp;&nbsp;&nbsp;PCData_Aguest()
<LI><a href="#[7d]">&gt;&gt;</a>&nbsp;&nbsp;&nbsp;DR16_SxValue()
</UL>

<P><STRONG><a name="[3d]"></a>EXTI15_10_IRQHandler</STRONG> (Thumb, 2 bytes, Stack size 0 bytes, bsp_exti.o(i.EXTI15_10_IRQHandler))
<BR>[Address Reference Count : 1]<UL><LI> startup_stm32f40_41xxx.o(RESET)
</UL>
<P><STRONG><a name="[2c]"></a>EXTI9_5_IRQHandler</STRONG> (Thumb, 92 bytes, Stack size 8 bytes, bsp_exti.o(i.EXTI9_5_IRQHandler))
<BR><BR>[Stack]<UL><LI>Max Depth = 8<LI>Call Chain = EXTI9_5_IRQHandler
</UL>
<BR>[Calls]<UL><LI><a href="#[c1]">&gt;&gt;</a>&nbsp;&nbsp;&nbsp;EXTI_GetITStatus
<LI><a href="#[c2]">&gt;&gt;</a>&nbsp;&nbsp;&nbsp;EXTI_ClearITPendingBit
<LI><a href="#[c3]">&gt;&gt;</a>&nbsp;&nbsp;&nbsp;EXTI_Cmd
</UL>
<BR>[Address Reference Count : 1]<UL><LI> startup_stm32f40_41xxx.o(RESET)
</UL>
<P><STRONG><a name="[c2]"></a>EXTI_ClearITPendingBit</STRONG> (Thumb, 6 bytes, Stack size 0 bytes, stm32f4xx_exti.o(i.EXTI_ClearITPendingBit))
<BR><BR>[Called By]<UL><LI><a href="#[2c]">&gt;&gt;</a>&nbsp;&nbsp;&nbsp;EXTI9_5_IRQHandler
</UL>

<P><STRONG><a name="[c3]"></a>EXTI_Cmd</STRONG> (Thumb, 38 bytes, Stack size 0 bytes, bsp_exti.o(i.EXTI_Cmd))
<BR><BR>[Called By]<UL><LI><a href="#[2c]">&gt;&gt;</a>&nbsp;&nbsp;&nbsp;EXTI9_5_IRQHandler
</UL>

<P><STRONG><a name="[c1]"></a>EXTI_GetITStatus</STRONG> (Thumb, 20 bytes, Stack size 0 bytes, stm32f4xx_exti.o(i.EXTI_GetITStatus))
<BR><BR>[Called By]<UL><LI><a href="#[2c]">&gt;&gt;</a>&nbsp;&nbsp;&nbsp;EXTI9_5_IRQHandler
</UL>

<P><STRONG><a name="[167]"></a>Encoder_Get_CNT</STRONG> (Thumb, 48 bytes, Stack size 0 bytes, turnplatemotor.o(i.Encoder_Get_CNT))
<BR><BR>[Called By]<UL><LI><a href="#[7c]">&gt;&gt;</a>&nbsp;&nbsp;&nbsp;Turnplate_Aguest()
</UL>

<P><STRONG><a name="[166]"></a>Encoder_Start</STRONG> (Thumb, 10 bytes, Stack size 0 bytes, turnplatemotor.o(i.Encoder_Start))
<BR><BR>[Called By]<UL><LI><a href="#[7c]">&gt;&gt;</a>&nbsp;&nbsp;&nbsp;Turnplate_Aguest()
</UL>

<P><STRONG><a name="[113]"></a>FLASH_DataCacheCmd</STRONG> (Thumb, 30 bytes, Stack size 0 bytes, stm32f4xx_flash.o(i.FLASH_DataCacheCmd))
<BR><BR>[Called By]<UL><LI><a href="#[111]">&gt;&gt;</a>&nbsp;&nbsp;&nbsp;STMFLASH_Write
</UL>

<P><STRONG><a name="[c4]"></a>FLASH_EraseSector</STRONG> (Thumb, 130 bytes, Stack size 16 bytes, stm32f4xx_flash.o(i.FLASH_EraseSector))
<BR><BR>[Stack]<UL><LI>Max Depth = 24<LI>Call Chain = FLASH_EraseSector &rArr; FLASH_WaitForLastOperation
</UL>
<BR>[Calls]<UL><LI><a href="#[c5]">&gt;&gt;</a>&nbsp;&nbsp;&nbsp;FLASH_WaitForLastOperation
</UL>
<BR>[Called By]<UL><LI><a href="#[111]">&gt;&gt;</a>&nbsp;&nbsp;&nbsp;STMFLASH_Write
</UL>

<P><STRONG><a name="[c7]"></a>FLASH_GetStatus</STRONG> (Thumb, 80 bytes, Stack size 0 bytes, stm32f4xx_flash.o(i.FLASH_GetStatus))
<BR><BR>[Called By]<UL><LI><a href="#[c5]">&gt;&gt;</a>&nbsp;&nbsp;&nbsp;FLASH_WaitForLastOperation
</UL>

<P><STRONG><a name="[115]"></a>FLASH_Lock</STRONG> (Thumb, 14 bytes, Stack size 0 bytes, stm32f4xx_flash.o(i.FLASH_Lock))
<BR><BR>[Called By]<UL><LI><a href="#[111]">&gt;&gt;</a>&nbsp;&nbsp;&nbsp;STMFLASH_Write
</UL>

<P><STRONG><a name="[c6]"></a>FLASH_ProgramWord</STRONG> (Thumb, 74 bytes, Stack size 12 bytes, stm32f4xx_flash.o(i.FLASH_ProgramWord))
<BR><BR>[Stack]<UL><LI>Max Depth = 20<LI>Call Chain = FLASH_ProgramWord &rArr; FLASH_WaitForLastOperation
</UL>
<BR>[Calls]<UL><LI><a href="#[c5]">&gt;&gt;</a>&nbsp;&nbsp;&nbsp;FLASH_WaitForLastOperation
</UL>
<BR>[Called By]<UL><LI><a href="#[111]">&gt;&gt;</a>&nbsp;&nbsp;&nbsp;STMFLASH_Write
</UL>

<P><STRONG><a name="[112]"></a>FLASH_Unlock</STRONG> (Thumb, 24 bytes, Stack size 0 bytes, stm32f4xx_flash.o(i.FLASH_Unlock))
<BR><BR>[Called By]<UL><LI><a href="#[111]">&gt;&gt;</a>&nbsp;&nbsp;&nbsp;STMFLASH_Write
</UL>

<P><STRONG><a name="[c5]"></a>FLASH_WaitForLastOperation</STRONG> (Thumb, 34 bytes, Stack size 8 bytes, stm32f4xx_flash.o(i.FLASH_WaitForLastOperation))
<BR><BR>[Stack]<UL><LI>Max Depth = 8<LI>Call Chain = FLASH_WaitForLastOperation
</UL>
<BR>[Calls]<UL><LI><a href="#[c7]">&gt;&gt;</a>&nbsp;&nbsp;&nbsp;FLASH_GetStatus
</UL>
<BR>[Called By]<UL><LI><a href="#[c6]">&gt;&gt;</a>&nbsp;&nbsp;&nbsp;FLASH_ProgramWord
<LI><a href="#[c4]">&gt;&gt;</a>&nbsp;&nbsp;&nbsp;FLASH_EraseSector
</UL>

<P><STRONG><a name="[d6]"></a>GPIO_Init</STRONG> (Thumb, 144 bytes, Stack size 20 bytes, stm32f4xx_gpio.o(i.GPIO_Init))
<BR><BR>[Stack]<UL><LI>Max Depth = 20<LI>Call Chain = GPIO_Init
</UL>
<BR>[Called By]<UL><LI><a href="#[e6]">&gt;&gt;</a>&nbsp;&nbsp;&nbsp;InitHardUart
<LI><a href="#[dd]">&gt;&gt;</a>&nbsp;&nbsp;&nbsp;InitHardCAN
<LI><a href="#[186]">&gt;&gt;</a>&nbsp;&nbsp;&nbsp;bsp_RC_Init
<LI><a href="#[133]">&gt;&gt;</a>&nbsp;&nbsp;&nbsp;Turnplate_motor_cofiguration
<LI><a href="#[130]">&gt;&gt;</a>&nbsp;&nbsp;&nbsp;Turn_PlateMotor_IO_Configuratuion
<LI><a href="#[12d]">&gt;&gt;</a>&nbsp;&nbsp;&nbsp;TIM3_PWM_Configuration
<LI><a href="#[11f]">&gt;&gt;</a>&nbsp;&nbsp;&nbsp;TIM2_PWM_Configuration
<LI><a href="#[f5]">&gt;&gt;</a>&nbsp;&nbsp;&nbsp;Model_Select_Initial
<LI><a href="#[183]">&gt;&gt;</a>&nbsp;&nbsp;&nbsp;bsp_InitLed
<LI><a href="#[d4]">&gt;&gt;</a>&nbsp;&nbsp;&nbsp;IIC_Init
</UL>

<P><STRONG><a name="[df]"></a>GPIO_PinAFConfig</STRONG> (Thumb, 70 bytes, Stack size 20 bytes, stm32f4xx_gpio.o(i.GPIO_PinAFConfig))
<BR><BR>[Stack]<UL><LI>Max Depth = 20<LI>Call Chain = GPIO_PinAFConfig
</UL>
<BR>[Called By]<UL><LI><a href="#[e6]">&gt;&gt;</a>&nbsp;&nbsp;&nbsp;InitHardUart
<LI><a href="#[dd]">&gt;&gt;</a>&nbsp;&nbsp;&nbsp;InitHardCAN
<LI><a href="#[186]">&gt;&gt;</a>&nbsp;&nbsp;&nbsp;bsp_RC_Init
<LI><a href="#[133]">&gt;&gt;</a>&nbsp;&nbsp;&nbsp;Turnplate_motor_cofiguration
<LI><a href="#[12d]">&gt;&gt;</a>&nbsp;&nbsp;&nbsp;TIM3_PWM_Configuration
<LI><a href="#[11f]">&gt;&gt;</a>&nbsp;&nbsp;&nbsp;TIM2_PWM_Configuration
</UL>

<P><STRONG><a name="[116]"></a>GetMotorEncoder</STRONG> (Thumb, 10 bytes, Stack size 8 bytes, os_can2.o(i.GetMotorEncoder))
<BR><BR>[Stack]<UL><LI>Max Depth = 8<LI>Call Chain = GetMotorEncoder
</UL>
<BR>[Called By]<UL><LI><a href="#[8]">&gt;&gt;</a>&nbsp;&nbsp;&nbsp;SetPara_Operater
</UL>

<P><STRONG><a name="[159]"></a>GetParaFlag</STRONG> (Thumb, 6 bytes, Stack size 0 bytes, setparameter.o(i.GetParaFlag))
<BR><BR>[Called By]<UL><LI><a href="#[83]">&gt;&gt;</a>&nbsp;&nbsp;&nbsp;pitchyaw()
<LI><a href="#[7a]">&gt;&gt;</a>&nbsp;&nbsp;&nbsp;CarFrame_Aguest()
<LI><a href="#[7b]">&gt;&gt;</a>&nbsp;&nbsp;&nbsp;PCData_Aguest()
</UL>

<P><STRONG><a name="[c8]"></a>GetParameter_Operater</STRONG> (Thumb, 38 bytes, Stack size 8 bytes, setparameter.o(i.GetParameter_Operater))
<BR><BR>[Stack]<UL><LI>Max Depth = 72<LI>Call Chain = GetParameter_Operater &rArr; SetParameter_Operater &rArr; STMFLASH_Write &rArr; FLASH_EraseSector &rArr; FLASH_WaitForLastOperation
</UL>
<BR>[Calls]<UL><LI><a href="#[c9]">&gt;&gt;</a>&nbsp;&nbsp;&nbsp;STMFLASH_Read
<LI><a href="#[cb]">&gt;&gt;</a>&nbsp;&nbsp;&nbsp;SetParameter_Operater
<LI><a href="#[ca]">&gt;&gt;</a>&nbsp;&nbsp;&nbsp;InitParameter_Operater
</UL>
<BR>[Called By]<UL><LI><a href="#[184]">&gt;&gt;</a>&nbsp;&nbsp;&nbsp;bsp_ParaInit
<LI><a href="#[9]">&gt;&gt;</a>&nbsp;&nbsp;&nbsp;ParaSetting
</UL>

<P><STRONG><a name="[cc]"></a>GetParameter_User</STRONG> (Thumb, 40 bytes, Stack size 8 bytes, setparameter.o(i.GetParameter_User))
<BR><BR>[Stack]<UL><LI>Max Depth = 72<LI>Call Chain = GetParameter_User &rArr; SetParameter_User &rArr; STMFLASH_Write &rArr; FLASH_EraseSector &rArr; FLASH_WaitForLastOperation
</UL>
<BR>[Calls]<UL><LI><a href="#[c9]">&gt;&gt;</a>&nbsp;&nbsp;&nbsp;STMFLASH_Read
<LI><a href="#[ce]">&gt;&gt;</a>&nbsp;&nbsp;&nbsp;SetParameter_User
<LI><a href="#[cd]">&gt;&gt;</a>&nbsp;&nbsp;&nbsp;InitParameter_User
</UL>
<BR>[Called By]<UL><LI><a href="#[184]">&gt;&gt;</a>&nbsp;&nbsp;&nbsp;bsp_ParaInit
<LI><a href="#[9]">&gt;&gt;</a>&nbsp;&nbsp;&nbsp;ParaSetting
</UL>

<P><STRONG><a name="[162]"></a>Get_AxicX</STRONG> (Thumb, 8 bytes, Stack size 0 bytes, os_dr16.o(i.Get_AxicX))
<BR><BR>[Called By]<UL><LI><a href="#[7a]">&gt;&gt;</a>&nbsp;&nbsp;&nbsp;CarFrame_Aguest()
</UL>

<P><STRONG><a name="[161]"></a>Get_AxicY</STRONG> (Thumb, 8 bytes, Stack size 0 bytes, os_dr16.o(i.Get_AxicY))
<BR><BR>[Called By]<UL><LI><a href="#[7a]">&gt;&gt;</a>&nbsp;&nbsp;&nbsp;CarFrame_Aguest()
</UL>

<P><STRONG><a name="[163]"></a>Get_AxicZ</STRONG> (Thumb, 8 bytes, Stack size 0 bytes, os_dr16.o(i.Get_AxicZ))
<BR><BR>[Called By]<UL><LI><a href="#[7a]">&gt;&gt;</a>&nbsp;&nbsp;&nbsp;CarFrame_Aguest()
</UL>

<P><STRONG><a name="[152]"></a>Get_ESC_Flag</STRONG> (Thumb, 6 bytes, Stack size 0 bytes, pwm.o(i.Get_ESC_Flag))
<BR><BR>[Called By]<UL><LI><a href="#[7d]">&gt;&gt;</a>&nbsp;&nbsp;&nbsp;DR16_SxValue()
</UL>

<P><STRONG><a name="[153]"></a>Get_cv_flag</STRONG> (Thumb, 6 bytes, Stack size 0 bytes, os_can1.o(i.Get_cv_flag))
<BR><BR>[Called By]<UL><LI><a href="#[156]">&gt;&gt;</a>&nbsp;&nbsp;&nbsp;os_dr16
<LI><a href="#[7d]">&gt;&gt;</a>&nbsp;&nbsp;&nbsp;DR16_SxValue()
</UL>

<P><STRONG><a name="[d]"></a>HardFault_Handler</STRONG> (Thumb, 38 bytes, Stack size 0 bytes, stm32f4xx_it.o(i.HardFault_Handler))
<BR>[Address Reference Count : 1]<UL><LI> startup_stm32f40_41xxx.o(RESET)
</UL>
<P><STRONG><a name="[cf]"></a>Hardware_Random_Init</STRONG> (Thumb, 18 bytes, Stack size 8 bytes, os_can1.o(i.Hardware_Random_Init))
<BR><BR>[Stack]<UL><LI>Max Depth = 8<LI>Call Chain = Hardware_Random_Init
</UL>
<BR>[Calls]<UL><LI><a href="#[d0]">&gt;&gt;</a>&nbsp;&nbsp;&nbsp;RCC_AHB2PeriphClockCmd
<LI><a href="#[d1]">&gt;&gt;</a>&nbsp;&nbsp;&nbsp;RNG_Cmd
</UL>
<BR>[Called By]<UL><LI><a href="#[181]">&gt;&gt;</a>&nbsp;&nbsp;&nbsp;bsp_Init
</UL>

<P><STRONG><a name="[d2]"></a>IIC_Ack</STRONG> (Thumb, 64 bytes, Stack size 8 bytes, myiic.o(i.IIC_Ack))
<BR><BR>[Stack]<UL><LI>Max Depth = 8<LI>Call Chain = IIC_Ack
</UL>
<BR>[Calls]<UL><LI><a href="#[d3]">&gt;&gt;</a>&nbsp;&nbsp;&nbsp;delay_us_nos
</UL>
<BR>[Called By]<UL><LI><a href="#[d8]">&gt;&gt;</a>&nbsp;&nbsp;&nbsp;IIC_Read_Byte
</UL>

<P><STRONG><a name="[d4]"></a>IIC_Init</STRONG> (Thumb, 62 bytes, Stack size 16 bytes, myiic.o(i.IIC_Init))
<BR><BR>[Stack]<UL><LI>Max Depth = 36<LI>Call Chain = IIC_Init &rArr; GPIO_Init
</UL>
<BR>[Calls]<UL><LI><a href="#[d5]">&gt;&gt;</a>&nbsp;&nbsp;&nbsp;RCC_AHB1PeriphClockCmd
<LI><a href="#[d6]">&gt;&gt;</a>&nbsp;&nbsp;&nbsp;GPIO_Init
</UL>
<BR>[Called By]<UL><LI><a href="#[ed]">&gt;&gt;</a>&nbsp;&nbsp;&nbsp;MPU_Init
</UL>

<P><STRONG><a name="[d7]"></a>IIC_NAck</STRONG> (Thumb, 62 bytes, Stack size 8 bytes, myiic.o(i.IIC_NAck))
<BR><BR>[Stack]<UL><LI>Max Depth = 8<LI>Call Chain = IIC_NAck
</UL>
<BR>[Calls]<UL><LI><a href="#[d3]">&gt;&gt;</a>&nbsp;&nbsp;&nbsp;delay_us_nos
</UL>
<BR>[Called By]<UL><LI><a href="#[d8]">&gt;&gt;</a>&nbsp;&nbsp;&nbsp;IIC_Read_Byte
</UL>

<P><STRONG><a name="[d8]"></a>IIC_Read_Byte</STRONG> (Thumb, 94 bytes, Stack size 16 bytes, myiic.o(i.IIC_Read_Byte))
<BR><BR>[Stack]<UL><LI>Max Depth = 24<LI>Call Chain = IIC_Read_Byte &rArr; IIC_NAck
</UL>
<BR>[Calls]<UL><LI><a href="#[d3]">&gt;&gt;</a>&nbsp;&nbsp;&nbsp;delay_us_nos
<LI><a href="#[d7]">&gt;&gt;</a>&nbsp;&nbsp;&nbsp;IIC_NAck
<LI><a href="#[d2]">&gt;&gt;</a>&nbsp;&nbsp;&nbsp;IIC_Ack
</UL>
<BR>[Called By]<UL><LI><a href="#[ec]">&gt;&gt;</a>&nbsp;&nbsp;&nbsp;MPU_Read_Len
<LI><a href="#[f3]">&gt;&gt;</a>&nbsp;&nbsp;&nbsp;MPU_Read_Byte
</UL>

<P><STRONG><a name="[d9]"></a>IIC_Send_Byte</STRONG> (Thumb, 88 bytes, Stack size 16 bytes, myiic.o(i.IIC_Send_Byte))
<BR><BR>[Stack]<UL><LI>Max Depth = 16<LI>Call Chain = IIC_Send_Byte
</UL>
<BR>[Calls]<UL><LI><a href="#[d3]">&gt;&gt;</a>&nbsp;&nbsp;&nbsp;delay_us_nos
</UL>
<BR>[Called By]<UL><LI><a href="#[ec]">&gt;&gt;</a>&nbsp;&nbsp;&nbsp;MPU_Read_Len
<LI><a href="#[ee]">&gt;&gt;</a>&nbsp;&nbsp;&nbsp;MPU_Write_Byte
<LI><a href="#[f3]">&gt;&gt;</a>&nbsp;&nbsp;&nbsp;MPU_Read_Byte
</UL>

<P><STRONG><a name="[da]"></a>IIC_Start</STRONG> (Thumb, 62 bytes, Stack size 8 bytes, myiic.o(i.IIC_Start))
<BR><BR>[Stack]<UL><LI>Max Depth = 8<LI>Call Chain = IIC_Start
</UL>
<BR>[Calls]<UL><LI><a href="#[d3]">&gt;&gt;</a>&nbsp;&nbsp;&nbsp;delay_us_nos
</UL>
<BR>[Called By]<UL><LI><a href="#[ec]">&gt;&gt;</a>&nbsp;&nbsp;&nbsp;MPU_Read_Len
[...]
<LI><a href="#[19e]">&gt;&gt;</a>&nbsp;&nbsp;&nbsp;rt_put_prio
<LI><a href="#[19f]">&gt;&gt;</a>&nbsp;&nbsp;&nbsp;rt_dispatch
<LI><a href="#[199]">&gt;&gt;</a>&nbsp;&nbsp;&nbsp;rt_block
</UL>
<BR>[Address Reference Count : 2]<UL><LI> bsp_can.o(i.CAN_receive)
<LI> bsp_dr16.o(i.DR16_receive)
</UL>
<P><STRONG><a name="[90]"></a>rt_pop_req</STRONG> (Thumb, 154 bytes, Stack size 16 bytes, rt_system.o(i.rt_pop_req))
<BR><BR>[Stack]<UL><LI>Max Depth = 44<LI>Call Chain = rt_pop_req &rArr; rt_sem_psh &rArr; rt_put_prio
</UL>
<BR>[Calls]<UL><LI><a href="#[19c]">&gt;&gt;</a>&nbsp;&nbsp;&nbsp;rt_switch_req
<LI><a href="#[1a7]">&gt;&gt;</a>&nbsp;&nbsp;&nbsp;rt_sem_psh
<LI><a href="#[1a5]">&gt;&gt;</a>&nbsp;&nbsp;&nbsp;rt_mbx_psh
<LI><a href="#[1a0]">&gt;&gt;</a>&nbsp;&nbsp;&nbsp;rt_put_rdy_first
<LI><a href="#[19b]">&gt;&gt;</a>&nbsp;&nbsp;&nbsp;rt_get_first
<LI><a href="#[1a1]">&gt;&gt;</a>&nbsp;&nbsp;&nbsp;rt_evt_psh
</UL>
<BR>[Called By]<UL><LI><a href="#[13]">&gt;&gt;</a>&nbsp;&nbsp;&nbsp;PendSV_Handler
</UL>

<P><STRONG><a name="[196]"></a>rt_psh_req</STRONG> (Thumb, 24 bytes, Stack size 0 bytes, rt_system.o(i.rt_psh_req))
<BR><BR>[Called By]<UL><LI><a href="#[a8]">&gt;&gt;</a>&nbsp;&nbsp;&nbsp;isr_mbx_send
</UL>

<P><STRONG><a name="[195]"></a>rt_psq_enq</STRONG> (Thumb, 120 bytes, Stack size 24 bytes, rt_list.o(i.rt_psq_enq))
<BR><BR>[Stack]<UL><LI>Max Depth = 24<LI>Call Chain = rt_psq_enq
</UL>
<BR>[Calls]<UL><LI><a href="#[1a6]">&gt;&gt;</a>&nbsp;&nbsp;&nbsp;os_error
</UL>
<BR>[Called By]<UL><LI><a href="#[a8]">&gt;&gt;</a>&nbsp;&nbsp;&nbsp;isr_mbx_send
</UL>

<P><STRONG><a name="[19a]"></a>rt_put_dly</STRONG> (Thumb, 88 bytes, Stack size 16 bytes, rt_list.o(i.rt_put_dly))
<BR><BR>[Stack]<UL><LI>Max Depth = 16<LI>Call Chain = rt_put_dly
</UL>
<BR>[Called By]<UL><LI><a href="#[199]">&gt;&gt;</a>&nbsp;&nbsp;&nbsp;rt_block
</UL>

<P><STRONG><a name="[19e]"></a>rt_put_prio</STRONG> (Thumb, 64 bytes, Stack size 12 bytes, rt_list.o(i.rt_put_prio))
<BR><BR>[Stack]<UL><LI>Max Depth = 12<LI>Call Chain = rt_put_prio
</UL>
<BR>[Called By]<UL><LI><a href="#[6d]">&gt;&gt;</a>&nbsp;&nbsp;&nbsp;rt_mbx_wait
<LI><a href="#[1a7]">&gt;&gt;</a>&nbsp;&nbsp;&nbsp;rt_sem_psh
<LI><a href="#[1a5]">&gt;&gt;</a>&nbsp;&nbsp;&nbsp;rt_mbx_psh
<LI><a href="#[19d]">&gt;&gt;</a>&nbsp;&nbsp;&nbsp;rt_dec_dly
<LI><a href="#[19f]">&gt;&gt;</a>&nbsp;&nbsp;&nbsp;rt_dispatch
<LI><a href="#[1a1]">&gt;&gt;</a>&nbsp;&nbsp;&nbsp;rt_evt_psh
</UL>

<P><STRONG><a name="[1a0]"></a>rt_put_rdy_first</STRONG> (Thumb, 16 bytes, Stack size 0 bytes, rt_list.o(i.rt_put_rdy_first))
<BR><BR>[Called By]<UL><LI><a href="#[91]">&gt;&gt;</a>&nbsp;&nbsp;&nbsp;rt_systick
<LI><a href="#[90]">&gt;&gt;</a>&nbsp;&nbsp;&nbsp;rt_pop_req
<LI><a href="#[19f]">&gt;&gt;</a>&nbsp;&nbsp;&nbsp;rt_dispatch
</UL>

<P><STRONG><a name="[1a2]"></a>rt_rmv_dly</STRONG> (Thumb, 40 bytes, Stack size 0 bytes, rt_list.o(i.rt_rmv_dly))
<BR><BR>[Called By]<UL><LI><a href="#[80]">&gt;&gt;</a>&nbsp;&nbsp;&nbsp;rt_evt_set
<LI><a href="#[6d]">&gt;&gt;</a>&nbsp;&nbsp;&nbsp;rt_mbx_wait
<LI><a href="#[1a7]">&gt;&gt;</a>&nbsp;&nbsp;&nbsp;rt_sem_psh
<LI><a href="#[1a5]">&gt;&gt;</a>&nbsp;&nbsp;&nbsp;rt_mbx_psh
<LI><a href="#[1a1]">&gt;&gt;</a>&nbsp;&nbsp;&nbsp;rt_evt_psh
</UL>

<P><STRONG><a name="[1a7]"></a>rt_sem_psh</STRONG> (Thumb, 50 bytes, Stack size 16 bytes, rt_semaphore.o(i.rt_sem_psh))
<BR><BR>[Stack]<UL><LI>Max Depth = 28<LI>Call Chain = rt_sem_psh &rArr; rt_put_prio
</UL>
<BR>[Calls]<UL><LI><a href="#[19b]">&gt;&gt;</a>&nbsp;&nbsp;&nbsp;rt_get_first
<LI><a href="#[1a2]">&gt;&gt;</a>&nbsp;&nbsp;&nbsp;rt_rmv_dly
<LI><a href="#[19e]">&gt;&gt;</a>&nbsp;&nbsp;&nbsp;rt_put_prio
</UL>
<BR>[Called By]<UL><LI><a href="#[90]">&gt;&gt;</a>&nbsp;&nbsp;&nbsp;rt_pop_req
</UL>

<P><STRONG><a name="[8f]"></a>rt_stk_check</STRONG> (Thumb, 40 bytes, Stack size 8 bytes, rt_system.o(i.rt_stk_check))
<BR><BR>[Stack]<UL><LI>Max Depth = 8<LI>Call Chain = rt_stk_check
</UL>
<BR>[Calls]<UL><LI><a href="#[1a6]">&gt;&gt;</a>&nbsp;&nbsp;&nbsp;os_error
</UL>
<BR>[Called By]<UL><LI><a href="#[13]">&gt;&gt;</a>&nbsp;&nbsp;&nbsp;PendSV_Handler
<LI><a href="#[11]">&gt;&gt;</a>&nbsp;&nbsp;&nbsp;SVC_Handler
</UL>

<P><STRONG><a name="[19c]"></a>rt_switch_req</STRONG> (Thumb, 10 bytes, Stack size 0 bytes, rt_task.o(i.rt_switch_req))
<BR><BR>[Called By]<UL><LI><a href="#[91]">&gt;&gt;</a>&nbsp;&nbsp;&nbsp;rt_systick
<LI><a href="#[90]">&gt;&gt;</a>&nbsp;&nbsp;&nbsp;rt_pop_req
<LI><a href="#[19f]">&gt;&gt;</a>&nbsp;&nbsp;&nbsp;rt_dispatch
<LI><a href="#[199]">&gt;&gt;</a>&nbsp;&nbsp;&nbsp;rt_block
</UL>

<P><STRONG><a name="[87]"></a>rt_sys_init</STRONG> (Thumb, 314 bytes, Stack size 24 bytes, rt_task.o(i.rt_sys_init))
<BR><BR>[Stack]<UL><LI>Max Depth = 88<LI>Call Chain = rt_sys_init &rArr; rt_tsk_create &rArr; rt_init_context &rArr; rt_init_stack
</UL>
<BR>[Calls]<UL><LI><a href="#[72]">&gt;&gt;</a>&nbsp;&nbsp;&nbsp;rt_tsk_create
<LI><a href="#[1aa]">&gt;&gt;</a>&nbsp;&nbsp;&nbsp;rt_init_robin
<LI><a href="#[1a3]">&gt;&gt;</a>&nbsp;&nbsp;&nbsp;rt_init_context
<LI><a href="#[1ab]">&gt;&gt;</a>&nbsp;&nbsp;&nbsp;os_tick_init
<LI><a href="#[1a8]">&gt;&gt;</a>&nbsp;&nbsp;&nbsp;_init_box
<LI><a href="#[1a9]">&gt;&gt;</a>&nbsp;&nbsp;&nbsp;rt_set_PSP
</UL>
<BR>[Address Reference Count : 1]<UL><LI> main.o(i.main)
</UL>
<P><STRONG><a name="[91]"></a>rt_systick</STRONG> (Thumb, 56 bytes, Stack size 8 bytes, rt_system.o(i.rt_systick))
<BR><BR>[Stack]<UL><LI>Max Depth = 28<LI>Call Chain = rt_systick &rArr; rt_dec_dly &rArr; rt_put_prio
</UL>
<BR>[Calls]<UL><LI><a href="#[1ac]">&gt;&gt;</a>&nbsp;&nbsp;&nbsp;rt_chk_robin
<LI><a href="#[1ad]">&gt;&gt;</a>&nbsp;&nbsp;&nbsp;rt_tmr_tick
<LI><a href="#[19c]">&gt;&gt;</a>&nbsp;&nbsp;&nbsp;rt_switch_req
<LI><a href="#[1a0]">&gt;&gt;</a>&nbsp;&nbsp;&nbsp;rt_put_rdy_first
<LI><a href="#[19b]">&gt;&gt;</a>&nbsp;&nbsp;&nbsp;rt_get_first
<LI><a href="#[19d]">&gt;&gt;</a>&nbsp;&nbsp;&nbsp;rt_dec_dly
</UL>
<BR>[Called By]<UL><LI><a href="#[92]">&gt;&gt;</a>&nbsp;&nbsp;&nbsp;OS_Tick_Handler
<LI><a href="#[14]">&gt;&gt;</a>&nbsp;&nbsp;&nbsp;SysTick_Handler
</UL>

<P><STRONG><a name="[7f]"></a>rt_tmr_create</STRONG> (Thumb, 90 bytes, Stack size 32 bytes, rt_timer.o(i.rt_tmr_create))
<BR><BR>[Stack]<UL><LI>Max Depth = 32<LI>Call Chain = rt_tmr_create
</UL>
<BR>[Calls]<UL><LI><a href="#[68]">&gt;&gt;</a>&nbsp;&nbsp;&nbsp;rt_alloc_box
</UL>
<BR>[Address Reference Count : 1]<UL><LI> main.o(i._Z13Boot_Sequencev)
</UL>
<P><STRONG><a name="[1ad]"></a>rt_tmr_tick</STRONG> (Thumb, 66 bytes, Stack size 8 bytes, rt_timer.o(i.rt_tmr_tick))
<BR><BR>[Stack]<UL><LI>Max Depth = 8<LI>Call Chain = rt_tmr_tick
</UL>
<BR>[Calls]<UL><LI><a href="#[1ae]">&gt;&gt;</a>&nbsp;&nbsp;&nbsp;os_tmr_call
<LI><a href="#[69]">&gt;&gt;</a>&nbsp;&nbsp;&nbsp;rt_free_box
</UL>
<BR>[Called By]<UL><LI><a href="#[91]">&gt;&gt;</a>&nbsp;&nbsp;&nbsp;rt_systick
</UL>

<P><STRONG><a name="[72]"></a>rt_tsk_create</STRONG> (Thumb, 92 bytes, Stack size 32 bytes, rt_task.o(i.rt_tsk_create))
<BR><BR>[Stack]<UL><LI>Max Depth = 64<LI>Call Chain = rt_tsk_create &rArr; rt_init_context &rArr; rt_init_stack
</UL>
<BR>[Calls]<UL><LI><a href="#[1a3]">&gt;&gt;</a>&nbsp;&nbsp;&nbsp;rt_init_context
<LI><a href="#[1af]">&gt;&gt;</a>&nbsp;&nbsp;&nbsp;rt_get_TID
<LI><a href="#[68]">&gt;&gt;</a>&nbsp;&nbsp;&nbsp;rt_alloc_box
<LI><a href="#[19f]">&gt;&gt;</a>&nbsp;&nbsp;&nbsp;rt_dispatch
</UL>
<BR>[Called By]<UL><LI><a href="#[87]">&gt;&gt;</a>&nbsp;&nbsp;&nbsp;rt_sys_init
</UL>
<BR>[Address Reference Count : 1]<UL><LI> main.o(i._Z13AppTaskCreatev)
</UL>
<P><STRONG><a name="[13c]"></a>run</STRONG> (Thumb, 622 bytes, Stack size 16 bytes, debugtools.o(i.run))
<BR><BR>[Stack]<UL><LI>Max Depth = 488<LI>Call Chain = run &rArr; function &rArr; str2num &rArr; getnum &rArr; mypow
</UL>
<BR>[Calls]<UL><LI><a href="#[1b0]">&gt;&gt;</a>&nbsp;&nbsp;&nbsp;mystrcmp
<LI><a href="#[191]">&gt;&gt;</a>&nbsp;&nbsp;&nbsp;function
</UL>
<BR>[Called By]<UL><LI><a href="#[3a]">&gt;&gt;</a>&nbsp;&nbsp;&nbsp;USART1_IRQHandler
</UL>

<P><STRONG><a name="[192]"></a>str2num</STRONG> (Thumb, 344 bytes, Stack size 40 bytes, debugtools.o(i.str2num))
<BR><BR>[Stack]<UL><LI>Max Depth = 72<LI>Call Chain = str2num &rArr; getnum &rArr; mypow
</UL>
<BR>[Calls]<UL><LI><a href="#[194]">&gt;&gt;</a>&nbsp;&nbsp;&nbsp;mypow
<LI><a href="#[193]">&gt;&gt;</a>&nbsp;&nbsp;&nbsp;getnum
</UL>
<BR>[Called By]<UL><LI><a href="#[191]">&gt;&gt;</a>&nbsp;&nbsp;&nbsp;function
</UL>

<P><STRONG><a name="[b4]"></a>u1_printf</STRONG> (Thumb, 44 bytes, Stack size 32 bytes, bsp_usart.o(i.u1_printf))
<BR><BR>[Stack]<UL><LI>Max Depth = 56<LI>Call Chain = u1_printf &rArr; __c89vsprintf
</UL>
<BR>[Calls]<UL><LI><a href="#[136]">&gt;&gt;</a>&nbsp;&nbsp;&nbsp;USART1_DMA_Send
<LI><a href="#[1b2]">&gt;&gt;</a>&nbsp;&nbsp;&nbsp;strlen
<LI><a href="#[1b1]">&gt;&gt;</a>&nbsp;&nbsp;&nbsp;__c89vsprintf
</UL>
<BR>[Called By]<UL><LI><a href="#[181]">&gt;&gt;</a>&nbsp;&nbsp;&nbsp;bsp_Init
<LI><a href="#[71]">&gt;&gt;</a>&nbsp;&nbsp;&nbsp;DisconnectCheck()
<LI><a href="#[74]">&gt;&gt;</a>&nbsp;&nbsp;&nbsp;DEBUG_DATA()
<LI><a href="#[104]">&gt;&gt;</a>&nbsp;&nbsp;&nbsp;PUSH_CAN_FIFO
<LI><a href="#[4]">&gt;&gt;</a>&nbsp;&nbsp;&nbsp;ESCSetPara(float, float, float, float, float)
<LI><a href="#[5]">&gt;&gt;</a>&nbsp;&nbsp;&nbsp;SetFuzzy(float, float, float, float)
<LI><a href="#[0]">&gt;&gt;</a>&nbsp;&nbsp;&nbsp;SetPitchPid(float, float, float)
<LI><a href="#[b5]">&gt;&gt;</a>&nbsp;&nbsp;&nbsp;CheckParameter_User
<LI><a href="#[b2]">&gt;&gt;</a>&nbsp;&nbsp;&nbsp;CheckParameter_Operater
</UL>

<P><STRONG><a name="[101]"></a>void bubble_sort&lang;int&rang;(T1*, int)</STRONG> (Thumb, 66 bytes, Stack size 16 bytes, motor.o(t._Z11bubble_sortIiEvPT_i))
<BR><BR>[Stack]<UL><LI>Max Depth = 16<LI>Call Chain = void bubble_sort&lang;int&rang;(T1*, int)
</UL>
<BR>[Called By]<UL><LI><a href="#[fc]">&gt;&gt;</a>&nbsp;&nbsp;&nbsp;Motor_DataScale
</UL>

<P><STRONG><a name="[158]"></a>void bubble_sort&lang;short&rang;(T1*, int)</STRONG> (Thumb, 66 bytes, Stack size 16 bytes, filter.o(t._Z11bubble_sortIsEvPT_i))
<BR><BR>[Stack]<UL><LI>Max Depth = 16<LI>Call Chain = void bubble_sort&lang;short&rang;(T1*, int)
</UL>
<BR>[Called By]<UL><LI><a href="#[10c]">&gt;&gt;</a>&nbsp;&nbsp;&nbsp;Middle_filter(short*, unsigned char*, unsigned char, short)
</UL>

<P><STRONG><a name="[16d]"></a>T1 Constrain&lang;float&rang;(T1, T1, T1)</STRONG> (Thumb, 42 bytes, Stack size 0 bytes, cpid.o(t._Z9ConstrainIfET_S0_S0_S0_))
<BR><BR>[Called By]<UL><LI><a href="#[168]">&gt;&gt;</a>&nbsp;&nbsp;&nbsp;FUZZYSPID::AdjustPID()
<LI><a href="#[165]">&gt;&gt;</a>&nbsp;&nbsp;&nbsp;FUZZYPID::AdjustPID()
<LI><a href="#[135]">&gt;&gt;</a>&nbsp;&nbsp;&nbsp;PIDBase::SetTarget(float)
</UL>
<P>
<H3>
Local Symbols
</H3>
<P><STRONG><a name="[14f]"></a>AppObjCreate()</STRONG> (Thumb, 28 bytes, Stack size 8 bytes, main.o(i._Z12AppObjCreatev))
<BR><BR>[Stack]<UL><LI>Max Depth = 16<LI>Call Chain = AppObjCreate() &rArr; CAN_mailbox_init
</UL>
<BR>[Calls]<UL><LI><a href="#[150]">&gt;&gt;</a>&nbsp;&nbsp;&nbsp;DR16_mailbox_init
<LI><a href="#[151]">&gt;&gt;</a>&nbsp;&nbsp;&nbsp;CAN_mailbox_init
</UL>
<BR>[Called By]<UL><LI><a href="#[86]">&gt;&gt;</a>&nbsp;&nbsp;&nbsp;TaskStart()
</UL>

<P><STRONG><a name="[16c]"></a>AppTaskCreate()</STRONG> (Thumb, 260 bytes, Stack size 0 bytes, main.o(i._Z13AppTaskCreatev))
<BR><BR>[Called By]<UL><LI><a href="#[86]">&gt;&gt;</a>&nbsp;&nbsp;&nbsp;TaskStart()
</UL>

<P><STRONG><a name="[89]"></a>__sti___8_main_cpp_7d6d8351</STRONG> (Thumb, 558 bytes, Stack size 104 bytes, main.o(i.__sti___8_main_cpp_7d6d8351))
<BR><BR>[Stack]<UL><LI>Max Depth = 416<LI>Call Chain = __sti___8_main_cpp_7d6d8351 &rArr; FUZZYSPID::FUZZYSPID(float, float, float, float, float, float, float, float, float, float, float, float, float, float, float, float, float, float, float, float, float, float, float, float, float) &rArr; FUZZYPID::FUZZYPID(float, float, float, float, float, float, float, float, float, float, float, float, float, float, float, float, float, float, float, float, float, float, float, float, float)
</UL>
<BR>[Calls]<UL><LI><a href="#[173]">&gt;&gt;</a>&nbsp;&nbsp;&nbsp;FUZZYPID::FUZZYPID(float, float, float, float, float, float, float, float, float, float, float, float, float, float, float, float, float, float, float, float, float, float, float, float, float)
<LI><a href="#[174]">&gt;&gt;</a>&nbsp;&nbsp;&nbsp;PIDBase::PIDBase(float, float, float, float, float, float, float, float, float, float, float, float, float)
<LI><a href="#[175]">&gt;&gt;</a>&nbsp;&nbsp;&nbsp;FUZZYSPID::FUZZYSPID(float, float, float, float, float, float, float, float, float, float, float, float, float, float, float, float, float, float, float, float, float, float, float, float, float)
</UL>
<BR>[Address Reference Count : 1]<UL><LI> main.o(.init_array)
</UL>
<P><STRONG><a name="[b6]"></a>ConfigTIMNVIC</STRONG> (Thumb, 34 bytes, Stack size 8 bytes, bsp_hardtimer.o(i.ConfigTIMNVIC))
<BR><BR>[Stack]<UL><LI>Max Depth = 24<LI>Call Chain = ConfigTIMNVIC &rArr; NVIC_Init
</UL>
<BR>[Calls]<UL><LI><a href="#[b7]">&gt;&gt;</a>&nbsp;&nbsp;&nbsp;NVIC_Init
</UL>
<BR>[Called By]<UL><LI><a href="#[185]">&gt;&gt;</a>&nbsp;&nbsp;&nbsp;bsp_InitHardTimer
</UL>

<P><STRONG><a name="[b8]"></a>ConfigUartNVIC</STRONG> (Thumb, 32 bytes, Stack size 8 bytes, bsp_usart.o(i.ConfigUartNVIC))
<BR><BR>[Stack]<UL><LI>Max Depth = 24<LI>Call Chain = ConfigUartNVIC &rArr; NVIC_Init
</UL>
<BR>[Calls]<UL><LI><a href="#[b7]">&gt;&gt;</a>&nbsp;&nbsp;&nbsp;NVIC_Init
</UL>
<BR>[Called By]<UL><LI><a href="#[182]">&gt;&gt;</a>&nbsp;&nbsp;&nbsp;bsp_InitUart
</UL>

<P><STRONG><a name="[e6]"></a>InitHardUart</STRONG> (Thumb, 144 bytes, Stack size 32 bytes, bsp_usart.o(i.InitHardUart))
<BR><BR>[Stack]<UL><LI>Max Depth = 100<LI>Call Chain = InitHardUart &rArr; USART_Init &rArr; RCC_GetClocksFreq
</UL>
<BR>[Calls]<UL><LI><a href="#[e8]">&gt;&gt;</a>&nbsp;&nbsp;&nbsp;USART_Init
<LI><a href="#[e9]">&gt;&gt;</a>&nbsp;&nbsp;&nbsp;USART_Cmd
<LI><a href="#[df]">&gt;&gt;</a>&nbsp;&nbsp;&nbsp;GPIO_PinAFConfig
<LI><a href="#[e7]">&gt;&gt;</a>&nbsp;&nbsp;&nbsp;RCC_APB2PeriphClockCmd
<LI><a href="#[d5]">&gt;&gt;</a>&nbsp;&nbsp;&nbsp;RCC_AHB1PeriphClockCmd
<LI><a href="#[d6]">&gt;&gt;</a>&nbsp;&nbsp;&nbsp;GPIO_Init
</UL>
<BR>[Called By]<UL><LI><a href="#[182]">&gt;&gt;</a>&nbsp;&nbsp;&nbsp;bsp_InitUart
</UL>

<P><STRONG><a name="[b1]"></a>CheckITStatus</STRONG> (Thumb, 18 bytes, Stack size 0 bytes, stm32f4xx_can.o(i.CheckITStatus))
<BR><BR>[Called By]<UL><LI><a href="#[a5]">&gt;&gt;</a>&nbsp;&nbsp;&nbsp;CAN_GetITStatus
</UL>

<P><STRONG><a name="[11a]"></a>SetSysClock</STRONG> (Thumb, 220 bytes, Stack size 12 bytes, system_stm32f4xx.o(i.SetSysClock))
<BR><BR>[Stack]<UL><LI>Max Depth = 12<LI>Call Chain = SetSysClock
</UL>
<BR>[Called By]<UL><LI><a href="#[6a]">&gt;&gt;</a>&nbsp;&nbsp;&nbsp;SystemInit
</UL>

<P><STRONG><a name="[1af]"></a>rt_get_TID</STRONG> (Thumb, 32 bytes, Stack size 0 bytes, rt_task.o(i.rt_get_TID))
<BR><BR>[Called By]<UL><LI><a href="#[72]">&gt;&gt;</a>&nbsp;&nbsp;&nbsp;rt_tsk_create
</UL>

<P><STRONG><a name="[1a3]"></a>rt_init_context</STRONG> (Thumb, 72 bytes, Stack size 16 bytes, rt_task.o(i.rt_init_context))
<BR><BR>[Stack]<UL><LI>Max Depth = 32<LI>Call Chain = rt_init_context &rArr; rt_init_stack
</UL>
<BR>[Calls]<UL><LI><a href="#[68]">&gt;&gt;</a>&nbsp;&nbsp;&nbsp;rt_alloc_box
<LI><a href="#[1a4]">&gt;&gt;</a>&nbsp;&nbsp;&nbsp;rt_init_stack
</UL>
<BR>[Called By]<UL><LI><a href="#[72]">&gt;&gt;</a>&nbsp;&nbsp;&nbsp;rt_tsk_create
<LI><a href="#[87]">&gt;&gt;</a>&nbsp;&nbsp;&nbsp;rt_sys_init
</UL>

<P><STRONG><a name="[170]"></a>TRI(float, float, float, float)</STRONG> (Thumb, 76 bytes, Stack size 0 bytes, cpid.o(i._Z3TRIffff))
<BR><BR>[Called By]<UL><LI><a href="#[16e]">&gt;&gt;</a>&nbsp;&nbsp;&nbsp;FUZZYPID::FuzzyPID(float, float)
</UL>

<P><STRONG><a name="[171]"></a>LAD_UP(float, float, float)</STRONG> (Thumb, 50 bytes, Stack size 0 bytes, cpid.o(i._Z6LAD_UPfff))
<BR><BR>[Called By]<UL><LI><a href="#[16e]">&gt;&gt;</a>&nbsp;&nbsp;&nbsp;FUZZYPID::FuzzyPID(float, float)
</UL>

<P><STRONG><a name="[16f]"></a>LAD_DOWN(float, float, float)</STRONG> (Thumb, 50 bytes, Stack size 0 bytes, cpid.o(i._Z8LAD_DOWNfff))
<BR><BR>[Called By]<UL><LI><a href="#[16e]">&gt;&gt;</a>&nbsp;&nbsp;&nbsp;FUZZYPID::FuzzyPID(float, float)
</UL>

<P><STRONG><a name="[8a]"></a>__sti___11_os_can1_cpp_CVPID</STRONG> (Thumb, 292 bytes, Stack size 40 bytes, os_can1.o(i.__sti___11_os_can1_cpp_CVPID))
<BR><BR>[Stack]<UL><LI>Max Depth = 176<LI>Call Chain = __sti___11_os_can1_cpp_CVPID &rArr; FUZZYPID::FUZZYPID(float, float, float, float, float, float, float, float, float, float, float, float, float, float, float, float, float, float, float, float, float, float, float, float, float)
</UL>
<BR>[Calls]<UL><LI><a href="#[173]">&gt;&gt;</a>&nbsp;&nbsp;&nbsp;FUZZYPID::FUZZYPID(float, float, float, float, float, float, float, float, float, float, float, float, float, float, float, float, float, float, float, float, float, float, float, float, float)
</UL>
<BR>[Address Reference Count : 1]<UL><LI> os_can1.o(.init_array)
</UL>
<P><STRONG><a name="[177]"></a>_printf_core</STRONG> (Thumb, 996 bytes, Stack size 104 bytes, printf8.o(i._printf_core), UNUSED)
<BR><BR>[Calls]<UL><LI><a href="#[a1]">&gt;&gt;</a>&nbsp;&nbsp;&nbsp;__aeabi_uldivmod
<LI><a href="#[17c]">&gt;&gt;</a>&nbsp;&nbsp;&nbsp;_printf_pre_padding
<LI><a href="#[17d]">&gt;&gt;</a>&nbsp;&nbsp;&nbsp;_printf_post_padding
</UL>
<BR>[Called By]<UL><LI><a href="#[176]">&gt;&gt;</a>&nbsp;&nbsp;&nbsp;__0printf$8
</UL>

<P><STRONG><a name="[17d]"></a>_printf_post_padding</STRONG> (Thumb, 36 bytes, Stack size 24 bytes, printf8.o(i._printf_post_padding), UNUSED)
<BR><BR>[Called By]<UL><LI><a href="#[177]">&gt;&gt;</a>&nbsp;&nbsp;&nbsp;_printf_core
</UL>

<P><STRONG><a name="[17c]"></a>_printf_pre_padding</STRONG> (Thumb, 46 bytes, Stack size 24 bytes, printf8.o(i._printf_pre_padding), UNUSED)
<BR><BR>[Called By]<UL><LI><a href="#[177]">&gt;&gt;</a>&nbsp;&nbsp;&nbsp;_printf_core
</UL>

<P><STRONG><a name="[17a]"></a>_fp_digits</STRONG> (Thumb, 334 bytes, Stack size 56 bytes, printfa.o(i._fp_digits), UNUSED)
<BR><BR>[Calls]<UL><LI><a href="#[9b]">&gt;&gt;</a>&nbsp;&nbsp;&nbsp;__aeabi_ddiv
<LI><a href="#[94]">&gt;&gt;</a>&nbsp;&nbsp;&nbsp;__aeabi_dadd
<LI><a href="#[a1]">&gt;&gt;</a>&nbsp;&nbsp;&nbsp;__aeabi_uldivmod
<LI><a href="#[a2]">&gt;&gt;</a>&nbsp;&nbsp;&nbsp;__aeabi_dmul
<LI><a href="#[a3]">&gt;&gt;</a>&nbsp;&nbsp;&nbsp;__aeabi_d2ulz
<LI><a href="#[17b]">&gt;&gt;</a>&nbsp;&nbsp;&nbsp;__aeabi_cdrcmple
</UL>
<BR>[Called By]<UL><LI><a href="#[179]">&gt;&gt;</a>&nbsp;&nbsp;&nbsp;_printf_core
</UL>

<P><STRONG><a name="[179]"></a>_printf_core</STRONG> (Thumb, 1744 bytes, Stack size 136 bytes, printfa.o(i._printf_core), UNUSED)
<BR><BR>[Calls]<UL><LI><a href="#[a1]">&gt;&gt;</a>&nbsp;&nbsp;&nbsp;__aeabi_uldivmod
<LI><a href="#[180]">&gt;&gt;</a>&nbsp;&nbsp;&nbsp;__aeabi_uidivmod
<LI><a href="#[17e]">&gt;&gt;</a>&nbsp;&nbsp;&nbsp;_printf_pre_padding
<LI><a href="#[17f]">&gt;&gt;</a>&nbsp;&nbsp;&nbsp;_printf_post_padding
<LI><a href="#[17a]">&gt;&gt;</a>&nbsp;&nbsp;&nbsp;_fp_digits
</UL>
<BR>[Called By]<UL><LI><a href="#[178]">&gt;&gt;</a>&nbsp;&nbsp;&nbsp;__0vsprintf
</UL>

<P><STRONG><a name="[17f]"></a>_printf_post_padding</STRONG> (Thumb, 36 bytes, Stack size 24 bytes, printfa.o(i._printf_post_padding), UNUSED)
<BR><BR>[Called By]<UL><LI><a href="#[179]">&gt;&gt;</a>&nbsp;&nbsp;&nbsp;_printf_core
</UL>

<P><STRONG><a name="[17e]"></a>_printf_pre_padding</STRONG> (Thumb, 46 bytes, Stack size 24 bytes, printfa.o(i._printf_pre_padding), UNUSED)
<BR><BR>[Called By]<UL><LI><a href="#[179]">&gt;&gt;</a>&nbsp;&nbsp;&nbsp;_printf_core
</UL>

<P><STRONG><a name="[85]"></a>_sputc</STRONG> (Thumb, 10 bytes, Stack size 0 bytes, printfa.o(i._sputc))
<BR><BR>[Called By]<UL><LI><a href="#[178]">&gt;&gt;</a>&nbsp;&nbsp;&nbsp;__0vsprintf
</UL>
<BR>[Address Reference Count : 1]<UL><LI> printfa.o(i.__0vsprintf)
</UL><P>
<H3>
Undefined Global Symbols
</H3><HR></body></html>
